Archive member included to satisfy reference by file (symbol)

app/libapp.a(main.c.obj)      (--whole-archive)
zephyr/libzephyr.a(cbprintf_packaged.c.obj)
                              (--whole-archive)
zephyr/libzephyr.a(dec.c.obj)
                              (--whole-archive)
zephyr/libzephyr.a(fdtable.c.obj)
                              (--whole-archive)
zephyr/libzephyr.a(hex.c.obj)
                              (--whole-archive)
zephyr/libzephyr.a(printk.c.obj)
                              (--whole-archive)
zephyr/libzephyr.a(rb.c.obj)  (--whole-archive)
zephyr/libzephyr.a(sem.c.obj)
                              (--whole-archive)
zephyr/libzephyr.a(thread_entry.c.obj)
                              (--whole-archive)
zephyr/libzephyr.a(timeutil.c.obj)
                              (--whole-archive)
zephyr/libzephyr.a(heap.c.obj)
                              (--whole-archive)
zephyr/libzephyr.a(heap-validate.c.obj)
                              (--whole-archive)
zephyr/libzephyr.a(bitarray.c.obj)
                              (--whole-archive)
zephyr/libzephyr.a(multi_heap.c.obj)
                              (--whole-archive)
zephyr/libzephyr.a(onoff.c.obj)
                              (--whole-archive)
zephyr/libzephyr.a(notify.c.obj)
                              (--whole-archive)
zephyr/libzephyr.a(cbprintf_complete.c.obj)
                              (--whole-archive)
zephyr/libzephyr.a(ring_buffer.c.obj)
                              (--whole-archive)
zephyr/libzephyr.a(assert.c.obj)
                              (--whole-archive)
zephyr/libzephyr.a(mpsc_pbuf.c.obj)
                              (--whole-archive)
zephyr/libzephyr.a(reboot.c.obj)
                              (--whole-archive)
zephyr/libzephyr.a(configs.c.obj)
                              (--whole-archive)
zephyr/libzephyr.a(soc_nrf_common.S.obj)
                              (--whole-archive)
zephyr/libzephyr.a(validate_base_addresses.c.obj)
                              (--whole-archive)
zephyr/libzephyr.a(validate_enabled_instances.c.obj)
                              (--whole-archive)
zephyr/libzephyr.a(log_core.c.obj)
                              (--whole-archive)
zephyr/libzephyr.a(log_mgmt.c.obj)
                              (--whole-archive)
zephyr/libzephyr.a(log_cache.c.obj)
                              (--whole-archive)
zephyr/libzephyr.a(log_msg.c.obj)
                              (--whole-archive)
zephyr/libzephyr.a(log_output.c.obj)
                              (--whole-archive)
zephyr/libzephyr.a(log_backend_rtt.c.obj)
                              (--whole-archive)
zephyr/libzephyr.a(tracing_none.c.obj)
                              (--whole-archive)
zephyr/libzephyr.a(usb_device.c.obj)
                              (--whole-archive)
zephyr/libzephyr.a(usb_descriptor.c.obj)
                              (--whole-archive)
zephyr/libzephyr.a(usb_transfer.c.obj)
                              (--whole-archive)
zephyr/libzephyr.a(cdc_acm.c.obj)
                              (--whole-archive)
zephyr/libzephyr.a(usb_work_q.c.obj)
                              (--whole-archive)
zephyr/libzephyr.a(flash_map_partition_manager.c.obj)
                              (--whole-archive)
zephyr/libzephyr.a(nrf_cc3xx_platform_abort_zephyr.c.obj)
                              (--whole-archive)
zephyr/libzephyr.a(nrf_cc3xx_platform_mutex_zephyr.c.obj)
                              (--whole-archive)
zephyr/arch/common/libarch__common.a(sw_isr_common.c.obj)
                              (--whole-archive)
zephyr/arch/arch/arm/core/aarch32/libarch__arm__core__aarch32.a(cpu_idle.S.obj)
                              (--whole-archive)
zephyr/arch/arch/arm/core/aarch32/libarch__arm__core__aarch32.a(fatal.c.obj)
                              (--whole-archive)
zephyr/arch/arch/arm/core/aarch32/libarch__arm__core__aarch32.a(irq_manage.c.obj)
                              (--whole-archive)
zephyr/arch/arch/arm/core/aarch32/libarch__arm__core__aarch32.a(nmi.c.obj)
                              (--whole-archive)
zephyr/arch/arch/arm/core/aarch32/libarch__arm__core__aarch32.a(nmi_on_reset.S.obj)
                              (--whole-archive)
zephyr/arch/arch/arm/core/aarch32/libarch__arm__core__aarch32.a(prep_c.c.obj)
                              (--whole-archive)
zephyr/arch/arch/arm/core/aarch32/libarch__arm__core__aarch32.a(swap.c.obj)
                              (--whole-archive)
zephyr/arch/arch/arm/core/aarch32/libarch__arm__core__aarch32.a(swap_helper.S.obj)
                              (--whole-archive)
zephyr/arch/arch/arm/core/aarch32/libarch__arm__core__aarch32.a(thread.c.obj)
                              (--whole-archive)
zephyr/arch/arch/arm/core/aarch32/libarch__arm__core__aarch32.a(isr_wrapper.S.obj)
                              (--whole-archive)
zephyr/arch/arch/arm/core/aarch32/libarch__arm__core__aarch32.a(tls.c.obj)
                              (--whole-archive)
[...]
Memory Configuration

Name             Origin             Length             Attributes
FLASH            0x0000000000012200 0x0000000000076e00 xr
RAM              0x0000000020000000 0x0000000000040000 xw
IDT_LIST         0x00000000fffff7ff 0x0000000000000800 xw
*default*        0x0000000000000000 0xffffffffffffffff

Linker script and memory map

                0x000000000001adf4                vfprintf = __i_vfprintf
                0x0000000000000000                vfscanf = __i_vfscanf
LOAD zephyr/CMakeFiles/zephyr_final.dir/misc/empty_file.c.obj
LOAD zephyr/CMakeFiles/zephyr_final.dir/isr_tables.c.obj
LOAD app/libapp.a
LOAD zephyr/libzephyr.a
LOAD zephyr/arch/common/libarch__common.a
LOAD zephyr/arch/arch/arm/core/aarch32/libarch__arm__core__aarch32.a
LOAD zephyr/arch/arch/arm/core/aarch32/cortex_m/libarch__arm__core__aarch32__cortex_m.a
LOAD zephyr/arch/arch/arm/core/aarch32/mpu/libarch__arm__core__aarch32__mpu.a
LOAD zephyr/lib/libc/picolibc/liblib__libc__picolibc.a
LOAD zephyr/lib/libc/common/liblib__libc__common.a
LOAD zephyr/soc/soc/arm/common/cortex_m/libsoc__arm__common__cortex_m.a
LOAD zephyr/soc/soc/arm/nordic_nrf/nrf52/libsoc__arm__nordic_nrf__nrf52.a
LOAD zephyr/drivers/usb/device/libdrivers__usb__device.a
LOAD zephyr/drivers/clock_control/libdrivers__clock_control.a
LOAD zephyr/drivers/hwinfo/libdrivers__hwinfo.a
LOAD zephyr/drivers/pinctrl/libdrivers__pinctrl.a
LOAD zephyr/drivers/serial/libdrivers__serial.a
LOAD zephyr/drivers/timer/libdrivers__timer.a
LOAD modules/nrf/lib/fatal_error/lib..__nrf__lib__fatal_error.a
LOAD modules/nrf/drivers/hw_cc310/lib..__nrf__drivers__hw_cc310.a
LOAD modules/hal_nordic/nrfx/libmodules__hal_nordic__nrfx.a
LOAD modules/segger/libmodules__segger.a
LOAD zephyr/kernel/libkernel.a
LOAD zephyr/CMakeFiles/offsets.dir/./arch/arm/core/offsets/offsets.c.obj
LOAD c:/ncs/toolchains/c57af46cb7/opt/zephyr-sdk/arm-zephyr-eabi/bin/../lib/gcc/arm-zephyr-eabi/12.2.0/thumb/v7e-m/nofp\libgcc.a
LOAD zephyr/arch/common/libisr_tables.a
LOAD C:/Users/petrikas.lu/Desktop/WORK/NRF/Thingy_91/external/nrfxlib/crypto/nrf_cc310_platform/lib/cortex-m4/soft-float/no-interrupts/libnrf_cc310_platform_0.9.18.a
LOAD c:\ncs\toolchains\c57af46cb7\opt\zephyr-sdk\arm-zephyr-eabi\bin\../lib/gcc/../../picolibc/arm-zephyr-eabi/lib/thumb/v7e-m/nofp\libc.a
LOAD c:/ncs/toolchains/c57af46cb7/opt/zephyr-sdk/arm-zephyr-eabi/bin/../lib/gcc/arm-zephyr-eabi/12.2.0/thumb/v7e-m/nofp\libgcc.a
                0x0000000000000020                _region_min_align = 0x20

.rel.plt        0x0000000000012200        0x0
 *(SORT_BY_ALIGNMENT(.rel.plt))
                [!provide]                        PROVIDE (__rel_iplt_start = .)
 *(SORT_BY_ALIGNMENT(.rel.iplt))
 .rel.iplt      0x0000000000012200        0x0 zephyr/CMakeFiles/zephyr_final.dir/isr_tables.c.obj
                [!provide]                        PROVIDE (__rel_iplt_end = .)

.rela.plt       0x0000000000000000        0x0
 *(SORT_BY_ALIGNMENT(.rela.plt))
                [!provide]                        PROVIDE (__rela_iplt_start = .)
 *(SORT_BY_ALIGNMENT(.rela.iplt))
                [!provide]                        PROVIDE (__rela_iplt_end = .)

.rel.dyn
 *(SORT_BY_ALIGNMENT(.rel.*))

.rela.dyn
 *(SORT_BY_ALIGNMENT(.rela.*))

/DISCARD/
 *(SORT_BY_ALIGNMENT(.plt))

/DISCARD/
 *(SORT_BY_ALIGNMENT(.iplt))
                0x0000000000012200                __rom_region_start = 0x12200

rom_start       0x0000000000012200      0x100
                0x0000000000012200                __rom_start_address = .
                0x0000000000012200                . = (. + (0x0 - (. - __rom_start_address)))
                0x0000000000012200                . = ALIGN (0x4)
                0x0000000000012200                . = ALIGN (0x80)
                0x0000000000012200                . = ALIGN (0x100)
                0x0000000000012200                _vector_start = .
 *(SORT_BY_ALIGNMENT(.exc_vector_table))
 *(SORT_BY_ALIGNMENT(.exc_vector_table.*))
 .exc_vector_table._vector_table_section
                0x0000000000012200       0x40 zephyr/arch/arch/arm/core/aarch32/cortex_m/libarch__arm__core__aarch32__cortex_m.a(vector_table.S.obj)
                0x0000000000012200                _vector_table
 *(SORT_BY_ALIGNMENT(.vectors))
                0x0000000000012300                _vector_end = .
                0x0000000000012240                . = ALIGN (0x4)
 *(SORT_BY_ALIGNMENT(.gnu.linkonce.irq_vector_table*))
 .gnu.linkonce.irq_vector_table
                0x0000000000012240       0xc0 zephyr/CMakeFiles/zephyr_final.dir/isr_tables.c.obj
                0x0000000000012240                _irq_vector_table
                0x0000000000012300                _vector_end = .

text            0x0000000000012300     0xb208
                0x0000000000012300                __text_region_start = .
 *(SORT_BY_ALIGNMENT(.text))
 .text          0x0000000000012300       0x30 c:/ncs/toolchains/c57af46cb7/opt/zephyr-sdk/arm-zephyr-eabi/bin/../lib/gcc/arm-zephyr-eabi/12.2.0/thumb/v7e-m/nofp\libgcc.a(_aeabi_uldivmod.o)
                0x0000000000012300                __aeabi_uldivmod
 .text          0x0000000000012330        0x4 c:/ncs/toolchains/c57af46cb7/opt/zephyr-sdk/arm-zephyr-eabi/bin/../lib/gcc/arm-zephyr-eabi/12.2.0/thumb/v7e-m/nofp\libgcc.a(_dvmd_tls.o)
                0x0000000000012330                __aeabi_idiv0
                0x0000000000012330                __aeabi_ldiv0
 .text          0x0000000000012334      0x2a0 c:/ncs/toolchains/c57af46cb7/opt/zephyr-sdk/arm-zephyr-eabi/bin/../lib/gcc/arm-zephyr-eabi/12.2.0/thumb/v7e-m/nofp\libgcc.a(_udivmoddi4.o)
                0x0000000000012334                __udivmoddi4
 .text          0x00000000000125d4       0x10 c:\ncs\toolchains\c57af46cb7\opt\zephyr-sdk\arm-zephyr-eabi\bin\../lib/gcc/../../picolibc/arm-zephyr-eabi/lib/thumb/v7e-m/nofp\libc.a(strlen.S.o)
                0x00000000000125d4                strlen
 *(SORT_BY_ALIGNMENT(.text.*))
 .text.main     0x00000000000125e4       0x4c app/libapp.a(main.c.obj)
                0x00000000000125e4                main
 .text.cbvprintf_package
                0x0000000000012630      0x3a4 zephyr/libzephyr.a(cbprintf_packaged.c.obj)
                0x0000000000012630                cbvprintf_package
 .text.cbprintf_package_convert
                0x00000000000129d4      0x3b0 zephyr/libzephyr.a(cbprintf_packaged.c.obj)
                0x00000000000129d4                cbprintf_package_convert
 .text.z_thread_entry
                0x0000000000012d84       0x34 zephyr/libzephyr.a(thread_entry.c.obj)
                0x0000000000012d84                z_thread_entry
 .text.process_event
                0x0000000000012db8      0x21c zephyr/libzephyr.a(onoff.c.obj)
 .text.sys_reboot
                0x0000000000012fd4       0x30 zephyr/libzephyr.a(reboot.c.obj)
                0x0000000000012fd4                sys_reboot
 .text.z_arm_platform_init
                0x0000000000013004        0x4 zephyr/libzephyr.a(soc_nrf_common.S.obj)
                0x0000000000013004                z_arm_platform_init
 .text.activate_foreach_backend
                0x0000000000013008       0x64 zephyr/libzephyr.a(log_core.c.obj)
 .text.enable_logger
                0x000000000001306c       0x5c zephyr/libzephyr.a(log_core.c.obj)
 .text.log_process_thread_timer_expiry_fn
                0x00000000000130c8        0xc zephyr/libzephyr.a(log_core.c.obj)
 .text.z_log_init
                0x00000000000130d4       0x90 zephyr/libzephyr.a(log_core.c.obj)
 .text.log_format_func_t_get
                0x0000000000013164        0xc zephyr/libzephyr.a(log_core.c.obj)
                0x0000000000013164                log_format_func_t_get
 .text.log_set_timestamp_func
                0x0000000000013170       0x20 zephyr/libzephyr.a(log_core.c.obj)
                0x0000000000013170                log_set_timestamp_func
 .text.z_log_notify_backend_enabled
                0x0000000000013190       0x1c zephyr/libzephyr.a(log_core.c.obj)
                0x0000000000013190                z_log_notify_backend_enabled
 .text.z_log_dropped
                0x00000000000131ac       0x30 zephyr/libzephyr.a(log_core.c.obj)
                0x00000000000131ac                z_log_dropped
 .text.z_log_dropped_read_and_clear
                0x00000000000131dc       0x20 zephyr/libzephyr.a(log_core.c.obj)
                0x00000000000131dc                z_log_dropped_read_and_clear
 .text.dropped_notify
                0x00000000000131fc       0x30 zephyr/libzephyr.a(log_core.c.obj)
                0x00000000000131fc                dropped_notify
 .text.z_log_msg_init
                0x000000000001322c       0x20 zephyr/libzephyr.a(log_core.c.obj)
                0x000000000001322c                z_log_msg_init
 .text.log_core_init
                0x000000000001324c       0x34 zephyr/libzephyr.a(log_core.c.obj)
                0x000000000001324c                log_core_init
 .text.z_log_msg_alloc
                0x0000000000013280       0x10 zephyr/libzephyr.a(log_core.c.obj)
                0x0000000000013280                z_log_msg_alloc
 .text.z_log_msg_local_claim
                0x0000000000013290        0xc zephyr/libzephyr.a(log_core.c.obj)
                0x0000000000013290                z_log_msg_local_claim
 .text.z_log_msg_free
                0x000000000001329c       0x10 zephyr/libzephyr.a(log_core.c.obj)
                0x000000000001329c                z_log_msg_free
 .text.z_log_msg_pending
                0x00000000000132ac        0xc zephyr/libzephyr.a(log_core.c.obj)
                0x00000000000132ac                z_log_msg_pending
 .text.z_impl_log_process
                0x00000000000132b8       0xbc zephyr/libzephyr.a(log_core.c.obj)
                0x00000000000132b8                z_impl_log_process
 .text.z_impl_log_panic
                0x0000000000013374       0x44 zephyr/libzephyr.a(log_core.c.obj)
                0x0000000000013374                z_impl_log_panic
 .text.log_process_thread_func
                0x00000000000133b8       0xa4 zephyr/libzephyr.a(log_core.c.obj)
 .text.z_log_msg_post_finalize
                0x000000000001345c       0x78 zephyr/libzephyr.a(log_core.c.obj)
 .text.z_log_msg_commit
                0x00000000000134d4       0x24 zephyr/libzephyr.a(log_core.c.obj)
                0x00000000000134d4                z_log_msg_commit
 .text.log_source_name_get
                0x00000000000134f8       0x1c zephyr/libzephyr.a(log_mgmt.c.obj)
                0x00000000000134f8                log_source_name_get
 .text.log_backend_enable
                0x0000000000013514       0x28 zephyr/libzephyr.a(log_mgmt.c.obj)
                0x0000000000013514                log_backend_enable
 .text.z_impl_z_log_msg_static_create
                0x000000000001353c      0x108 zephyr/libzephyr.a(log_msg.c.obj)
                0x000000000001353c                z_impl_z_log_msg_static_create
 .text.z_impl_z_log_msg_runtime_vcreate
                0x0000000000013644       0x8c zephyr/libzephyr.a(log_msg.c.obj)
                0x0000000000013644                z_impl_z_log_msg_runtime_vcreate
 .text.print_formatted
                0x00000000000136d0       0x24 zephyr/libzephyr.a(log_output.c.obj)
 .text.newline_print
                0x00000000000136f4       0x1c zephyr/libzephyr.a(log_output.c.obj)
 .text.log_output_process
                0x0000000000013710      0x2a8 zephyr/libzephyr.a(log_output.c.obj)
                0x0000000000013710                log_output_process
 .text.log_output_msg_process
                0x00000000000139b8       0x70 zephyr/libzephyr.a(log_output.c.obj)
                0x00000000000139b8                log_output_msg_process
 .text.log_output_dropped_process
                0x0000000000013a28       0x58 zephyr/libzephyr.a(log_output.c.obj)
                0x0000000000013a28                log_output_dropped_process
 .text.log_output_timestamp_freq_set
                0x0000000000013a80       0x2c zephyr/libzephyr.a(log_output.c.obj)
                0x0000000000013a80                log_output_timestamp_freq_set
 .text.log_backend_rtt_init
                0x0000000000013aac       0x1c zephyr/libzephyr.a(log_backend_rtt.c.obj)
 .text.format_set
                0x0000000000013ac8        0xc zephyr/libzephyr.a(log_backend_rtt.c.obj)
 .text.panic    0x0000000000013ad4       0x14 zephyr/libzephyr.a(log_backend_rtt.c.obj)
 .text.dropped  0x0000000000013ae8        0xc zephyr/libzephyr.a(log_backend_rtt.c.obj)
 .text.process  0x0000000000013af4       0x24 zephyr/libzephyr.a(log_backend_rtt.c.obj)
 .text.on_failed_write
                0x0000000000013b18       0x28 zephyr/libzephyr.a(log_backend_rtt.c.obj)
 .text.data_out_drop_mode
                0x0000000000013b40      0x1b4 zephyr/libzephyr.a(log_backend_rtt.c.obj)
 .text.class_handler
                0x0000000000013cf4       0x40 zephyr/libzephyr.a(usb_device.c.obj)
 .text.custom_handler
                0x0000000000013d34       0x60 zephyr/libzephyr.a(usb_device.c.obj)
 .text.vendor_handler
                0x0000000000013d94       0x3c zephyr/libzephyr.a(usb_device.c.obj)
 .text.usb_reset_alt_setting
                0x0000000000013dd0       0x10 zephyr/libzephyr.a(usb_device.c.obj)
 .text.is_ep_valid.part.0
                0x0000000000013de0       0x38 zephyr/libzephyr.a(usb_device.c.obj)
 .text.usb_handle_request.constprop.0
                0x0000000000013e18       0x2c zephyr/libzephyr.a(usb_device.c.obj)
 .text.usb_device_init.part.0
                0x0000000000013e44       0x28 zephyr/libzephyr.a(usb_device.c.obj)
 .text.get_ep_bm_from_addr.part.0
                0x0000000000013e6c       0x2c zephyr/libzephyr.a(usb_device.c.obj)
 .text.disable_endpoint
                0x0000000000013e98       0x80 zephyr/libzephyr.a(usb_device.c.obj)
 .text.forward_status_cb
                0x0000000000013f18       0xb0 zephyr/libzephyr.a(usb_device.c.obj)
 .text.usb_halt_endpoint_req.isra.0
                0x0000000000013fc8       0x9c zephyr/libzephyr.a(usb_device.c.obj)
 .text.set_endpoint
                0x0000000000014064      0x104 zephyr/libzephyr.a(usb_device.c.obj)
 .text.usb_handle_standard_request
                0x0000000000014168      0x2ec zephyr/libzephyr.a(usb_device.c.obj)
 .text.usb_write
                0x0000000000014454       0x64 zephyr/libzephyr.a(usb_device.c.obj)
                0x0000000000014454                usb_write
 .text.usb_data_to_host
                0x00000000000144b8       0x60 zephyr/libzephyr.a(usb_device.c.obj)
 .text.usb_handle_control_transfer
                0x0000000000014518      0x100 zephyr/libzephyr.a(usb_device.c.obj)
 .text.usb_set_config
                0x0000000000014618       0x2c zephyr/libzephyr.a(usb_device.c.obj)
                0x0000000000014618                usb_set_config
 .text.usb_device_init
                0x0000000000014644       0x2c zephyr/libzephyr.a(usb_device.c.obj)
 .text.usb_enable
                0x0000000000014670      0x154 zephyr/libzephyr.a(usb_device.c.obj)
                0x0000000000014670                usb_enable
 .text.usb_update_sn_string_descriptor
                0x00000000000147c4       0x88 zephyr/libzephyr.a(usb_descriptor.c.obj)
                0x00000000000147c4                usb_update_sn_string_descriptor
 .text.usb_get_device_descriptor
                0x000000000001484c      0x270 zephyr/libzephyr.a(usb_descriptor.c.obj)
                0x000000000001484c                usb_get_device_descriptor
 .text.usb_ep_get_transfer
                0x0000000000014abc       0x2c zephyr/libzephyr.a(usb_transfer.c.obj)
 .text.usb_transfer_work
                0x0000000000014ae8      0x158 zephyr/libzephyr.a(usb_transfer.c.obj)
 .text.usb_transfer_ep_callback
                0x0000000000014c40       0x78 zephyr/libzephyr.a(usb_transfer.c.obj)
                0x0000000000014c40                usb_transfer_ep_callback
 .text.usb_transfer
                0x0000000000014cb8      0x144 zephyr/libzephyr.a(usb_transfer.c.obj)
                0x0000000000014cb8                usb_transfer
 .text.usb_cancel_transfer
                0x0000000000014dfc       0x3c zephyr/libzephyr.a(usb_transfer.c.obj)
                0x0000000000014dfc                usb_cancel_transfer
 .text.usb_cancel_transfers
                0x0000000000014e38       0x48 zephyr/libzephyr.a(usb_transfer.c.obj)
                0x0000000000014e38                usb_cancel_transfers
 .text.usb_transfer_init
                0x0000000000014e80       0x34 zephyr/libzephyr.a(usb_transfer.c.obj)
                0x0000000000014e80                usb_transfer_init
 .text.cdc_acm_irq_rx_enable
                0x0000000000014eb4       0x20 zephyr/libzephyr.a(cdc_acm.c.obj)
 .text.cdc_acm_irq_tx_enable
                0x0000000000014ed4       0x20 zephyr/libzephyr.a(cdc_acm.c.obj)
 .text.tx_work_handler
                0x0000000000014ef4       0x5c zephyr/libzephyr.a(cdc_acm.c.obj)
 .text.cdc_acm_reset_port
                0x0000000000014f50       0x3c zephyr/libzephyr.a(cdc_acm.c.obj)
 .text.cdc_acm_write_cb
                0x0000000000014f8c       0x44 zephyr/libzephyr.a(cdc_acm.c.obj)
 .text.cdc_acm_poll_out
                0x0000000000014fd0       0xac zephyr/libzephyr.a(cdc_acm.c.obj)
 .text.cdc_acm_fifo_fill
                0x000000000001507c       0x90 zephyr/libzephyr.a(cdc_acm.c.obj)
 .text.cdc_acm_dev_status_cb.part.0
                0x000000000001510c       0x2c zephyr/libzephyr.a(cdc_acm.c.obj)
 .text.cdc_acm_int_in.part.0
                0x0000000000015138       0x2c zephyr/libzephyr.a(cdc_acm.c.obj)
 .text.cdc_acm_int_in
                0x0000000000015164       0x24 zephyr/libzephyr.a(cdc_acm.c.obj)
 .text.cdc_acm_class_handle_req
                0x0000000000015188       0x90 zephyr/libzephyr.a(cdc_acm.c.obj)
                0x0000000000015188                cdc_acm_class_handle_req
 .text.cdc_acm_read_cb
                0x0000000000015218       0xa4 zephyr/libzephyr.a(cdc_acm.c.obj)
 .text.cdc_acm_dev_status_cb
                0x00000000000152bc      0x11c zephyr/libzephyr.a(cdc_acm.c.obj)
 .text.cdc_acm_init
                0x00000000000153d8       0x48 zephyr/libzephyr.a(cdc_acm.c.obj)
 .text.z_usb_work_q_init
                0x0000000000015420       0x34 zephyr/libzephyr.a(usb_work_q.c.obj)
 .text.nrf_cc3xx_platform_abort_init
                0x0000000000015454        0xc zephyr/libzephyr.a(nrf_cc3xx_platform_abort_zephyr.c.obj)
                0x0000000000015454                nrf_cc3xx_platform_abort_init
 .text.mutex_free_platform
                0x0000000000015460       0x54 zephyr/libzephyr.a(nrf_cc3xx_platform_mutex_zephyr.c.obj)
 .text.mutex_lock_platform
                0x00000000000154b4       0x60 zephyr/libzephyr.a(nrf_cc3xx_platform_mutex_zephyr.c.obj)
 .text.mutex_unlock_platform
                0x0000000000015514       0x58 zephyr/libzephyr.a(nrf_cc3xx_platform_mutex_zephyr.c.obj)
 .text.mutex_init_platform
                0x000000000001556c       0x94 zephyr/libzephyr.a(nrf_cc3xx_platform_mutex_zephyr.c.obj)
 .text.nrf_cc3xx_platform_mutex_init
                0x0000000000015600       0x2c zephyr/libzephyr.a(nrf_cc3xx_platform_mutex_zephyr.c.obj)
                0x0000000000015600                nrf_cc3xx_platform_mutex_init
 .text.z_arm_cpu_idle_init
                0x000000000001562c        0xc zephyr/arch/arch/arm/core/aarch32/libarch__arm__core__aarch32.a(cpu_idle.S.obj)
                0x000000000001562c                z_arm_cpu_idle_init
 .text.arch_cpu_idle
                0x0000000000015638       0x1c zephyr/arch/arch/arm/core/aarch32/libarch__arm__core__aarch32.a(cpu_idle.S.obj)
                0x0000000000015638                arch_cpu_idle
 .text.arch_cpu_atomic_idle
                0x0000000000015654       0x18 zephyr/arch/arch/arm/core/aarch32/libarch__arm__core__aarch32.a(cpu_idle.S.obj)
                0x0000000000015654                arch_cpu_atomic_idle
 .text.z_arm_fatal_error
                0x000000000001566c       0xcc zephyr/arch/arch/arm/core/aarch32/libarch__arm__core__aarch32.a(fatal.c.obj)
                0x000000000001566c                z_arm_fatal_error
 .text.arch_irq_enable
                0x0000000000015738       0x1c zephyr/arch/arch/arm/core/aarch32/libarch__arm__core__aarch32.a(irq_manage.c.obj)
                0x0000000000015738                arch_irq_enable
 .text.arch_irq_disable
                0x0000000000015754       0x28 zephyr/arch/arch/arm/core/aarch32/libarch__arm__core__aarch32.a(irq_manage.c.obj)
                0x0000000000015754                arch_irq_disable
 .text.arch_irq_is_enabled
                0x000000000001577c       0x1c zephyr/arch/arch/arm/core/aarch32/libarch__arm__core__aarch32.a(irq_manage.c.obj)
                0x000000000001577c                arch_irq_is_enabled
 .text.z_arm_irq_priority_set
                0x0000000000015798       0x30 zephyr/arch/arch/arm/core/aarch32/libarch__arm__core__aarch32.a(irq_manage.c.obj)
                0x0000000000015798                z_arm_irq_priority_set
 .text.z_SysNmiOnReset
                0x00000000000157c8        0x8 zephyr/arch/arch/arm/core/aarch32/libarch__arm__core__aarch32.a(nmi_on_reset.S.obj)
                0x00000000000157c8                z_SysNmiOnReset
 .text.z_arm_prep_c
                0x00000000000157d0       0x38 zephyr/arch/arch/arm/core/aarch32/libarch__arm__core__aarch32.a(prep_c.c.obj)
                0x00000000000157d0                z_arm_prep_c
 .text.arch_swap
                0x0000000000015808       0x34 zephyr/arch/arch/arm/core/aarch32/libarch__arm__core__aarch32.a(swap.c.obj)
                0x0000000000015808                arch_swap
 .text.z_arm_pendsv
                0x000000000001583c       0x64 zephyr/arch/arch/arm/core/aarch32/libarch__arm__core__aarch32.a(swap_helper.S.obj)
                0x000000000001583c                z_arm_pendsv
 .text.z_arm_svc
                0x00000000000158a0       0x20 zephyr/arch/arch/arm/core/aarch32/libarch__arm__core__aarch32.a(swap_helper.S.obj)
                0x00000000000158a0                z_arm_svc
 .text.arch_new_thread
                0x00000000000158c0       0x38 zephyr/arch/arch/arm/core/aarch32/libarch__arm__core__aarch32.a(thread.c.obj)
                0x00000000000158c0                arch_new_thread
 .text.z_check_thread_stack_fail
                0x00000000000158f8       0x2c zephyr/arch/arch/arm/core/aarch32/libarch__arm__core__aarch32.a(thread.c.obj)
                0x00000000000158f8                z_check_thread_stack_fail
 .text.arch_switch_to_main_thread
                0x0000000000015924       0x38 zephyr/arch/arch/arm/core/aarch32/libarch__arm__core__aarch32.a(thread.c.obj)
                0x0000000000015924                arch_switch_to_main_thread
 .text._isr_wrapper
                0x000000000001595c       0x28 zephyr/arch/arch/arm/core/aarch32/libarch__arm__core__aarch32.a(isr_wrapper.S.obj)
                0x000000000001595c                _isr_wrapper
 .text.arch_tls_stack_setup
                0x0000000000015984       0x5c zephyr/arch/arch/arm/core/aarch32/libarch__arm__core__aarch32.a(tls.c.obj)
                0x0000000000015984                arch_tls_stack_setup
 .text._HandlerModeExit
                0x00000000000159e0       0x1c zephyr/arch/arch/arm/core/aarch32/cortex_m/libarch__arm__core__aarch32__cortex_m.a(exc_exit.S.obj)
                0x00000000000159e0                z_arm_int_exit
                0x00000000000159e0                z_arm_exc_exit
 .text.bus_fault.constprop.0
                0x00000000000159fc      0x154 zephyr/arch/arch/arm/core/aarch32/cortex_m/libarch__arm__core__aarch32__cortex_m.a(fault.c.obj)
 .text.usage_fault.constprop.0
                0x0000000000015b50      0x104 zephyr/arch/arch/arm/core/aarch32/cortex_m/libarch__arm__core__aarch32__cortex_m.a(fault.c.obj)
 .text.mem_manage_fault
                0x0000000000015c54      0x178 zephyr/arch/arch/arm/core/aarch32/cortex_m/libarch__arm__core__aarch32__cortex_m.a(fault.c.obj)
 .text.z_arm_fault
                0x0000000000015dcc      0x224 zephyr/arch/arch/arm/core/aarch32/cortex_m/libarch__arm__core__aarch32__cortex_m.a(fault.c.obj)
                0x0000000000015dcc                z_arm_fault
 .text.z_arm_fault_init
                0x0000000000015ff0       0x10 zephyr/arch/arch/arm/core/aarch32/cortex_m/libarch__arm__core__aarch32__cortex_m.a(fault.c.obj)
                0x0000000000015ff0                z_arm_fault_init
 .text.__fault  0x0000000000016000       0x14 zephyr/arch/arch/arm/core/aarch32/cortex_m/libarch__arm__core__aarch32__cortex_m.a(fault_s.S.obj)
                0x0000000000016000                z_arm_usage_fault
                0x0000000000016000                z_arm_mpu_fault
                0x0000000000016000                z_arm_exc_spurious
                0x0000000000016000                z_arm_debug_monitor
                0x0000000000016000                z_arm_hard_fault
                0x0000000000016000                z_arm_bus_fault
 .text.z_arm_interrupt_init
                0x0000000000016014       0x18 zephyr/arch/arch/arm/core/aarch32/cortex_m/libarch__arm__core__aarch32__cortex_m.a(irq_init.c.obj)
                0x0000000000016014                z_arm_interrupt_init
 .text._reset_section
                0x000000000001602c       0x54 zephyr/arch/arch/arm/core/aarch32/cortex_m/libarch__arm__core__aarch32__cortex_m.a(reset.S.obj)
                0x000000000001602c                __start
                0x000000000001602c                z_arm_reset
 .text.sys_arch_reboot
                0x0000000000016080       0x24 zephyr/arch/arch/arm/core/aarch32/cortex_m/libarch__arm__core__aarch32__cortex_m.a(scb.c.obj)
                0x0000000000016080                sys_arch_reboot
 .text.z_arm_clear_arm_mpu_config
                0x00000000000160a4       0x24 zephyr/arch/arch/arm/core/aarch32/cortex_m/libarch__arm__core__aarch32__cortex_m.a(scb.c.obj)
                0x00000000000160a4                z_arm_clear_arm_mpu_config
 .text.z_arm_init_arch_hw_at_boot
                0x00000000000160c8       0x64 zephyr/arch/arch/arm/core/aarch32/cortex_m/libarch__arm__core__aarch32__cortex_m.a(scb.c.obj)
                0x00000000000160c8                z_arm_init_arch_hw_at_boot
 .text.z_impl_k_thread_abort
                0x000000000001612c       0x2c zephyr/arch/arch/arm/core/aarch32/cortex_m/libarch__arm__core__aarch32__cortex_m.a(thread_abort.c.obj)
                0x000000000001612c                z_impl_k_thread_abort
 .text.z_arm_configure_static_mpu_regions
                0x0000000000016158       0x18 zephyr/arch/arch/arm/core/aarch32/mpu/libarch__arm__core__aarch32__mpu.a(arm_core_mpu.c.obj)
                0x0000000000016158                z_arm_configure_static_mpu_regions
 .text.z_arm_configure_dynamic_mpu_regions
                0x0000000000016170       0x20 zephyr/arch/arch/arm/core/aarch32/mpu/libarch__arm__core__aarch32__mpu.a(arm_core_mpu.c.obj)
                0x0000000000016170                z_arm_configure_dynamic_mpu_regions
 .text.mpu_configure_regions
                0x0000000000016190       0xcc zephyr/arch/arch/arm/core/aarch32/mpu/libarch__arm__core__aarch32__mpu.a(arm_mpu.c.obj)
 .text.arm_core_mpu_enable
                0x000000000001625c       0x18 zephyr/arch/arch/arm/core/aarch32/mpu/libarch__arm__core__aarch32__mpu.a(arm_mpu.c.obj)
                0x000000000001625c                arm_core_mpu_enable
 .text.arm_core_mpu_disable
                0x0000000000016274       0x14 zephyr/arch/arch/arm/core/aarch32/mpu/libarch__arm__core__aarch32__mpu.a(arm_mpu.c.obj)
                0x0000000000016274                arm_core_mpu_disable
 .text.arm_core_mpu_configure_static_mpu_regions
                0x0000000000016288       0x14 zephyr/arch/arch/arm/core/aarch32/mpu/libarch__arm__core__aarch32__mpu.a(arm_mpu.c.obj)
                0x0000000000016288                arm_core_mpu_configure_static_mpu_regions
 .text.arm_core_mpu_configure_dynamic_mpu_regions
                0x000000000001629c       0x30 zephyr/arch/arch/arm/core/aarch32/mpu/libarch__arm__core__aarch32__mpu.a(arm_mpu.c.obj)
                0x000000000001629c                arm_core_mpu_configure_dynamic_mpu_regions
 .text.z_arm_mpu_init
                0x00000000000162cc       0x60 zephyr/arch/arch/arm/core/aarch32/mpu/libarch__arm__core__aarch32__mpu.a(arm_mpu.c.obj)
                0x00000000000162cc                z_arm_mpu_init
 .text.cbvprintf
                0x000000000001632c       0x38 zephyr/lib/libc/picolibc/liblib__libc__picolibc.a(libc-hooks.c.obj)
                0x000000000001632c                cbvprintf
 .text.__chk_fail
                0x0000000000016364       0x18 zephyr/lib/libc/picolibc/liblib__libc__picolibc.a(libc-hooks.c.obj)
                0x0000000000016364                __chk_fail
 .text.malloc_prepare
                0x000000000001637c       0x24 zephyr/lib/libc/common/liblib__libc__common.a(malloc.c.obj)
 .text.nordicsemi_nrf52_init
                0x00000000000163a0       0x18 zephyr/soc/soc/arm/nordic_nrf/nrf52/libsoc__arm__nordic_nrf__nrf52.a(soc.c.obj)
 .text.arch_busy_wait
                0x00000000000163b8       0x14 zephyr/soc/soc/arm/nordic_nrf/nrf52/libsoc__arm__nordic_nrf__nrf52.a(soc.c.obj)
                0x00000000000163b8                arch_busy_wait
 .text.endpoint_ctx
                0x00000000000163cc       0x60 zephyr/drivers/usb/device/libdrivers__usb__device.a(usb_dc_nrfx.c.obj)
 .text.usbd_work_schedule
                0x000000000001642c       0x10 zephyr/drivers/usb/device/libdrivers__usb__device.a(usb_dc_nrfx.c.obj)
 .text.usbd_evt_put
                0x000000000001643c        0xc zephyr/drivers/usb/device/libdrivers__usb__device.a(usb_dc_nrfx.c.obj)
 .text.usbd_evt_get
                0x0000000000016448       0x10 zephyr/drivers/usb/device/libdrivers__usb__device.a(usb_dc_nrfx.c.obj)
 .text.usb_init
                0x0000000000016458       0x70 zephyr/drivers/usb/device/libdrivers__usb__device.a(usb_dc_nrfx.c.obj)
 .text.hfxo_stop.constprop.0.isra.0
                0x00000000000164c8       0x40 zephyr/drivers/usb/device/libdrivers__usb__device.a(usb_dc_nrfx.c.obj)
 .text.eps_ctx_init
                0x0000000000016508       0x68 zephyr/drivers/usb/device/libdrivers__usb__device.a(usb_dc_nrfx.c.obj)
 .text.usbd_evt_flush
                0x0000000000016570       0x1c zephyr/drivers/usb/device/libdrivers__usb__device.a(usb_dc_nrfx.c.obj)
 .text.usbd_evt_alloc
                0x000000000001658c       0x78 zephyr/drivers/usb/device/libdrivers__usb__device.a(usb_dc_nrfx.c.obj)
 .text.usb_dc_power_event_handler
                0x0000000000016604       0x5c zephyr/drivers/usb/device/libdrivers__usb__device.a(usb_dc_nrfx.c.obj)
 .text.usbd_event_transfer_data
                0x0000000000016660       0xe0 zephyr/drivers/usb/device/libdrivers__usb__device.a(usb_dc_nrfx.c.obj)
 .text.usbd_event_handler
                0x0000000000016740      0x170 zephyr/drivers/usb/device/libdrivers__usb__device.a(usb_dc_nrfx.c.obj)
 .text.usbd_work_handler
                0x00000000000168b0      0x3ac zephyr/drivers/usb/device/libdrivers__usb__device.a(usb_dc_nrfx.c.obj)
 .text.usb_dc_attach
                0x0000000000016c5c       0x64 zephyr/drivers/usb/device/libdrivers__usb__device.a(usb_dc_nrfx.c.obj)
                0x0000000000016c5c                usb_dc_attach
 .text.usb_dc_set_address
                0x0000000000016cc0       0x24 zephyr/drivers/usb/device/libdrivers__usb__device.a(usb_dc_nrfx.c.obj)
                0x0000000000016cc0                usb_dc_set_address
 .text.usb_dc_ep_check_cap
                0x0000000000016ce4       0x64 zephyr/drivers/usb/device/libdrivers__usb__device.a(usb_dc_nrfx.c.obj)
                0x0000000000016ce4                usb_dc_ep_check_cap
 .text.usb_dc_ep_configure
                0x0000000000016d48       0x68 zephyr/drivers/usb/device/libdrivers__usb__device.a(usb_dc_nrfx.c.obj)
                0x0000000000016d48                usb_dc_ep_configure
 .text.usb_dc_ep_set_stall
                0x0000000000016db0       0x74 zephyr/drivers/usb/device/libdrivers__usb__device.a(usb_dc_nrfx.c.obj)
                0x0000000000016db0                usb_dc_ep_set_stall
 .text.usb_dc_ep_clear_stall
                0x0000000000016e24       0x40 zephyr/drivers/usb/device/libdrivers__usb__device.a(usb_dc_nrfx.c.obj)
                0x0000000000016e24                usb_dc_ep_clear_stall
 .text.usb_dc_ep_is_stalled
                0x0000000000016e64       0x38 zephyr/drivers/usb/device/libdrivers__usb__device.a(usb_dc_nrfx.c.obj)
                0x0000000000016e64                usb_dc_ep_is_stalled
 .text.usb_dc_ep_enable
                0x0000000000016e9c       0x54 zephyr/drivers/usb/device/libdrivers__usb__device.a(usb_dc_nrfx.c.obj)
                0x0000000000016e9c                usb_dc_ep_enable
 .text.usb_dc_ep_write
                0x0000000000016ef0      0x144 zephyr/drivers/usb/device/libdrivers__usb__device.a(usb_dc_nrfx.c.obj)
                0x0000000000016ef0                usb_dc_ep_write
 .text.usb_dc_ep_read_wait
                0x0000000000017034       0xcc zephyr/drivers/usb/device/libdrivers__usb__device.a(usb_dc_nrfx.c.obj)
                0x0000000000017034                usb_dc_ep_read_wait
 .text.usb_dc_ep_read_continue
                0x0000000000017100       0xb0 zephyr/drivers/usb/device/libdrivers__usb__device.a(usb_dc_nrfx.c.obj)
                0x0000000000017100                usb_dc_ep_read_continue
 .text.usb_dc_ep_set_callback
                0x00000000000171b0       0x28 zephyr/drivers/usb/device/libdrivers__usb__device.a(usb_dc_nrfx.c.obj)
                0x00000000000171b0                usb_dc_ep_set_callback
 .text.usb_dc_set_status_callback
                0x00000000000171d8        0xc zephyr/drivers/usb/device/libdrivers__usb__device.a(usb_dc_nrfx.c.obj)
                0x00000000000171d8                usb_dc_set_status_callback
 .text.usb_dc_ep_mps
                0x00000000000171e4       0x24 zephyr/drivers/usb/device/libdrivers__usb__device.a(usb_dc_nrfx.c.obj)
                0x00000000000171e4                usb_dc_ep_mps
 .text.onoff_stop
                0x0000000000017208       0x30 zephyr/drivers/clock_control/libdrivers__clock_control.a(clock_control_nrf.c.obj)
 .text.onoff_start
                0x0000000000017238       0x44 zephyr/drivers/clock_control/libdrivers__clock_control.a(clock_control_nrf.c.obj)
 .text.clk_init
                0x000000000001727c       0x58 zephyr/drivers/clock_control/libdrivers__clock_control.a(clock_control_nrf.c.obj)
 .text.clkstarted_handle.constprop.0
                0x00000000000172d4       0x34 zephyr/drivers/clock_control/libdrivers__clock_control.a(clock_control_nrf.c.obj)
 .text.clock_event_handler
                0x0000000000017308       0x1c zephyr/drivers/clock_control/libdrivers__clock_control.a(clock_control_nrf.c.obj)
 .text.generic_hfclk_start
                0x0000000000017324       0x64 zephyr/drivers/clock_control/libdrivers__clock_control.a(clock_control_nrf.c.obj)
 .text.api_blocking_start
                0x0000000000017388       0x34 zephyr/drivers/clock_control/libdrivers__clock_control.a(clock_control_nrf.c.obj)
 .text.generic_hfclk_stop
                0x00000000000173bc       0x34 zephyr/drivers/clock_control/libdrivers__clock_control.a(clock_control_nrf.c.obj)
 .text.z_nrf_clock_control_get_onoff
                0x00000000000173f0       0x10 zephyr/drivers/clock_control/libdrivers__clock_control.a(clock_control_nrf.c.obj)
                0x00000000000173f0                z_nrf_clock_control_get_onoff
 .text.z_nrf_clock_control_lf_on
                0x0000000000017400       0xfc zephyr/drivers/clock_control/libdrivers__clock_control.a(clock_control_nrf.c.obj)
                0x0000000000017400                z_nrf_clock_control_lf_on
 .text.pinctrl_configure_pins
                0x00000000000174fc       0xf4 zephyr/drivers/pinctrl/libdrivers__pinctrl.a(pinctrl_nrf.c.obj)
                0x00000000000174fc                pinctrl_configure_pins
 .text.uarte_nrfx_configure
                0x00000000000175f0      0x168 zephyr/drivers/serial/libdrivers__serial.a(uart_nrfx_uarte.c.obj)
 .text.uarte_instance_init.constprop.0
                0x0000000000017758       0xf0 zephyr/drivers/serial/libdrivers__serial.a(uart_nrfx_uarte.c.obj)
 .text.uarte_nrfx_poll_out
                0x0000000000017848       0x98 zephyr/drivers/serial/libdrivers__serial.a(uart_nrfx_uarte.c.obj)
 .text.compare_int_lock
                0x00000000000178e0       0x48 zephyr/drivers/timer/libdrivers__timer.a(nrf_rtc_timer.c.obj)
 .text.sys_clock_timeout_handler
                0x0000000000017928       0x48 zephyr/drivers/timer/libdrivers__timer.a(nrf_rtc_timer.c.obj)
 .text.compare_int_unlock
                0x0000000000017970       0x5c zephyr/drivers/timer/libdrivers__timer.a(nrf_rtc_timer.c.obj)
 .text.z_nrf_rtc_timer_read
                0x00000000000179cc       0x44 zephyr/drivers/timer/libdrivers__timer.a(nrf_rtc_timer.c.obj)
                0x00000000000179cc                z_nrf_rtc_timer_read
 .text.compare_set
                0x0000000000017a10      0x130 zephyr/drivers/timer/libdrivers__timer.a(nrf_rtc_timer.c.obj)
 .text.sys_clock_driver_init
                0x0000000000017b40       0x90 zephyr/drivers/timer/libdrivers__timer.a(nrf_rtc_timer.c.obj)
 .text.rtc_nrf_isr
                0x0000000000017bd0       0xd4 zephyr/drivers/timer/libdrivers__timer.a(nrf_rtc_timer.c.obj)
                0x0000000000017bd0                rtc_nrf_isr
 .text.sys_clock_set_timeout
                0x0000000000017ca4       0x68 zephyr/drivers/timer/libdrivers__timer.a(nrf_rtc_timer.c.obj)
                0x0000000000017ca4                sys_clock_set_timeout
 .text.sys_clock_elapsed
                0x0000000000017d0c       0x14 zephyr/drivers/timer/libdrivers__timer.a(nrf_rtc_timer.c.obj)
                0x0000000000017d0c                sys_clock_elapsed
 .text.sys_clock_disable
                0x0000000000017d20       0x30 zephyr/drivers/timer/libdrivers__timer.a(nrf_rtc_timer.c.obj)
                0x0000000000017d20                sys_clock_disable
 .text.k_sys_fatal_error_handler
                0x0000000000017d50       0x2c modules/nrf/lib/fatal_error/lib..__nrf__lib__fatal_error.a(fatal_error.c.obj)
                0x0000000000017d50                k_sys_fatal_error_handler
 .text.nrf52_errata_98
                0x0000000000017d7c       0x24 modules/hal_nordic/nrfx/libmodules__hal_nordic__nrfx.a(system_nrf52840.c.obj)
 .text.SystemInit
                0x0000000000017da0      0x154 modules/hal_nordic/nrfx/libmodules__hal_nordic__nrfx.a(system_nrf52840.c.obj)
                0x0000000000017da0                SystemInit
 .text.nrfx_flag32_alloc
                0x0000000000017ef4       0x48 modules/hal_nordic/nrfx/libmodules__hal_nordic__nrfx.a(nrfx_flag32_allocator.c.obj)
                0x0000000000017ef4                nrfx_flag32_alloc
 .text.nrfx_gppi_channels_enable
                0x0000000000017f3c        0xc modules/hal_nordic/nrfx/libmodules__hal_nordic__nrfx.a(nrfx_gppi_ppi.c.obj)
                0x0000000000017f3c                nrfx_gppi_channels_enable
 .text.clock_stop
                0x0000000000017f48       0xc4 modules/hal_nordic/nrfx/libmodules__hal_nordic__nrfx.a(nrfx_clock.c.obj)
 .text.nrfx_clock_init
                0x000000000001800c       0x20 modules/hal_nordic/nrfx/libmodules__hal_nordic__nrfx.a(nrfx_clock.c.obj)
                0x000000000001800c                nrfx_clock_init
 .text.nrfx_clock_enable
                0x000000000001802c       0x24 modules/hal_nordic/nrfx/libmodules__hal_nordic__nrfx.a(nrfx_clock.c.obj)
                0x000000000001802c                nrfx_clock_enable
 .text.nrfx_clock_irq_handler
                0x0000000000018050       0x68 modules/hal_nordic/nrfx/libmodules__hal_nordic__nrfx.a(nrfx_clock.c.obj)
                0x0000000000018050                nrfx_clock_irq_handler
 .text.nrfx_power_init
                0x00000000000180b8       0x74 modules/hal_nordic/nrfx/libmodules__hal_nordic__nrfx.a(nrfx_power.c.obj)
                0x00000000000180b8                nrfx_power_init
 .text.nrfx_power_usbevt_uninit
                0x000000000001812c       0x18 modules/hal_nordic/nrfx/libmodules__hal_nordic__nrfx.a(nrfx_power.c.obj)
                0x000000000001812c                nrfx_power_usbevt_uninit
 .text.nrfx_power_usbevt_init
                0x0000000000018144       0x14 modules/hal_nordic/nrfx/libmodules__hal_nordic__nrfx.a(nrfx_power.c.obj)
                0x0000000000018144                nrfx_power_usbevt_init
 .text.nrfx_power_irq_handler
                0x0000000000018158       0xa0 modules/hal_nordic/nrfx/libmodules__hal_nordic__nrfx.a(nrfx_power.c.obj)
                0x0000000000018158                nrfx_power_irq_handler
 .text.nrfx_ppi_channel_alloc
                0x00000000000181f8        0xc modules/hal_nordic/nrfx/libmodules__hal_nordic__nrfx.a(nrfx_ppi.c.obj)
                0x00000000000181f8                nrfx_ppi_channel_alloc
 .text.nrf52_errata_187
                0x0000000000018204       0x28 modules/hal_nordic/nrfx/libmodules__hal_nordic__nrfx.a(nrfx_usbd.c.obj)
 .text.ep_state_access
                0x000000000001822c       0x1c modules/hal_nordic/nrfx/libmodules__hal_nordic__nrfx.a(nrfx_usbd.c.obj)
 .text.ev_usbreset_handler
                0x0000000000018248       0x2c modules/hal_nordic/nrfx/libmodules__hal_nordic__nrfx.a(nrfx_usbd.c.obj)
 .text.ev_usbevent_handler
                0x0000000000018274       0x74 modules/hal_nordic/nrfx/libmodules__hal_nordic__nrfx.a(nrfx_usbd.c.obj)
 .text.usbd_errata_187_211_begin
                0x00000000000182e8       0x40 modules/hal_nordic/nrfx/libmodules__hal_nordic__nrfx.a(nrfx_usbd.c.obj)
 .text.usbd_errata_187_211_end
                0x0000000000018328       0x40 modules/hal_nordic/nrfx/libmodules__hal_nordic__nrfx.a(nrfx_usbd.c.obj)
 .text.nrfx_usbd_feeder_flash
                0x0000000000018368       0x38 modules/hal_nordic/nrfx/libmodules__hal_nordic__nrfx.a(nrfx_usbd.c.obj)
                0x0000000000018368                nrfx_usbd_feeder_flash
 .text.nrfx_usbd_feeder_flash_zlp
                0x00000000000183a0       0x40 modules/hal_nordic/nrfx/libmodules__hal_nordic__nrfx.a(nrfx_usbd.c.obj)
                0x00000000000183a0                nrfx_usbd_feeder_flash_zlp
 .text.ev_sof_handler
                0x00000000000183e0       0x44 modules/hal_nordic/nrfx/libmodules__hal_nordic__nrfx.a(nrfx_usbd.c.obj)
 .text.atomic_and.constprop.0.isra.0
                0x0000000000018424       0x20 modules/hal_nordic/nrfx/libmodules__hal_nordic__nrfx.a(nrfx_usbd.c.obj)
 .text.usbd_dma_pending_clear
                0x0000000000018444       0x24 modules/hal_nordic/nrfx/libmodules__hal_nordic__nrfx.a(nrfx_usbd.c.obj)
 .text.nrf_usbd_ep0in_dma_handler
                0x0000000000018468       0x2c modules/hal_nordic/nrfx/libmodules__hal_nordic__nrfx.a(nrfx_usbd.c.obj)
 .text.usbd_ep_data_handler
                0x0000000000018494       0x8c modules/hal_nordic/nrfx/libmodules__hal_nordic__nrfx.a(nrfx_usbd.c.obj)
 .text.ev_setup_data_handler
                0x0000000000018520       0x1c modules/hal_nordic/nrfx/libmodules__hal_nordic__nrfx.a(nrfx_usbd.c.obj)
 .text.ev_dma_epout8_handler
                0x000000000001853c       0x40 modules/hal_nordic/nrfx/libmodules__hal_nordic__nrfx.a(nrfx_usbd.c.obj)
 .text.ev_dma_epin8_handler
                0x000000000001857c       0x50 modules/hal_nordic/nrfx/libmodules__hal_nordic__nrfx.a(nrfx_usbd.c.obj)
 .text.nrfx_usbd_uninit
                0x00000000000185cc       0x14 modules/hal_nordic/nrfx/libmodules__hal_nordic__nrfx.a(nrfx_usbd.c.obj)
                0x00000000000185cc                nrfx_usbd_uninit
 .text.nrfx_usbd_enable
                0x00000000000185e0      0x158 modules/hal_nordic/nrfx/libmodules__hal_nordic__nrfx.a(nrfx_usbd.c.obj)
                0x00000000000185e0                nrfx_usbd_enable
 .text.nrfx_usbd_start
                0x0000000000018738       0x3c modules/hal_nordic/nrfx/libmodules__hal_nordic__nrfx.a(nrfx_usbd.c.obj)
                0x0000000000018738                nrfx_usbd_start
 .text.nrfx_usbd_is_enabled
                0x0000000000018774       0x14 modules/hal_nordic/nrfx/libmodules__hal_nordic__nrfx.a(nrfx_usbd.c.obj)
                0x0000000000018774                nrfx_usbd_is_enabled
 .text.nrfx_usbd_suspend
                0x0000000000018788       0x58 modules/hal_nordic/nrfx/libmodules__hal_nordic__nrfx.a(nrfx_usbd.c.obj)
                0x0000000000018788                nrfx_usbd_suspend
 .text.nrfx_usbd_init
                0x00000000000187e0       0x84 modules/hal_nordic/nrfx/libmodules__hal_nordic__nrfx.a(nrfx_usbd.c.obj)
                0x00000000000187e0                nrfx_usbd_init
 .text.nrfx_usbd_ep_transfer
                0x0000000000018864       0xf4 modules/hal_nordic/nrfx/libmodules__hal_nordic__nrfx.a(nrfx_usbd.c.obj)
                0x0000000000018864                nrfx_usbd_ep_transfer
 .text.nrfx_usbd_epout_size_get
                0x0000000000018958       0x28 modules/hal_nordic/nrfx/libmodules__hal_nordic__nrfx.a(nrfx_usbd.c.obj)
                0x0000000000018958                nrfx_usbd_epout_size_get
 .text.usbd_dmareq_process
                0x0000000000018980      0x1c0 modules/hal_nordic/nrfx/libmodules__hal_nordic__nrfx.a(nrfx_usbd.c.obj)
 .text.ev_epdata_handler
                0x0000000000018b40       0x44 modules/hal_nordic/nrfx/libmodules__hal_nordic__nrfx.a(nrfx_usbd.c.obj)
 .text.nrf_usbd_epout_dma_handler
                0x0000000000018b84       0x64 modules/hal_nordic/nrfx/libmodules__hal_nordic__nrfx.a(nrfx_usbd.c.obj)
 .text.nrfx_usbd_ep_stall
                0x0000000000018be8       0x10 modules/hal_nordic/nrfx/libmodules__hal_nordic__nrfx.a(nrfx_usbd.c.obj)
                0x0000000000018be8                nrfx_usbd_ep_stall
 .text.nrfx_usbd_ep_stall_check
                0x0000000000018bf8       0x34 modules/hal_nordic/nrfx/libmodules__hal_nordic__nrfx.a(nrfx_usbd.c.obj)
                0x0000000000018bf8                nrfx_usbd_ep_stall_check
 .text.nrfx_usbd_ep_dtoggle_clear
                0x0000000000018c2c       0x18 modules/hal_nordic/nrfx/libmodules__hal_nordic__nrfx.a(nrfx_usbd.c.obj)
                0x0000000000018c2c                nrfx_usbd_ep_dtoggle_clear
 .text.nrfx_usbd_setup_get
                0x0000000000018c44       0x44 modules/hal_nordic/nrfx/libmodules__hal_nordic__nrfx.a(nrfx_usbd.c.obj)
                0x0000000000018c44                nrfx_usbd_setup_get
 .text.nrfx_usbd_setup_data_clear
                0x0000000000018c88       0x10 modules/hal_nordic/nrfx/libmodules__hal_nordic__nrfx.a(nrfx_usbd.c.obj)
                0x0000000000018c88                nrfx_usbd_setup_data_clear
 .text.ev_dma_epout0_handler
                0x0000000000018c98       0x50 modules/hal_nordic/nrfx/libmodules__hal_nordic__nrfx.a(nrfx_usbd.c.obj)
 .text.nrfx_usbd_setup_clear
                0x0000000000018ce8       0x10 modules/hal_nordic/nrfx/libmodules__hal_nordic__nrfx.a(nrfx_usbd.c.obj)
                0x0000000000018ce8                nrfx_usbd_setup_clear
 .text.nrfx_usbd_setup_stall
                0x0000000000018cf8       0x10 modules/hal_nordic/nrfx/libmodules__hal_nordic__nrfx.a(nrfx_usbd.c.obj)
                0x0000000000018cf8                nrfx_usbd_setup_stall
 .text.nrfx_usbd_last_setup_dir_get
                0x0000000000018d08        0xc modules/hal_nordic/nrfx/libmodules__hal_nordic__nrfx.a(nrfx_usbd.c.obj)
                0x0000000000018d08                nrfx_usbd_last_setup_dir_get
 .text.nrfx_usbd_transfer_out_drop
                0x0000000000018d14       0x54 modules/hal_nordic/nrfx/libmodules__hal_nordic__nrfx.a(nrfx_usbd.c.obj)
                0x0000000000018d14                nrfx_usbd_transfer_out_drop
 .text.usbd_ep_abort
                0x0000000000018d68       0xf4 modules/hal_nordic/nrfx/libmodules__hal_nordic__nrfx.a(nrfx_usbd.c.obj)
 .text.ev_setup_handler
                0x0000000000018e5c       0x68 modules/hal_nordic/nrfx/libmodules__hal_nordic__nrfx.a(nrfx_usbd.c.obj)
 .text.nrfx_usbd_irq_handler
                0x0000000000018ec4       0x7c modules/hal_nordic/nrfx/libmodules__hal_nordic__nrfx.a(nrfx_usbd.c.obj)
                0x0000000000018ec4                nrfx_usbd_irq_handler
 .text.nrfx_usbd_stop
                0x0000000000018f40       0x80 modules/hal_nordic/nrfx/libmodules__hal_nordic__nrfx.a(nrfx_usbd.c.obj)
                0x0000000000018f40                nrfx_usbd_stop
 .text.nrfx_usbd_disable
                0x0000000000018fc0       0x60 modules/hal_nordic/nrfx/libmodules__hal_nordic__nrfx.a(nrfx_usbd.c.obj)
                0x0000000000018fc0                nrfx_usbd_disable
 .text.nrfx_usbd_ep_disable
                0x0000000000019020       0x58 modules/hal_nordic/nrfx/libmodules__hal_nordic__nrfx.a(nrfx_usbd.c.obj)
                0x0000000000019020                nrfx_usbd_ep_disable
 .text.nrfx_usbd_ep_enable
                0x0000000000019078       0xa8 modules/hal_nordic/nrfx/libmodules__hal_nordic__nrfx.a(nrfx_usbd.c.obj)
                0x0000000000019078                nrfx_usbd_ep_enable
 .text.nrfx_usbd_ep_stall_clear
                0x0000000000019120       0x20 modules/hal_nordic/nrfx/libmodules__hal_nordic__nrfx.a(nrfx_usbd.c.obj)
                0x0000000000019120                nrfx_usbd_ep_stall_clear
 .text._DoInit  0x0000000000019140       0x60 modules/segger/libmodules__segger.a(SEGGER_RTT.c.obj)
 .text.SEGGER_RTT_ReadNoLock
                0x00000000000191a0       0x88 modules/segger/libmodules__segger.a(SEGGER_RTT.c.obj)
                0x00000000000191a0                SEGGER_RTT_ReadNoLock
 .text.SEGGER_RTT_WriteSkipNoLock
                0x0000000000019228       0x88 modules/segger/libmodules__segger.a(SEGGER_RTT.c.obj)
                0x0000000000019228                SEGGER_RTT_WriteSkipNoLock
 .text.SEGGER_RTT_WriteNoLock
                0x00000000000192b0       0x58 modules/segger/libmodules__segger.a(SEGGER_RTT.c.obj)
                0x00000000000192b0                SEGGER_RTT_WriteNoLock
 .text.SEGGER_RTT_Write
                0x0000000000019308       0x30 modules/segger/libmodules__segger.a(SEGGER_RTT.c.obj)
                0x0000000000019308                SEGGER_RTT_Write
 .text.SEGGER_RTT_HasDataUp
                0x0000000000019338       0x14 modules/segger/libmodules__segger.a(SEGGER_RTT.c.obj)
                0x0000000000019338                SEGGER_RTT_HasDataUp
 .text.SEGGER_RTT_ConfigUpBuffer
                0x000000000001934c       0x58 modules/segger/libmodules__segger.a(SEGGER_RTT.c.obj)
                0x000000000001934c                SEGGER_RTT_ConfigUpBuffer
 .text.SEGGER_RTT_ConfigDownBuffer
                0x00000000000193a4       0x54 modules/segger/libmodules__segger.a(SEGGER_RTT.c.obj)
                0x00000000000193a4                SEGGER_RTT_ConfigDownBuffer
 .text.zephyr_rtt_mutex_lock
                0x00000000000193f8       0x14 modules/segger/libmodules__segger.a(SEGGER_RTT_zephyr.c.obj)
                0x00000000000193f8                zephyr_rtt_mutex_lock
 .text.zephyr_rtt_mutex_unlock
                0x000000000001940c        0xc modules/segger/libmodules__segger.a(SEGGER_RTT_zephyr.c.obj)
                0x000000000001940c                zephyr_rtt_mutex_unlock
 .text.z_fatal_error
                0x0000000000019418      0x100 zephyr/kernel/libkernel.a(fatal.c.obj)
                0x0000000000019418                z_fatal_error
 .text.z_sys_init_run_level
                0x0000000000019518       0x48 zephyr/kernel/libkernel.a(init.c.obj)
 .text.bg_thread_main
                0x0000000000019560       0x34 zephyr/kernel/libkernel.a(init.c.obj)
 .text.z_bss_zero
                0x0000000000019594       0x18 zephyr/kernel/libkernel.a(init.c.obj)
                0x0000000000019594                z_bss_zero
 .text.z_init_cpu
                0x00000000000195ac       0x8c zephyr/kernel/libkernel.a(init.c.obj)
                0x00000000000195ac                z_init_cpu
 .text.z_cstart
                0x0000000000019638       0xe0 zephyr/kernel/libkernel.a(init.c.obj)
                0x0000000000019638                z_cstart
 .text.init_mem_slab_module
                0x0000000000019718       0x24 zephyr/kernel/libkernel.a(mem_slab.c.obj)
 .text.k_mem_slab_alloc
                0x000000000001973c       0x5c zephyr/kernel/libkernel.a(mem_slab.c.obj)
                0x000000000001973c                k_mem_slab_alloc
 .text.z_setup_new_thread
                0x0000000000019798       0x80 zephyr/kernel/libkernel.a(thread.c.obj)
                0x0000000000019798                z_setup_new_thread
 .text.z_impl_k_thread_create
                0x0000000000019818       0x58 zephyr/kernel/libkernel.a(thread.c.obj)
                0x0000000000019818                z_impl_k_thread_create
 .text.z_init_static_threads
                0x0000000000019870       0xb8 zephyr/kernel/libkernel.a(thread.c.obj)
                0x0000000000019870                z_init_static_threads
 .text.z_impl_k_mutex_lock
                0x0000000000019928       0xf4 zephyr/kernel/libkernel.a(mutex.c.obj)
                0x0000000000019928                z_impl_k_mutex_lock
 .text.z_impl_k_mutex_unlock
                0x0000000000019a1c       0x78 zephyr/kernel/libkernel.a(mutex.c.obj)
                0x0000000000019a1c                z_impl_k_mutex_unlock
 .text.z_impl_k_queue_get
                0x0000000000019a94       0x68 zephyr/kernel/libkernel.a(queue.c.obj)
                0x0000000000019a94                z_impl_k_queue_get
 .text.z_impl_k_sem_give
                0x0000000000019afc       0x48 zephyr/kernel/libkernel.a(sem.c.obj)
                0x0000000000019afc                z_impl_k_sem_give
 .text.z_impl_k_sem_take
                0x0000000000019b44       0x50 zephyr/kernel/libkernel.a(sem.c.obj)
                0x0000000000019b44                z_impl_k_sem_take
 .text.work_queue_main
                0x0000000000019b94      0x138 zephyr/kernel/libkernel.a(work.c.obj)
 .text.submit_to_queue_locked
                0x0000000000019ccc       0xb4 zephyr/kernel/libkernel.a(work.c.obj)
 .text.k_work_queue_start
                0x0000000000019d80       0x70 zephyr/kernel/libkernel.a(work.c.obj)
                0x0000000000019d80                k_work_queue_start
 .text.k_work_schedule_for_queue
                0x0000000000019df0       0x54 zephyr/kernel/libkernel.a(work.c.obj)
                0x0000000000019df0                k_work_schedule_for_queue
 .text.sliceable
                0x0000000000019e44       0x3c zephyr/kernel/libkernel.a(sched.c.obj)
 .text.slice_timeout
                0x0000000000019e80       0x20 zephyr/kernel/libkernel.a(sched.c.obj)
 .text.z_reset_time_slice
                0x0000000000019ea0       0x50 zephyr/kernel/libkernel.a(sched.c.obj)
                0x0000000000019ea0                z_reset_time_slice
 .text.update_cache
                0x0000000000019ef0       0x3c zephyr/kernel/libkernel.a(sched.c.obj)
 .text.move_thread_to_end_of_prio_q
                0x0000000000019f2c       0x74 zephyr/kernel/libkernel.a(sched.c.obj)
 .text.ready_thread
                0x0000000000019fa0       0x68 zephyr/kernel/libkernel.a(sched.c.obj)
 .text.unready_thread
                0x000000000001a008       0x30 zephyr/kernel/libkernel.a(sched.c.obj)
 .text.pend_locked
                0x000000000001a038       0x30 zephyr/kernel/libkernel.a(sched.c.obj)
 .text.z_time_slice
                0x000000000001a068       0x60 zephyr/kernel/libkernel.a(sched.c.obj)
                0x000000000001a068                z_time_slice
 .text.z_pend_curr
                0x000000000001a0c8       0x3c zephyr/kernel/libkernel.a(sched.c.obj)
                0x000000000001a0c8                z_pend_curr
 .text.z_set_prio
                0x000000000001a104       0x8c zephyr/kernel/libkernel.a(sched.c.obj)
                0x000000000001a104                z_set_prio
 .text.z_reschedule
                0x000000000001a190       0x24 zephyr/kernel/libkernel.a(sched.c.obj)
                0x000000000001a190                z_reschedule
 .text.z_sched_start
                0x000000000001a1b4       0x3c zephyr/kernel/libkernel.a(sched.c.obj)
                0x000000000001a1b4                z_sched_start
 .text.z_impl_k_thread_suspend
                0x000000000001a1f0       0x64 zephyr/kernel/libkernel.a(sched.c.obj)
                0x000000000001a1f0                z_impl_k_thread_suspend
 .text.k_sched_lock
                0x000000000001a254       0x28 zephyr/kernel/libkernel.a(sched.c.obj)
                0x000000000001a254                k_sched_lock
 .text.k_sched_unlock
                0x000000000001a27c       0x38 zephyr/kernel/libkernel.a(sched.c.obj)
                0x000000000001a27c                k_sched_unlock
 .text.z_sched_init
                0x000000000001a2b4       0x10 zephyr/kernel/libkernel.a(sched.c.obj)
                0x000000000001a2b4                z_sched_init
 .text.z_impl_k_yield
                0x000000000001a2c4       0x7c zephyr/kernel/libkernel.a(sched.c.obj)
                0x000000000001a2c4                z_impl_k_yield
 .text.z_tick_sleep
                0x000000000001a340       0x88 zephyr/kernel/libkernel.a(sched.c.obj)
 .text.z_impl_k_sleep
                0x000000000001a3c8       0x34 zephyr/kernel/libkernel.a(sched.c.obj)
                0x000000000001a3c8                z_impl_k_sleep
 .text.z_impl_k_usleep
                0x000000000001a3fc       0x34 zephyr/kernel/libkernel.a(sched.c.obj)
                0x000000000001a3fc                z_impl_k_usleep
 .text.z_impl_z_current_get
                0x000000000001a430        0xc zephyr/kernel/libkernel.a(sched.c.obj)
                0x000000000001a430                z_impl_z_current_get
 .text.z_thread_abort
                0x000000000001a43c       0xc0 zephyr/kernel/libkernel.a(sched.c.obj)
                0x000000000001a43c                z_thread_abort
 .text.z_sched_wait
                0x000000000001a4fc       0x24 zephyr/kernel/libkernel.a(sched.c.obj)
                0x000000000001a4fc                z_sched_wait
 .text.z_data_copy
                0x000000000001a520       0x34 zephyr/kernel/libkernel.a(xip.c.obj)
                0x000000000001a520                z_data_copy
 .text.elapsed  0x000000000001a554       0x14 zephyr/kernel/libkernel.a(timeout.c.obj)
 .text.next_timeout
                0x000000000001a568       0x40 zephyr/kernel/libkernel.a(timeout.c.obj)
 .text.remove_timeout
                0x000000000001a5a8       0x38 zephyr/kernel/libkernel.a(timeout.c.obj)
 .text.z_add_timeout
                0x000000000001a5e0       0xec zephyr/kernel/libkernel.a(timeout.c.obj)
                0x000000000001a5e0                z_add_timeout
 .text.sys_clock_announce
                0x000000000001a6cc       0xd4 zephyr/kernel/libkernel.a(timeout.c.obj)
                0x000000000001a6cc                sys_clock_announce
 .text.sys_clock_tick_get
                0x000000000001a7a0       0x34 zephyr/kernel/libkernel.a(timeout.c.obj)
                0x000000000001a7a0                sys_clock_tick_get
 .text.z_timer_expiration_handler
                0x000000000001a7d4       0xe4 zephyr/kernel/libkernel.a(timer.c.obj)
                0x000000000001a7d4                z_timer_expiration_handler
 .text.z_impl_k_timer_start
                0x000000000001a8b8       0x60 zephyr/kernel/libkernel.a(timer.c.obj)
                0x000000000001a8b8                z_impl_k_timer_start
 .text.z_thread_aligned_alloc
                0x000000000001a918       0x40 zephyr/kernel/libkernel.a(mempool.c.obj)
                0x000000000001a918                z_thread_aligned_alloc
 .text.boot_banner
                0x000000000001a958        0xc zephyr/kernel/libkernel.a(banner.c.obj)
                0x000000000001a958                boot_banner
 .text.statics_init
                0x000000000001a964       0x24 zephyr/kernel/libkernel.a(kheap.c.obj)
 .text.k_sys_work_q_init
                0x000000000001a988       0x34 zephyr/kernel/libkernel.a(system_work_q.c.obj)
 .text.nrf_cc3xx_platform_init_no_rng
                0x000000000001a9bc       0x38 C:/Users/petrikas.lu/Desktop/WORK/NRF/Thingy_91/external/nrfxlib/crypto/nrf_cc310_platform/lib/cortex-m4/soft-float/no-interrupts/libnrf_cc310_platform_0.9.18.a(nrf_cc3xx_platform.c.obj)
                0x000000000001a9bc                nrf_cc3xx_platform_init_no_rng
 .text.nrf_cc3xx_platform_abort
                0x000000000001a9f4       0x24 C:/Users/petrikas.lu/Desktop/WORK/NRF/Thingy_91/external/nrfxlib/crypto/nrf_cc310_platform/lib/cortex-m4/soft-float/no-interrupts/libnrf_cc310_platform_0.9.18.a(nrf_cc3xx_platform_abort.c.obj)
 .text.CC_PalAbort
                0x000000000001aa18       0x34 C:/Users/petrikas.lu/Desktop/WORK/NRF/Thingy_91/external/nrfxlib/crypto/nrf_cc310_platform/lib/cortex-m4/soft-float/no-interrupts/libnrf_cc310_platform_0.9.18.a(nrf_cc3xx_platform_abort.c.obj)
                0x000000000001aa18                CC_PalAbort
 .text.nrf_cc3xx_platform_set_abort
                0x000000000001aa4c       0x10 C:/Users/petrikas.lu/Desktop/WORK/NRF/Thingy_91/external/nrfxlib/crypto/nrf_cc310_platform/lib/cortex-m4/soft-float/no-interrupts/libnrf_cc310_platform_0.9.18.a(nrf_cc3xx_platform_abort.c.obj)
                0x000000000001aa4c                nrf_cc3xx_platform_set_abort
 .text.mutex_free
                0x000000000001aa5c       0x34 C:/Users/petrikas.lu/Desktop/WORK/NRF/Thingy_91/external/nrfxlib/crypto/nrf_cc310_platform/lib/cortex-m4/soft-float/no-interrupts/libnrf_cc310_platform_0.9.18.a(nrf_cc3xx_platform_mutex.c.obj)
 .text.mutex_lock
                0x000000000001aa90       0x48 C:/Users/petrikas.lu/Desktop/WORK/NRF/Thingy_91/external/nrfxlib/crypto/nrf_cc310_platform/lib/cortex-m4/soft-float/no-interrupts/libnrf_cc310_platform_0.9.18.a(nrf_cc3xx_platform_mutex.c.obj)
 .text.mutex_unlock
                0x000000000001aad8       0x38 C:/Users/petrikas.lu/Desktop/WORK/NRF/Thingy_91/external/nrfxlib/crypto/nrf_cc310_platform/lib/cortex-m4/soft-float/no-interrupts/libnrf_cc310_platform_0.9.18.a(nrf_cc3xx_platform_mutex.c.obj)
 .text.mutex_init
                0x000000000001ab10       0x20 C:/Users/petrikas.lu/Desktop/WORK/NRF/Thingy_91/external/nrfxlib/crypto/nrf_cc310_platform/lib/cortex-m4/soft-float/no-interrupts/libnrf_cc310_platform_0.9.18.a(nrf_cc3xx_platform_mutex.c.obj)
 .text.nrf_cc3xx_platform_set_mutexes
                0x000000000001ab30       0x74 C:/Users/petrikas.lu/Desktop/WORK/NRF/Thingy_91/external/nrfxlib/crypto/nrf_cc310_platform/lib/cortex-m4/soft-float/no-interrupts/libnrf_cc310_platform_0.9.18.a(nrf_cc3xx_platform_mutex.c.obj)
                0x000000000001ab30                nrf_cc3xx_platform_set_mutexes
 .text.CC_LibInitNoRng
                0x000000000001aba4       0x64 C:/Users/petrikas.lu/Desktop/WORK/NRF/Thingy_91/external/nrfxlib/crypto/nrf_cc310_platform/lib/cortex-m4/soft-float/no-interrupts/libnrf_cc310_platform_0.9.18.a(cc_lib.c.obj)
                0x000000000001aba4                CC_LibInitNoRng
 .text.CC_HalInit
                0x000000000001ac08        0x4 C:/Users/petrikas.lu/Desktop/WORK/NRF/Thingy_91/external/nrfxlib/crypto/nrf_cc310_platform/lib/cortex-m4/soft-float/no-interrupts/libnrf_cc310_platform_0.9.18.a(cc_hal.c.obj)
                0x000000000001ac08                CC_HalInit
 .text.CC_HalTerminate
                0x000000000001ac0c        0x4 C:/Users/petrikas.lu/Desktop/WORK/NRF/Thingy_91/external/nrfxlib/crypto/nrf_cc310_platform/lib/cortex-m4/soft-float/no-interrupts/libnrf_cc310_platform_0.9.18.a(cc_hal.c.obj)
                0x000000000001ac0c                CC_HalTerminate
 .text.CC_HalMaskInterrupt
                0x000000000001ac10        0xc C:/Users/petrikas.lu/Desktop/WORK/NRF/Thingy_91/external/nrfxlib/crypto/nrf_cc310_platform/lib/cortex-m4/soft-float/no-interrupts/libnrf_cc310_platform_0.9.18.a(cc_hal.c.obj)
                0x000000000001ac10                CC_HalMaskInterrupt
 .text.CC_PalInit
                0x000000000001ac1c       0x5c C:/Users/petrikas.lu/Desktop/WORK/NRF/Thingy_91/external/nrfxlib/crypto/nrf_cc310_platform/lib/cortex-m4/soft-float/no-interrupts/libnrf_cc310_platform_0.9.18.a(cc_pal.c.obj)
                0x000000000001ac1c                CC_PalInit
 .text.CC_PalTerminate
                0x000000000001ac78       0x34 C:/Users/petrikas.lu/Desktop/WORK/NRF/Thingy_91/external/nrfxlib/crypto/nrf_cc310_platform/lib/cortex-m4/soft-float/no-interrupts/libnrf_cc310_platform_0.9.18.a(cc_pal.c.obj)
                0x000000000001ac78                CC_PalTerminate
 .text.CC_PalDmaInit
                0x000000000001acac        0x4 C:/Users/petrikas.lu/Desktop/WORK/NRF/Thingy_91/external/nrfxlib/crypto/nrf_cc310_platform/lib/cortex-m4/soft-float/no-interrupts/libnrf_cc310_platform_0.9.18.a(cc_pal_dma.c.obj)
                0x000000000001acac                CC_PalDmaInit
 .text.CC_PalDmaTerminate
                0x000000000001acb0        0x4 C:/Users/petrikas.lu/Desktop/WORK/NRF/Thingy_91/external/nrfxlib/crypto/nrf_cc310_platform/lib/cortex-m4/soft-float/no-interrupts/libnrf_cc310_platform_0.9.18.a(cc_pal_dma.c.obj)
                0x000000000001acb0                CC_PalDmaTerminate
 .text.CC_PalMutexCreate
                0x000000000001acb4       0x14 C:/Users/petrikas.lu/Desktop/WORK/NRF/Thingy_91/external/nrfxlib/crypto/nrf_cc310_platform/lib/cortex-m4/soft-float/no-interrupts/libnrf_cc310_platform_0.9.18.a(cc_pal_mutex.c.obj)
                0x000000000001acb4                CC_PalMutexCreate
 .text.CC_PalMutexDestroy
                0x000000000001acc8       0x14 C:/Users/petrikas.lu/Desktop/WORK/NRF/Thingy_91/external/nrfxlib/crypto/nrf_cc310_platform/lib/cortex-m4/soft-float/no-interrupts/libnrf_cc310_platform_0.9.18.a(cc_pal_mutex.c.obj)
                0x000000000001acc8                CC_PalMutexDestroy
 .text.CC_PalPowerSaveModeInit
                0x000000000001acdc       0x3c C:/Users/petrikas.lu/Desktop/WORK/NRF/Thingy_91/external/nrfxlib/crypto/nrf_cc310_platform/lib/cortex-m4/soft-float/no-interrupts/libnrf_cc310_platform_0.9.18.a(cc_pal_pm.c.obj)
                0x000000000001acdc                CC_PalPowerSaveModeInit
 .text.CC_PalPowerSaveModeSelect
                0x000000000001ad18       0x84 C:/Users/petrikas.lu/Desktop/WORK/NRF/Thingy_91/external/nrfxlib/crypto/nrf_cc310_platform/lib/cortex-m4/soft-float/no-interrupts/libnrf_cc310_platform_0.9.18.a(cc_pal_pm.c.obj)
                0x000000000001ad18                CC_PalPowerSaveModeSelect
 .text.snprintf
                0x000000000001ad9c       0x58 c:\ncs\toolchains\c57af46cb7\opt\zephyr-sdk\arm-zephyr-eabi\bin\../lib/gcc/../../picolibc/arm-zephyr-eabi/lib/thumb/v7e-m/nofp\libc.a(libc_tinystdio_snprintf.c.o)
                0x000000000001ad9c                snprintf
 .text.__i_vfprintf
                0x000000000001adf4      0x490 c:\ncs\toolchains\c57af46cb7\opt\zephyr-sdk\arm-zephyr-eabi\bin\../lib/gcc/../../picolibc/arm-zephyr-eabi/lib/thumb/v7e-m/nofp\libc.a(libc_tinystdio_vfiprintf.c.o)
                0x000000000001adf4                __i_vfprintf
 .text.cbpprintf_external
                0x000000000001b284       0x62 zephyr/libzephyr.a(cbprintf_packaged.c.obj)
                0x000000000001b284                cbpprintf_external
 .text.is_ptr   0x000000000001b2e6       0x4a zephyr/libzephyr.a(cbprintf_packaged.c.obj)
                0x000000000001b2e6                is_ptr
 .text.printk   0x000000000001b330       0x1a zephyr/libzephyr.a(printk.c.obj)
                0x000000000001b330                printk
 .text.chunk_field
                0x000000000001b34a       0x16 zephyr/libzephyr.a(heap.c.obj)
 .text.chunk_set
                0x000000000001b360       0x16 zephyr/libzephyr.a(heap.c.obj)
 .text.chunk_size
                0x000000000001b376        0xc zephyr/libzephyr.a(heap.c.obj)
 .text.set_chunk_used
                0x000000000001b382       0x30 zephyr/libzephyr.a(heap.c.obj)
 .text.set_chunk_size
                0x000000000001b3b2        0x8 zephyr/libzephyr.a(heap.c.obj)
 .text.mem_to_chunkid
                0x000000000001b3ba       0x14 zephyr/libzephyr.a(heap.c.obj)
 .text.bucket_idx.isra.0
                0x000000000001b3ce       0x1c zephyr/libzephyr.a(heap.c.obj)
 .text.free_list_remove_bidx
                0x000000000001b3ea       0x5c zephyr/libzephyr.a(heap.c.obj)
 .text.free_list_remove
                0x000000000001b446       0x2e zephyr/libzephyr.a(heap.c.obj)
 .text.alloc_chunk
                0x000000000001b474       0x74 zephyr/libzephyr.a(heap.c.obj)
 .text.split_chunks
                0x000000000001b4e8       0x4e zephyr/libzephyr.a(heap.c.obj)
 .text.merge_chunks
                0x000000000001b536       0x3c zephyr/libzephyr.a(heap.c.obj)
 .text.free_list_add
                0x000000000001b572       0x84 zephyr/libzephyr.a(heap.c.obj)
 .text.free_chunk
                0x000000000001b5f6       0x84 zephyr/libzephyr.a(heap.c.obj)
 .text.sys_heap_free
                0x000000000001b67a       0x24 zephyr/libzephyr.a(heap.c.obj)
                0x000000000001b67a                sys_heap_free
 .text.sys_heap_alloc
                0x000000000001b69e       0x6e zephyr/libzephyr.a(heap.c.obj)
                0x000000000001b69e                sys_heap_alloc
 .text.sys_heap_aligned_alloc
                0x000000000001b70c       0xe8 zephyr/libzephyr.a(heap.c.obj)
                0x000000000001b70c                sys_heap_aligned_alloc
 .text.sys_heap_init
                0x000000000001b7f4       0xb0 zephyr/libzephyr.a(heap.c.obj)
                0x000000000001b7f4                sys_heap_init
 .text.sys_slist_find_and_remove
                0x000000000001b8a4       0x36 zephyr/libzephyr.a(onoff.c.obj)
 .text.process_recheck
                0x000000000001b8da       0x38 zephyr/libzephyr.a(onoff.c.obj)
 .text.validate_args
                0x000000000001b912       0x20 zephyr/libzephyr.a(onoff.c.obj)
 .text.notify_one
                0x000000000001b932       0x2c zephyr/libzephyr.a(onoff.c.obj)
 .text.transition_complete
                0x000000000001b95e       0x1c zephyr/libzephyr.a(onoff.c.obj)
 .text.onoff_manager_init
                0x000000000001b97a       0x26 zephyr/libzephyr.a(onoff.c.obj)
                0x000000000001b97a                onoff_manager_init
 .text.onoff_request
                0x000000000001b9a0       0xb0 zephyr/libzephyr.a(onoff.c.obj)
                0x000000000001b9a0                onoff_request
 .text.onoff_release
                0x000000000001ba50       0x4a zephyr/libzephyr.a(onoff.c.obj)
                0x000000000001ba50                onoff_release
 .text.onoff_cancel
                0x000000000001ba9a       0x38 zephyr/libzephyr.a(onoff.c.obj)
                0x000000000001ba9a                onoff_cancel
 .text.sys_notify_validate
                0x000000000001bad2       0x22 zephyr/libzephyr.a(notify.c.obj)
                0x000000000001bad2                sys_notify_validate
 .text.sys_notify_finalize
                0x000000000001baf4       0x1a zephyr/libzephyr.a(notify.c.obj)
                0x000000000001baf4                sys_notify_finalize
 .text.ring_buf_put_claim
                0x000000000001bb0e       0x3e zephyr/libzephyr.a(ring_buffer.c.obj)
                0x000000000001bb0e                ring_buf_put_claim
 .text.ring_buf_put_finish
                0x000000000001bb4c       0x2a zephyr/libzephyr.a(ring_buffer.c.obj)
                0x000000000001bb4c                ring_buf_put_finish
 .text.ring_buf_put
                0x000000000001bb76       0x3e zephyr/libzephyr.a(ring_buffer.c.obj)
                0x000000000001bb76                ring_buf_put
 .text.ring_buf_get_claim
                0x000000000001bbb4       0x40 zephyr/libzephyr.a(ring_buffer.c.obj)
                0x000000000001bbb4                ring_buf_get_claim
 .text.ring_buf_get_finish
                0x000000000001bbf4       0x2a zephyr/libzephyr.a(ring_buffer.c.obj)
                0x000000000001bbf4                ring_buf_get_finish
 .text.ring_buf_get
                0x000000000001bc1e       0x40 zephyr/libzephyr.a(ring_buffer.c.obj)
                0x000000000001bc1e                ring_buf_get
 .text.free_space
                0x000000000001bc5e       0x26 zephyr/libzephyr.a(mpsc_pbuf.c.obj)
 .text.get_usage
                0x000000000001bc84       0x22 zephyr/libzephyr.a(mpsc_pbuf.c.obj)
 .text.idx_inc  0x000000000001bca6       0x1c zephyr/libzephyr.a(mpsc_pbuf.c.obj)
 .text.rd_idx_inc
                0x000000000001bcc2       0x18 zephyr/libzephyr.a(mpsc_pbuf.c.obj)
 .text.add_skip_item
                0x000000000001bcda       0x3a zephyr/libzephyr.a(mpsc_pbuf.c.obj)
 .text.drop_item_locked
                0x000000000001bd14       0xee zephyr/libzephyr.a(mpsc_pbuf.c.obj)
 .text.post_drop_action
                0x000000000001be02       0x36 zephyr/libzephyr.a(mpsc_pbuf.c.obj)
 .text.max_utilization_update
                0x000000000001be38       0x1a zephyr/libzephyr.a(mpsc_pbuf.c.obj)
 .text.mpsc_pbuf_init
                0x000000000001be52       0x42 zephyr/libzephyr.a(mpsc_pbuf.c.obj)
                0x000000000001be52                mpsc_pbuf_init
 .text.mpsc_pbuf_alloc
                0x000000000001be94       0xfc zephyr/libzephyr.a(mpsc_pbuf.c.obj)
                0x000000000001be94                mpsc_pbuf_alloc
 .text.mpsc_pbuf_commit
                0x000000000001bf90       0x40 zephyr/libzephyr.a(mpsc_pbuf.c.obj)
                0x000000000001bf90                mpsc_pbuf_commit
 .text.mpsc_pbuf_claim
                0x000000000001bfd0       0xa4 zephyr/libzephyr.a(mpsc_pbuf.c.obj)
                0x000000000001bfd0                mpsc_pbuf_claim
 .text.mpsc_pbuf_free
                0x000000000001c074       0x78 zephyr/libzephyr.a(mpsc_pbuf.c.obj)
                0x000000000001c074                mpsc_pbuf_free
 .text.mpsc_pbuf_is_pending
                0x000000000001c0ec       0x1a zephyr/libzephyr.a(mpsc_pbuf.c.obj)
                0x000000000001c0ec                mpsc_pbuf_is_pending
 .text._ConfigAbsSyms
                0x000000000001c106        0x2 zephyr/libzephyr.a(configs.c.obj)
                0x000000000001c106                _ConfigAbsSyms
 .text.log_msg_generic_get_wlen
                0x000000000001c108       0x20 zephyr/libzephyr.a(log_core.c.obj)
 .text.dummy_timestamp
                0x000000000001c128        0x4 zephyr/libzephyr.a(log_core.c.obj)
 .text.default_get_timestamp
                0x000000000001c12c        0x4 zephyr/libzephyr.a(log_core.c.obj)
 .text.atomic_inc
                0x000000000001c130       0x1a zephyr/libzephyr.a(log_core.c.obj)
 .text.z_log_vprintk
                0x000000000001c14a       0x1c zephyr/libzephyr.a(log_core.c.obj)
                0x000000000001c14a                z_log_vprintk
 .text.z_log_notify_drop
                0x000000000001c166        0x6 zephyr/libzephyr.a(log_core.c.obj)
 .text.z_log_get_tag
                0x000000000001c16c        0x4 zephyr/libzephyr.a(log_core.c.obj)
                0x000000000001c16c                z_log_get_tag
 .text.z_cbprintf_cpy
                0x000000000001c170       0x2c zephyr/libzephyr.a(log_msg.c.obj)
 .text.z_log_msg_finalize
                0x000000000001c19c       0x32 zephyr/libzephyr.a(log_msg.c.obj)
                0x000000000001c19c                z_log_msg_finalize
 .text.buffer_write
                0x000000000001c1ce       0x1a zephyr/libzephyr.a(log_output.c.obj)
 .text.log_output_flush
                0x000000000001c1e8       0x1a zephyr/libzephyr.a(log_output.c.obj)
                0x000000000001c1e8                log_output_flush
 .text.out_func
                0x000000000001c202       0x36 zephyr/libzephyr.a(log_output.c.obj)
 .text.cr_out_func
                0x000000000001c238       0x1c zephyr/libzephyr.a(log_output.c.obj)
 .text.z_log_msg_static_create.constprop.0
                0x000000000001c254        0x6 zephyr/libzephyr.a(usb_device.c.obj)
 .text.get_ep_bm_from_addr
                0x000000000001c25a       0x1c zephyr/libzephyr.a(usb_device.c.obj)
 .text.usb_get_dev_data_by_cfg
                0x000000000001c276       0x18 zephyr/libzephyr.a(usb_descriptor.c.obj)
                0x000000000001c276                usb_get_dev_data_by_cfg
 .text.usb_get_dev_data_by_iface
                0x000000000001c28e       0x1c zephyr/libzephyr.a(usb_descriptor.c.obj)
                0x000000000001c28e                usb_get_dev_data_by_iface
 .text.usb_get_dev_data_by_ep
                0x000000000001c2aa       0x2c zephyr/libzephyr.a(usb_descriptor.c.obj)
                0x000000000001c2aa                usb_get_dev_data_by_ep
 .text.usb_transfer_is_busy
                0x000000000001c2d6       0x16 zephyr/libzephyr.a(usb_transfer.c.obj)
                0x000000000001c2d6                usb_transfer_is_busy
 .text.cdc_interface_config
                0x000000000001c2ec       0x14 zephyr/libzephyr.a(cdc_acm.c.obj)
 .text.cdc_acm_irq_callback_work_handler
                0x000000000001c300        0xa zephyr/libzephyr.a(cdc_acm.c.obj)
 .text.cdc_acm_irq_tx_disable
                0x000000000001c30a        0xa zephyr/libzephyr.a(cdc_acm.c.obj)
 .text.cdc_acm_irq_tx_ready
                0x000000000001c314        0xe zephyr/libzephyr.a(cdc_acm.c.obj)
 .text.cdc_acm_irq_rx_disable
                0x000000000001c322        0xa zephyr/libzephyr.a(cdc_acm.c.obj)
 .text.cdc_acm_irq_rx_ready
                0x000000000001c32c        0x8 zephyr/libzephyr.a(cdc_acm.c.obj)
 .text.cdc_acm_irq_is_pending
                0x000000000001c334       0x1e zephyr/libzephyr.a(cdc_acm.c.obj)
 .text.cdc_acm_irq_update
                0x000000000001c352        0x4 zephyr/libzephyr.a(cdc_acm.c.obj)
 .text.cdc_acm_irq_callback_set
                0x000000000001c356        0x8 zephyr/libzephyr.a(cdc_acm.c.obj)
 .text.cdc_acm_configure
                0x000000000001c35e        0x4 zephyr/libzephyr.a(cdc_acm.c.obj)
 .text.cdc_acm_config_get
                0x000000000001c362       0x58 zephyr/libzephyr.a(cdc_acm.c.obj)
 .text.z_log_msg_static_create.constprop.0
                0x000000000001c3ba        0x6 zephyr/libzephyr.a(cdc_acm.c.obj)
 .text.cdc_acm_fifo_read
                0x000000000001c3c0       0x54 zephyr/libzephyr.a(cdc_acm.c.obj)
 .text.cdc_acm_poll_in
                0x000000000001c414       0x12 zephyr/libzephyr.a(cdc_acm.c.obj)
 .text.abort_function
                0x000000000001c426        0x8 zephyr/libzephyr.a(nrf_cc3xx_platform_abort_zephyr.c.obj)
 .text.z_do_kernel_oops
                0x000000000001c42e        0x8 zephyr/arch/arch/arm/core/aarch32/libarch__arm__core__aarch32.a(fatal.c.obj)
                0x000000000001c42e                z_do_kernel_oops
 .text.z_irq_spurious
                0x000000000001c436        0x8 zephyr/arch/arch/arm/core/aarch32/libarch__arm__core__aarch32.a(irq_manage.c.obj)
                0x000000000001c436                z_irq_spurious
 .text.z_arm_nmi
                0x000000000001c43e        0xe zephyr/arch/arch/arm/core/aarch32/libarch__arm__core__aarch32.a(nmi.c.obj)
                0x000000000001c43e                z_arm_nmi
 .text.z_log_msg_static_create.constprop.0
                0x000000000001c44c        0x6 zephyr/arch/arch/arm/core/aarch32/cortex_m/libarch__arm__core__aarch32__cortex_m.a(fault.c.obj)
 .text.cbputc   0x000000000001c452        0xc zephyr/lib/libc/picolibc/liblib__libc__picolibc.a(libc-hooks.c.obj)
 .text.ep_ctx_reset
                0x000000000001c45e       0x26 zephyr/drivers/usb/device/libdrivers__usb__device.a(usb_dc_nrfx.c.obj)
 .text.z_log_msg_static_create.constprop.0
                0x000000000001c484        0x6 zephyr/drivers/usb/device/libdrivers__usb__device.a(usb_dc_nrfx.c.obj)
 .text.k_mutex_lock.constprop.0.isra.0
                0x000000000001c48a        0x4 zephyr/drivers/usb/device/libdrivers__usb__device.a(usb_dc_nrfx.c.obj)
 .text.k_mutex_unlock.isra.0
                0x000000000001c48e        0x4 zephyr/drivers/usb/device/libdrivers__usb__device.a(usb_dc_nrfx.c.obj)
 .text.usb_dc_ep_disable
                0x000000000001c492       0x32 zephyr/drivers/usb/device/libdrivers__usb__device.a(usb_dc_nrfx.c.obj)
                0x000000000001c492                usb_dc_ep_disable
 .text.usb_dc_ep_read
                0x000000000001c4c4       0x1e zephyr/drivers/usb/device/libdrivers__usb__device.a(usb_dc_nrfx.c.obj)
                0x000000000001c4c4                usb_dc_ep_read
 .text.get_status
                0x000000000001c4e2       0x12 zephyr/drivers/clock_control/libdrivers__clock_control.a(clock_control_nrf.c.obj)
 .text.set_on_state
                0x000000000001c4f4       0x26 zephyr/drivers/clock_control/libdrivers__clock_control.a(clock_control_nrf.c.obj)
 .text.stop     0x000000000001c51a       0x52 zephyr/drivers/clock_control/libdrivers__clock_control.a(clock_control_nrf.c.obj)
 .text.api_stop
                0x000000000001c56c        0x6 zephyr/drivers/clock_control/libdrivers__clock_control.a(clock_control_nrf.c.obj)
 .text.async_start
                0x000000000001c572       0x5c zephyr/drivers/clock_control/libdrivers__clock_control.a(clock_control_nrf.c.obj)
 .text.api_start
                0x000000000001c5ce        0xe zephyr/drivers/clock_control/libdrivers__clock_control.a(clock_control_nrf.c.obj)
 .text.onoff_started_callback
                0x000000000001c5dc       0x12 zephyr/drivers/clock_control/libdrivers__clock_control.a(clock_control_nrf.c.obj)
 .text.lfclk_start
                0x000000000001c5ee        0x6 zephyr/drivers/clock_control/libdrivers__clock_control.a(clock_control_nrf.c.obj)
 .text.lfclk_stop
                0x000000000001c5f4        0x6 zephyr/drivers/clock_control/libdrivers__clock_control.a(clock_control_nrf.c.obj)
 .text.blocking_start_callback
                0x000000000001c5fa        0x6 zephyr/drivers/clock_control/libdrivers__clock_control.a(clock_control_nrf.c.obj)
 .text.z_impl_hwinfo_get_device_id
                0x000000000001c600       0x28 zephyr/drivers/hwinfo/libdrivers__hwinfo.a(hwinfo_nrf.c.obj)
                0x000000000001c600                z_impl_hwinfo_get_device_id
 .text.pinctrl_lookup_state
                0x000000000001c628       0x26 zephyr/drivers/pinctrl/libdrivers__pinctrl.a(common.c.obj)
                0x000000000001c628                pinctrl_lookup_state
 .text.uarte_nrfx_config_get
                0x000000000001c64e       0x10 zephyr/drivers/serial/libdrivers__serial.a(uart_nrfx_uarte.c.obj)
 .text.uarte_nrfx_err_check
                0x000000000001c65e        0xe zephyr/drivers/serial/libdrivers__serial.a(uart_nrfx_uarte.c.obj)
 .text.tx_start
                0x000000000001c66c       0x3e zephyr/drivers/serial/libdrivers__serial.a(uart_nrfx_uarte.c.obj)
 .text.uarte_nrfx_poll_in
                0x000000000001c6aa       0x28 zephyr/drivers/serial/libdrivers__serial.a(uart_nrfx_uarte.c.obj)
 .text.uarte_nrfx_fifo_read
                0x000000000001c6d2       0x2e zephyr/drivers/serial/libdrivers__serial.a(uart_nrfx_uarte.c.obj)
 .text.uarte_nrfx_irq_tx_enable
                0x000000000001c700       0x2e zephyr/drivers/serial/libdrivers__serial.a(uart_nrfx_uarte.c.obj)
 .text.uarte_nrfx_irq_tx_disable
                0x000000000001c72e        0xa zephyr/drivers/serial/libdrivers__serial.a(uart_nrfx_uarte.c.obj)
 .text.uarte_nrfx_irq_tx_ready_complete
                0x000000000001c738       0x2a zephyr/drivers/serial/libdrivers__serial.a(uart_nrfx_uarte.c.obj)
 .text.uarte_nrfx_irq_rx_ready
                0x000000000001c762       0x10 zephyr/drivers/serial/libdrivers__serial.a(uart_nrfx_uarte.c.obj)
 .text.uarte_nrfx_irq_rx_enable
                0x000000000001c772        0xc zephyr/drivers/serial/libdrivers__serial.a(uart_nrfx_uarte.c.obj)
 .text.uarte_nrfx_irq_rx_disable
                0x000000000001c77e        0xc zephyr/drivers/serial/libdrivers__serial.a(uart_nrfx_uarte.c.obj)
 .text.uarte_nrfx_irq_err_enable
                0x000000000001c78a        0xe zephyr/drivers/serial/libdrivers__serial.a(uart_nrfx_uarte.c.obj)
 .text.uarte_nrfx_irq_err_disable
                0x000000000001c798        0xe zephyr/drivers/serial/libdrivers__serial.a(uart_nrfx_uarte.c.obj)
 .text.uarte_nrfx_irq_is_pending
                0x000000000001c7a6       0x36 zephyr/drivers/serial/libdrivers__serial.a(uart_nrfx_uarte.c.obj)
 .text.uarte_nrfx_irq_update
                0x000000000001c7dc        0x4 zephyr/drivers/serial/libdrivers__serial.a(uart_nrfx_uarte.c.obj)
 .text.uarte_nrfx_irq_callback_set
                0x000000000001c7e0        0xc zephyr/drivers/serial/libdrivers__serial.a(uart_nrfx_uarte.c.obj)
 .text.is_tx_ready.isra.0
                0x000000000001c7ec       0x20 zephyr/drivers/serial/libdrivers__serial.a(uart_nrfx_uarte.c.obj)
 .text.uarte_nrfx_fifo_fill
                0x000000000001c80c       0x78 zephyr/drivers/serial/libdrivers__serial.a(uart_nrfx_uarte.c.obj)
 .text.uarte_nrfx_isr_int
                0x000000000001c884       0xc0 zephyr/drivers/serial/libdrivers__serial.a(uart_nrfx_uarte.c.obj)
 .text.uarte_1_init
                0x000000000001c944       0x1e zephyr/drivers/serial/libdrivers__serial.a(uart_nrfx_uarte.c.obj)
 .text.uarte_0_init
                0x000000000001c962       0x1e zephyr/drivers/serial/libdrivers__serial.a(uart_nrfx_uarte.c.obj)
 .text.uart_rtt_poll_out
                0x000000000001c980       0x1c zephyr/drivers/serial/libdrivers__serial.a(uart_rtt.c.obj)
 .text.uart_rtt_poll_in
                0x000000000001c99c       0x18 zephyr/drivers/serial/libdrivers__serial.a(uart_rtt.c.obj)
 .text.uart_rtt_init
                0x000000000001c9b4       0x2c zephyr/drivers/serial/libdrivers__serial.a(uart_rtt.c.obj)
 .text.event_clear
                0x000000000001c9e0       0x18 zephyr/drivers/timer/libdrivers__timer.a(nrf_rtc_timer.c.obj)
 .text.sys_clock_cycle_get_32
                0x000000000001c9f8        0x8 zephyr/drivers/timer/libdrivers__timer.a(nrf_rtc_timer.c.obj)
                0x000000000001c9f8                sys_clock_cycle_get_32
 .text.hw_cc3xx_init_internal
                0x000000000001ca00        0x4 modules/nrf/drivers/hw_cc310/lib..__nrf__drivers__hw_cc310.a(hw_cc310.c.obj)
 .text.hw_cc3xx_init
                0x000000000001ca04       0x12 modules/nrf/drivers/hw_cc310/lib..__nrf__drivers__hw_cc310.a(hw_cc310.c.obj)
 .text.nrfx_isr
                0x000000000001ca16        0x2 modules/hal_nordic/nrfx/libmodules__hal_nordic__nrfx.a(nrfx_glue.c.obj)
                0x000000000001ca16                nrfx_isr
 .text.nrfx_busy_wait
                0x000000000001ca18        0x4 modules/hal_nordic/nrfx/libmodules__hal_nordic__nrfx.a(nrfx_glue.c.obj)
                0x000000000001ca18                nrfx_busy_wait
 .text.nrfx_gppi_channel_endpoints_setup
                0x000000000001ca1c       0x14 modules/hal_nordic/nrfx/libmodules__hal_nordic__nrfx.a(nrfx_gppi_ppi.c.obj)
                0x000000000001ca1c                nrfx_gppi_channel_endpoints_setup
 .text.nrfx_clock_start
                0x000000000001ca30       0x78 modules/hal_nordic/nrfx/libmodules__hal_nordic__nrfx.a(nrfx_clock.c.obj)
                0x000000000001ca30                nrfx_clock_start
 .text.nrfx_clock_stop
                0x000000000001caa8        0x4 modules/hal_nordic/nrfx/libmodules__hal_nordic__nrfx.a(nrfx_clock.c.obj)
                0x000000000001caa8                nrfx_clock_stop
 .text.nrf_power_event_get_and_clear.constprop.0
                0x000000000001caac       0x18 modules/hal_nordic/nrfx/libmodules__hal_nordic__nrfx.a(nrfx_power.c.obj)
 .text.nrfx_power_usbevt_enable
                0x000000000001cac4        0xe modules/hal_nordic/nrfx/libmodules__hal_nordic__nrfx.a(nrfx_power.c.obj)
                0x000000000001cac4                nrfx_power_usbevt_enable
 .text.nrfx_power_usbevt_disable
                0x000000000001cad2        0xe modules/hal_nordic/nrfx/libmodules__hal_nordic__nrfx.a(nrfx_power.c.obj)
                0x000000000001cad2                nrfx_power_usbevt_disable
 .text.nrfx_power_clock_irq_handler
                0x000000000001cae0        0xe modules/hal_nordic/nrfx/libmodules__hal_nordic__nrfx.a(nrfx_power.c.obj)
                0x000000000001cae0                nrfx_power_clock_irq_handler
 .text.nrfx_usbd_consumer
                0x000000000001caee       0x32 modules/hal_nordic/nrfx/libmodules__hal_nordic__nrfx.a(nrfx_usbd.c.obj)
                0x000000000001caee                nrfx_usbd_consumer
 .text.nrfx_usbd_feeder_ram
                0x000000000001cb20       0x22 modules/hal_nordic/nrfx/libmodules__hal_nordic__nrfx.a(nrfx_usbd.c.obj)
                0x000000000001cb20                nrfx_usbd_feeder_ram
 .text.nrfx_usbd_feeder_ram_zlp
                0x000000000001cb42       0x28 modules/hal_nordic/nrfx/libmodules__hal_nordic__nrfx.a(nrfx_usbd.c.obj)
                0x000000000001cb42                nrfx_usbd_feeder_ram_zlp
 .text.ep2bit   0x000000000001cb6a       0x10 modules/hal_nordic/nrfx/libmodules__hal_nordic__nrfx.a(nrfx_usbd.c.obj)
 .text.ev_started_handler
                0x000000000001cb7a        0x2 modules/hal_nordic/nrfx/libmodules__hal_nordic__nrfx.a(nrfx_usbd.c.obj)
 .text.nrf_usbd_epin_dma_handler
                0x000000000001cb7c       0x30 modules/hal_nordic/nrfx/libmodules__hal_nordic__nrfx.a(nrfx_usbd.c.obj)
 .text.ev_dma_epin7_handler
                0x000000000001cbac        0x6 modules/hal_nordic/nrfx/libmodules__hal_nordic__nrfx.a(nrfx_usbd.c.obj)
 .text.ev_dma_epin6_handler
                0x000000000001cbb2        0x6 modules/hal_nordic/nrfx/libmodules__hal_nordic__nrfx.a(nrfx_usbd.c.obj)
 .text.ev_dma_epin5_handler
                0x000000000001cbb8        0x6 modules/hal_nordic/nrfx/libmodules__hal_nordic__nrfx.a(nrfx_usbd.c.obj)
 .text.ev_dma_epin4_handler
                0x000000000001cbbe        0x6 modules/hal_nordic/nrfx/libmodules__hal_nordic__nrfx.a(nrfx_usbd.c.obj)
 .text.ev_dma_epin3_handler
                0x000000000001cbc4        0x6 modules/hal_nordic/nrfx/libmodules__hal_nordic__nrfx.a(nrfx_usbd.c.obj)
 .text.ev_dma_epin2_handler
                0x000000000001cbca        0x6 modules/hal_nordic/nrfx/libmodules__hal_nordic__nrfx.a(nrfx_usbd.c.obj)
 .text.ev_dma_epin1_handler
                0x000000000001cbd0        0x6 modules/hal_nordic/nrfx/libmodules__hal_nordic__nrfx.a(nrfx_usbd.c.obj)
 .text.ev_dma_epin0_handler
                0x000000000001cbd6        0x4 modules/hal_nordic/nrfx/libmodules__hal_nordic__nrfx.a(nrfx_usbd.c.obj)
 .text.nrfx_usbd_ep_max_packet_size_set
                0x000000000001cbda        0xa modules/hal_nordic/nrfx/libmodules__hal_nordic__nrfx.a(nrfx_usbd.c.obj)
                0x000000000001cbda                nrfx_usbd_ep_max_packet_size_set
 .text.nrfx_usbd_ep_status_get
                0x000000000001cbe4       0x2e modules/hal_nordic/nrfx/libmodules__hal_nordic__nrfx.a(nrfx_usbd.c.obj)
                0x000000000001cbe4                nrfx_usbd_ep_status_get
 .text.ev_dma_epout7_handler
                0x000000000001cc12        0x6 modules/hal_nordic/nrfx/libmodules__hal_nordic__nrfx.a(nrfx_usbd.c.obj)
 .text.ev_dma_epout6_handler
                0x000000000001cc18        0x6 modules/hal_nordic/nrfx/libmodules__hal_nordic__nrfx.a(nrfx_usbd.c.obj)
 .text.ev_dma_epout5_handler
                0x000000000001cc1e        0x6 modules/hal_nordic/nrfx/libmodules__hal_nordic__nrfx.a(nrfx_usbd.c.obj)
 .text.ev_dma_epout4_handler
                0x000000000001cc24        0x6 modules/hal_nordic/nrfx/libmodules__hal_nordic__nrfx.a(nrfx_usbd.c.obj)
 .text.ev_dma_epout3_handler
                0x000000000001cc2a        0x6 modules/hal_nordic/nrfx/libmodules__hal_nordic__nrfx.a(nrfx_usbd.c.obj)
 .text.ev_dma_epout2_handler
                0x000000000001cc30        0x6 modules/hal_nordic/nrfx/libmodules__hal_nordic__nrfx.a(nrfx_usbd.c.obj)
 .text.ev_dma_epout1_handler
                0x000000000001cc36        0x6 modules/hal_nordic/nrfx/libmodules__hal_nordic__nrfx.a(nrfx_usbd.c.obj)
 .text.nrfx_usbd_ep_abort
                0x000000000001cc3c        0x4 modules/hal_nordic/nrfx/libmodules__hal_nordic__nrfx.a(nrfx_usbd.c.obj)
                0x000000000001cc3c                nrfx_usbd_ep_abort
 .text._GetAvailWriteSpace
                0x000000000001cc40       0x12 modules/segger/libmodules__segger.a(SEGGER_RTT.c.obj)
 .text._WriteNoCheck
                0x000000000001cc52       0x3a modules/segger/libmodules__segger.a(SEGGER_RTT.c.obj)
 .text._WriteBlocking
                0x000000000001cc8c       0x54 modules/segger/libmodules__segger.a(SEGGER_RTT.c.obj)
 .text.SEGGER_RTT_Read
                0x000000000001cce0       0x20 modules/segger/libmodules__segger.a(SEGGER_RTT.c.obj)
                0x000000000001cce0                SEGGER_RTT_Read
 .text.SEGGER_RTT_Init
                0x000000000001cd00        0x4 modules/segger/libmodules__segger.a(SEGGER_RTT.c.obj)
                0x000000000001cd00                SEGGER_RTT_Init
 .text.rtt_init
                0x000000000001cd04        0xa modules/segger/libmodules__segger.a(SEGGER_RTT_zephyr.c.obj)
 .text.z_impl_k_busy_wait
                0x000000000001cd0e        0x8 zephyr/kernel/libkernel.a(busy_wait.c.obj)
                0x000000000001cd0e                z_impl_k_busy_wait
 .text.z_early_memset
                0x000000000001cd16        0x4 zephyr/kernel/libkernel.a(init.c.obj)
                0x000000000001cd16                z_early_memset
 .text.z_early_memcpy
                0x000000000001cd1a        0x4 zephyr/kernel/libkernel.a(init.c.obj)
                0x000000000001cd1a                z_early_memcpy
 .text.create_free_list
                0x000000000001cd1e       0x2c zephyr/kernel/libkernel.a(mem_slab.c.obj)
 .text.k_mem_slab_init
                0x000000000001cd4a       0x1c zephyr/kernel/libkernel.a(mem_slab.c.obj)
                0x000000000001cd4a                k_mem_slab_init
 .text.k_mem_slab_free
                0x000000000001cd66       0x4c zephyr/kernel/libkernel.a(mem_slab.c.obj)
                0x000000000001cd66                k_mem_slab_free
 .text.k_is_in_isr
                0x000000000001cdb2        0xc zephyr/kernel/libkernel.a(thread.c.obj)
                0x000000000001cdb2                k_is_in_isr
 .text.z_impl_k_thread_name_set
                0x000000000001cdbe        0x6 zephyr/kernel/libkernel.a(thread.c.obj)
                0x000000000001cdbe                z_impl_k_thread_name_set
 .text.k_thread_name_get
                0x000000000001cdc4        0x4 zephyr/kernel/libkernel.a(thread.c.obj)
                0x000000000001cdc4                k_thread_name_get
 .text.z_impl_k_thread_start
                0x000000000001cdc8        0x4 zephyr/kernel/libkernel.a(thread.c.obj)
                0x000000000001cdc8                z_impl_k_thread_start
 .text.idle     0x000000000001cdcc       0x18 zephyr/kernel/libkernel.a(idle.c.obj)