Archive member included to satisfy reference by file (symbol)

platform/libplatform_s.a(hw_init.o)
                              secure_fw/CMakeFiles/tfm_s.dir/__/platform/ext/target/nordic_nrf/common/core/startup.o (hw_init_reset_on_boot)
platform/libplatform_s.a(system_nrf91.o)
                              secure_fw/CMakeFiles/tfm_s.dir/__/platform/ext/target/nordic_nrf/common/core/startup.o (SystemInit)
secure_fw/partitions/lib/runtime/libtfm_sprt.a(crt_memset.o)
                              c:/ncs/toolchains/c57af46cb7/opt/zephyr-sdk/arm-zephyr-eabi/bin/../lib/gcc/arm-zephyr-eabi/12.2.0/../../../../arm-zephyr-eabi/lib/thumb/v8-m.main+fp/hard/crt0.o (memset)
secure_fw/partitions/lib/runtime/libtfm_sprt.a(psa_api_ipc.o)
                              secure_fw/CMakeFiles/tfm_s.dir/partitions/ns_agent_tz/psa_api_veneers_v80m.o (psa_framework_version)
secure_fw/partitions/lib/runtime/libtfm_sprt.a(sprt_partition_metadata_indicator.o)
                              secure_fw/partitions/lib/runtime/libtfm_sprt.a(psa_api_ipc.o) (p_partition_metadata)
secure_fw/spm/libtfm_spm.a(utilities.o)
                              secure_fw/CMakeFiles/tfm_s.dir/__/platform/ext/target/nordic_nrf/common/core/startup.o (tfm_core_panic)
secure_fw/spm/libtfm_spm.a(main.o)
                              c:/ncs/toolchains/c57af46cb7/opt/zephyr-sdk/arm-zephyr-eabi/bin/../lib/gcc/arm-zephyr-eabi/12.2.0/../../../../arm-zephyr-eabi/lib/thumb/v8-m.main+fp/hard/crt0.o (main)
secure_fw/spm/libtfm_spm.a(tfm_core_svcalls_ipc.o)
                              secure_fw/spm/libtfm_spm.a(main.o) (tfm_core_handler_mode)
secure_fw/spm/libtfm_spm.a(tfm_arch_v8m_main.o)
                              secure_fw/spm/libtfm_spm.a(main.o) (tfm_arch_set_secure_exception_priorities)
secure_fw/spm/libtfm_spm.a(ns_agent_tz_v80m.o)
                              secure_fw/CMakeFiles/tfm_s.dir/partitions/ns_agent_tz/load_info_ns_agent_tz.o (ns_agent_tz_main)
secure_fw/spm/libtfm_spm.a(tfm_hal_isolation.o)
                              secure_fw/spm/libtfm_spm.a(main.o) (tfm_hal_set_up_static_boundaries)
secure_fw/spm/libtfm_spm.a(faults.o)
                              secure_fw/CMakeFiles/tfm_s.dir/__/platform/ext/target/nordic_nrf/common/core/startup_nrf91.o (SPU_IRQHandler)
secure_fw/spm/libtfm_spm.a(target_cfg.o)
                              secure_fw/spm/libtfm_spm.a(tfm_hal_isolation.o) (sau_and_idau_cfg)
secure_fw/spm/libtfm_spm.a(tfm_boot_data.o)
                              secure_fw/spm/libtfm_spm.a(main.o) (tfm_core_validate_boot_data)
secure_fw/spm/libtfm_spm.a(tfm_arch.o)
                              secure_fw/spm/libtfm_spm.a(tfm_core_svcalls_ipc.o) (tfm_arch_free_msp_and_exc_ret)
secure_fw/spm/libtfm_spm.a(spm_ipc.o)
                              secure_fw/spm/libtfm_spm.a(tfm_boot_data.o) (tfm_spm_partition_get_running_partition_id)
secure_fw/spm/libtfm_spm.a(spm_cross_call.o)
                              secure_fw/spm/libtfm_spm.a(tfm_arch_v8m_main.o) (cross_call_entering_c)
secure_fw/spm/libtfm_spm.a(rom_loader.o)
                              secure_fw/spm/libtfm_spm.a(spm_ipc.o) (load_a_partition_assuredly)
secure_fw/spm/libtfm_spm.a(psa_api.o)
                              secure_fw/spm/libtfm_spm.a(tfm_core_svcalls_ipc.o) (spm_handle_programmer_errors)
secure_fw/spm/libtfm_spm.a(backend_ipc.o)
                              secure_fw/spm/libtfm_spm.a(spm_ipc.o) (backend_init_comp_assuredly)
secure_fw/spm/libtfm_spm.a(tfm_pools.o)
                              secure_fw/spm/libtfm_spm.a(spm_ipc.o) (tfm_pool_init)
secure_fw/spm/libtfm_spm.a(thread.o)
                              secure_fw/spm/libtfm_spm.a(backend_ipc.o) (thrd_set_query_callback)
secure_fw/spm/libtfm_spm.a(tfm_spm_ns_ctx.o)
                              secure_fw/spm/libtfm_spm.a(spm_ipc.o) (tfm_nspm_get_current_client_id)
secure_fw/spm/libtfm_spm.a(tfm_hal_platform_common.o)
                              secure_fw/spm/libtfm_spm.a(tfm_spm_ns_ctx.o) (tfm_hal_get_ns_VTOR)
secure_fw/partitions/crypto/libtfm_psa_rot_partition_crypto.a(crypto_init.o)
                              secure_fw/CMakeFiles/tfm_s.dir/__/generated/secure_fw/partitions/crypto/auto_generated/load_info_tfm_crypto.o (tfm_crypto_init)
secure_fw/partitions/crypto/libtfm_psa_rot_partition_crypto.a(crypto_alloc.o)
                              secure_fw/partitions/crypto/libtfm_psa_rot_partition_crypto.a(crypto_init.o) (tfm_crypto_init_alloc)
secure_fw/partitions/crypto/libtfm_psa_rot_partition_crypto.a(crypto_cipher.o)
                              secure_fw/partitions/crypto/libtfm_psa_rot_partition_crypto.a(crypto_init.o) (tfm_crypto_cipher_interface)
secure_fw/partitions/crypto/libtfm_psa_rot_partition_crypto.a(crypto_hash.o)
                              secure_fw/partitions/crypto/libtfm_psa_rot_partition_crypto.a(crypto_init.o) (tfm_crypto_hash_interface)
secure_fw/partitions/crypto/libtfm_psa_rot_partition_crypto.a(crypto_mac.o)
[...]
Memory Configuration

Name             Origin             Length             Attributes
FLASH            0x000000000000c200 0x000000000000be00 xr
RAM              0x0000000020000000 0x0000000000008000 xrw
*default*        0x0000000000000000 0xffffffffffffffff

Linker script and memory map

LOAD c:/ncs/toolchains/c57af46cb7/opt/zephyr-sdk/arm-zephyr-eabi/bin/../lib/gcc/arm-zephyr-eabi/12.2.0/thumb/v8-m.main+fp/hard/crti.o
LOAD c:/ncs/toolchains/c57af46cb7/opt/zephyr-sdk/arm-zephyr-eabi/bin/../lib/gcc/arm-zephyr-eabi/12.2.0/thumb/v8-m.main+fp/hard/crtbegin.o
LOAD c:/ncs/toolchains/c57af46cb7/opt/zephyr-sdk/arm-zephyr-eabi/bin/../lib/gcc/arm-zephyr-eabi/12.2.0/../../../../arm-zephyr-eabi/lib/thumb/v8-m.main+fp/hard/crt0.o
LOAD secure_fw/CMakeFiles/tfm_s.dir/partitions/ns_agent_tz/psa_api_veneers_v80m.o
LOAD secure_fw/CMakeFiles/tfm_s.dir/__/platform/ext/target/nordic_nrf/common/core/startup.o
LOAD secure_fw/CMakeFiles/tfm_s.dir/__/platform/ext/target/nordic_nrf/common/core/startup_nrf91.o
LOAD secure_fw/CMakeFiles/tfm_s.dir/__/platform/ext/common/faults.o
LOAD secure_fw/CMakeFiles/tfm_s.dir/__/generated/secure_fw/partitions/crypto/auto_generated/load_info_tfm_crypto.o
LOAD secure_fw/CMakeFiles/tfm_s.dir/__/generated/secure_fw/partitions/platform/auto_generated/load_info_tfm_platform.o
LOAD secure_fw/CMakeFiles/tfm_s.dir/partitions/ns_agent_tz/load_info_ns_agent_tz.o
LOAD secure_fw/CMakeFiles/tfm_s.dir/__/platform/ext/common/syscalls_stub.o
LOAD platform/libplatform_s.a
LOAD secure_fw/partitions/lib/runtime/libtfm_sprt.a
LOAD secure_fw/spm/libtfm_spm.a
LOAD secure_fw/partitions/crypto/libtfm_psa_rot_partition_crypto.a
LOAD platform/libplatform_crypto_keys.a
LOAD secure_fw/partitions/crypto/mbedcrypto/nrf_security_src/libcrypto_service_mbedcrypto.a
LOAD secure_fw/partitions/platform/libtfm_psa_rot_partition_platform.a
LOAD platform/libplatform_s.a
LOAD secure_fw/partitions/lib/runtime/libtfm_sprt.a
LOAD secure_fw/spm/libtfm_spm.a
LOAD secure_fw/partitions/crypto/libtfm_psa_rot_partition_crypto.a
LOAD platform/libplatform_crypto_keys.a
LOAD secure_fw/partitions/crypto/mbedcrypto/nrf_security_src/libcrypto_service_mbedcrypto.a
LOAD secure_fw/partitions/platform/libtfm_psa_rot_partition_platform.a
LOAD platform/libplatform_s.a
LOAD secure_fw/partitions/lib/runtime/libtfm_sprt.a
LOAD secure_fw/spm/libtfm_spm.a
LOAD secure_fw/partitions/crypto/libtfm_psa_rot_partition_crypto.a
LOAD platform/libplatform_crypto_keys.a
LOAD secure_fw/partitions/crypto/mbedcrypto/nrf_security_src/libcrypto_service_mbedcrypto.a
LOAD secure_fw/partitions/platform/libtfm_psa_rot_partition_platform.a
LOAD C:/Users/petrikas.lu/Desktop/WORK/NRF/Thingy_91/external/nrfxlib/crypto/nrf_cc310_platform/lib/cortex-m33/hard-float/no-interrupts/libnrf_cc310_platform_0.9.18.a
LOAD C:/Users/petrikas.lu/Desktop/WORK/NRF/Thingy_91/external/nrfxlib/crypto/nrf_oberon/lib/cortex-m33/hard-float/liboberon_mbedtls_3.0.13.a
LOAD secure_fw/partitions/crypto/mbedcrypto/nrf_security_src/libmbedcrypto_base.a
LOAD C:/Users/petrikas.lu/Desktop/WORK/NRF/Thingy_91/external/nrfxlib/crypto/nrf_oberon/lib/cortex-m33/hard-float/liboberon_3.0.13.a
START GROUP
LOAD c:/ncs/toolchains/c57af46cb7/opt/zephyr-sdk/arm-zephyr-eabi/bin/../lib/gcc/arm-zephyr-eabi/12.2.0/thumb/v8-m.main+fp/hard\libgcc.a
LOAD c:/ncs/toolchains/c57af46cb7/opt/zephyr-sdk/arm-zephyr-eabi/bin/../lib/gcc/arm-zephyr-eabi/12.2.0/../../../../arm-zephyr-eabi/lib/thumb/v8-m.main+fp/hard\libc_nano.a
END GROUP
START GROUP
LOAD c:/ncs/toolchains/c57af46cb7/opt/zephyr-sdk/arm-zephyr-eabi/bin/../lib/gcc/arm-zephyr-eabi/12.2.0/thumb/v8-m.main+fp/hard\libgcc.a
LOAD c:/ncs/toolchains/c57af46cb7/opt/zephyr-sdk/arm-zephyr-eabi/bin/../lib/gcc/arm-zephyr-eabi/12.2.0/../../../../arm-zephyr-eabi/lib/thumb/v8-m.main+fp/hard\libc_nano.a
END GROUP
LOAD c:/ncs/toolchains/c57af46cb7/opt/zephyr-sdk/arm-zephyr-eabi/bin/../lib/gcc/arm-zephyr-eabi/12.2.0/thumb/v8-m.main+fp/hard/crtend.o
LOAD c:/ncs/toolchains/c57af46cb7/opt/zephyr-sdk/arm-zephyr-eabi/bin/../lib/gcc/arm-zephyr-eabi/12.2.0/thumb/v8-m.main+fp/hard/crtn.o
                0x0000000000000800                __msp_stack_size__ = 0x800
START GROUP
LOAD c:/ncs/toolchains/c57af46cb7/opt/zephyr-sdk/arm-zephyr-eabi/bin/../lib/gcc/arm-zephyr-eabi/12.2.0/thumb/v8-m.main+fp/hard\libgcc.a
LOAD c:/ncs/toolchains/c57af46cb7/opt/zephyr-sdk/arm-zephyr-eabi/bin/../lib/gcc/arm-zephyr-eabi/12.2.0/../../../../arm-zephyr-eabi/lib/thumb/v8-m.main+fp/hard\libc.a
LOAD c:/ncs/toolchains/c57af46cb7/opt/zephyr-sdk/arm-zephyr-eabi/bin/../lib/gcc/arm-zephyr-eabi/12.2.0/../../../../arm-zephyr-eabi/lib/thumb/v8-m.main+fp/hard\libm.a
LOAD c:/ncs/toolchains/c57af46cb7/opt/zephyr-sdk/arm-zephyr-eabi/bin/../lib/gcc/arm-zephyr-eabi/12.2.0/../../../../arm-zephyr-eabi/lib/thumb/v8-m.main+fp/hard\libnosys.a
LOAD c:/ncs/toolchains/c57af46cb7/opt/zephyr-sdk/arm-zephyr-eabi/bin/../lib/gcc/arm-zephyr-eabi/12.2.0/../../../../arm-zephyr-eabi/lib/thumb/v8-m.main+fp/hard\libc_nano.a
END GROUP

.TFM_VECTORS    0x000000000000c200      0x144
                0x000000000000c200                __vectors_start__ = .
 *(.vectors)
 .vectors       0x000000000000c200      0x144 secure_fw/CMakeFiles/tfm_s.dir/__/platform/ext/target/nordic_nrf/common/core/startup_nrf91.o
                0x000000000000c200                __Vectors
                0x000000000000c344                . = ALIGN (0x4)
                0x000000000000c344                __vectors_end__ = .
                0x0000000000000001                ASSERT ((. <= (ADDR (.TFM_VECTORS) + 0x144)), .TFM_VECTORS section size overflow.)
                0x000000000000c344                . = (ADDR (.TFM_VECTORS) + 0x144)

.copy.table     0x000000000000c344       0x24
                0x000000000000c344                __copy_table_start__ = .
                0x000000000000c344        0x4 LONG 0x17c40 LOADADDR (.TFM_DATA)
                0x000000000000c348        0x4 LONG 0x20001e20 ADDR (.TFM_DATA)
                0x000000000000c34c        0x4 LONG 0x3e (SIZEOF (.TFM_DATA) / 0x4)
                0x000000000000c350        0x4 LONG 0xe8a0 LOADADDR (.TFM_PSA_ROT_LINKER_DATA)
                0x000000000000c354        0x4 LONG 0x20000c40 ADDR (.TFM_PSA_ROT_LINKER_DATA)
                0x000000000000c358        0x4 LONG 0x0 (SIZEOF (.TFM_PSA_ROT_LINKER_DATA) / 0x4)
                0x000000000000c35c        0x4 LONG 0xe8a0 LOADADDR (.TFM_APP_ROT_LINKER_DATA)
                0x000000000000c360        0x4 LONG 0x20000c20 ADDR (.TFM_APP_ROT_LINKER_DATA)
                0x000000000000c364        0x4 LONG 0x0 (SIZEOF (.TFM_APP_ROT_LINKER_DATA) / 0x4)
                0x000000000000c368                __copy_table_end__ = .

.zero.table     0x000000000000c368       0x20
                0x000000000000c368                __zero_table_start__ = .
                0x000000000000c368        0x4 LONG 0x20001f20 ADDR (.TFM_BSS)
                0x000000000000c36c        0x4 LONG 0x69c (SIZEOF (.TFM_BSS) / 0x4)
                0x000000000000c370        0x4 LONG 0x20000c40 ADDR (.TFM_PSA_ROT_LINKER_BSS)
                0x000000000000c374        0x4 LONG 0x478 (SIZEOF (.TFM_PSA_ROT_LINKER_BSS) / 0x4)
                0x000000000000c378        0x4 LONG 0x20000c20 ADDR (.TFM_APP_ROT_LINKER_BSS)
                0x000000000000c37c        0x4 LONG 0x8 (SIZEOF (.TFM_APP_ROT_LINKER_BSS) / 0x4)
                0x000000000000c380        0x4 LONG 0x20000c00 ADDR (.TFM_SP_META_PTR)
                0x000000000000c384        0x4 LONG 0x8 (SIZEOF (.TFM_SP_META_PTR) / 0x4)
                0x000000000000c388                __zero_table_end__ = .

.TFM_SP_LOAD_LIST
                0x000000000000c388       0xc4
 *(.part_load_priority_lowest)
 .part_load_priority_lowest
                0x000000000000c388       0x30 secure_fw/CMakeFiles/tfm_s.dir/partitions/ns_agent_tz/load_info_ns_agent_tz.o
                0x000000000000c388                tfm_sp_ns_agent_tz_load
 *(.part_load_priority_low)
 *(.part_load_priority_normal)
 .part_load_priority_normal
                0x000000000000c3b8       0x4c secure_fw/CMakeFiles/tfm_s.dir/__/generated/secure_fw/partitions/crypto/auto_generated/load_info_tfm_crypto.o
                0x000000000000c3b8                tfm_sp_crypto_load
 .part_load_priority_normal
                0x000000000000c404       0x48 secure_fw/CMakeFiles/tfm_s.dir/__/generated/secure_fw/partitions/platform/auto_generated/load_info_tfm_platform.o
                0x000000000000c404                tfm_sp_platform_load
 *(.part_load_priority_high)
                0x000000000000c388                Image$$TFM_SP_LOAD_LIST$$RO$$Base = ADDR (.TFM_SP_LOAD_LIST)
                0x000000000000c44c                Image$$TFM_SP_LOAD_LIST$$RO$$Limit = (ADDR (.TFM_SP_LOAD_LIST) + SIZEOF (.TFM_SP_LOAD_LIST))
                0x000000000000c460                . = ALIGN (0x20)
                0x000000000000c460                Image$$TFM_PSA_CODE_START$$Base = .

.TFM_PSA_ROT_LINKER
                0x000000000000c460      0x4e0
 *tfm_psa_rot_partition*:*(.text*)
 .text.tfm_crypto_clear_scratch
                0x000000000000c460       0x20 secure_fw/partitions/crypto/libtfm_psa_rot_partition_crypto.a(crypto_init.o)
 .text.tfm_crypto_init
                0x000000000000c480       0x1c secure_fw/partitions/crypto/libtfm_psa_rot_partition_crypto.a(crypto_init.o)
                0x000000000000c480                tfm_crypto_init
 .text.tfm_crypto_api_dispatcher
                0x000000000000c49c       0xa4 secure_fw/partitions/crypto/libtfm_psa_rot_partition_crypto.a(crypto_init.o)
                0x000000000000c49c                tfm_crypto_api_dispatcher
 .text.tfm_crypto_sfn
                0x000000000000c540      0x170 secure_fw/partitions/crypto/libtfm_psa_rot_partition_crypto.a(crypto_init.o)
                0x000000000000c540                tfm_crypto_sfn
 .text.tfm_crypto_init_alloc
                0x000000000000c6b0       0x14 secure_fw/partitions/crypto/libtfm_psa_rot_partition_crypto.a(crypto_alloc.o)
                0x000000000000c6b0                tfm_crypto_init_alloc
 .text.tfm_crypto_cipher_interface
                0x000000000000c6c4        0x6 secure_fw/partitions/crypto/libtfm_psa_rot_partition_crypto.a(crypto_cipher.o)
                0x000000000000c6c4                tfm_crypto_cipher_interface
 .text.tfm_crypto_hash_interface
                0x000000000000c6ca        0x6 secure_fw/partitions/crypto/libtfm_psa_rot_partition_crypto.a(crypto_hash.o)
                0x000000000000c6ca                tfm_crypto_hash_interface
 .text.tfm_crypto_mac_interface
                0x000000000000c6d0        0x6 secure_fw/partitions/crypto/libtfm_psa_rot_partition_crypto.a(crypto_mac.o)
                0x000000000000c6d0                tfm_crypto_mac_interface
 .text.tfm_crypto_aead_interface
                0x000000000000c6d6        0x6 secure_fw/partitions/crypto/libtfm_psa_rot_partition_crypto.a(crypto_aead.o)
                0x000000000000c6d6                tfm_crypto_aead_interface
 .text.tfm_crypto_asymmetric_sign_interface
                0x000000000000c6dc        0x6 secure_fw/partitions/crypto/libtfm_psa_rot_partition_crypto.a(crypto_asymmetric.o)
                0x000000000000c6dc                tfm_crypto_asymmetric_sign_interface
 .text.tfm_crypto_asymmetric_encrypt_interface
                0x000000000000c6e2        0x6 secure_fw/partitions/crypto/libtfm_psa_rot_partition_crypto.a(crypto_asymmetric.o)
                0x000000000000c6e2                tfm_crypto_asymmetric_encrypt_interface
 .text.tfm_crypto_key_derivation_interface
                0x000000000000c6e8        0x6 secure_fw/partitions/crypto/libtfm_psa_rot_partition_crypto.a(crypto_key_derivation.o)
                0x000000000000c6e8                tfm_crypto_key_derivation_interface
 .text.tfm_crypto_key_management_interface
                0x000000000000c6ee        0x6 secure_fw/partitions/crypto/libtfm_psa_rot_partition_crypto.a(crypto_key_management.o)
                0x000000000000c6ee                tfm_crypto_key_management_interface
 .text.tfm_crypto_random_interface
                0x000000000000c6f4        0x8 secure_fw/partitions/crypto/libtfm_psa_rot_partition_crypto.a(crypto_rng.o)
                0x000000000000c6f4                tfm_crypto_random_interface
 .text.tfm_crypto_library_key_id_init
                0x000000000000c6fc        0x6 secure_fw/partitions/crypto/libtfm_psa_rot_partition_crypto.a(crypto_library.o)
                0x000000000000c6fc                tfm_crypto_library_key_id_init
 *fill*         0x000000000000c702        0x2 
 .text.tfm_crypto_library_get_info
                0x000000000000c704       0x1c secure_fw/partitions/crypto/libtfm_psa_rot_partition_crypto.a(crypto_library.o)
                0x000000000000c704                tfm_crypto_library_get_info
 .text.tfm_crypto_core_library_init
                0x000000000000c720       0x14 secure_fw/partitions/crypto/libtfm_psa_rot_partition_crypto.a(crypto_library.o)
                0x000000000000c720                tfm_crypto_core_library_init
 .text.tfm_platform_service_sfn
                0x000000000000c734      0x114 secure_fw/partitions/platform/libtfm_psa_rot_partition_platform.a(platform_sp.o)
                0x000000000000c734                tfm_platform_service_sfn
 .text.platform_sp_init
                0x000000000000c848        0x4 secure_fw/partitions/platform/libtfm_psa_rot_partition_platform.a(platform_sp.o)
                0x000000000000c848                platform_sp_init
 .text.tfm_builtin_key_loader_init
                0x000000000000c84c       0xe0 secure_fw/partitions/crypto/libtfm_psa_rot_partition_crypto.a(tfm_builtin_key_loader.o)
                0x000000000000c84c                tfm_builtin_key_loader_init
 *tfm_psa_rot_partition*:*(.rodata*)
 .rodata.tfm_crypto_library_get_info.str1.1
                0x000000000000c92c        0xf secure_fw/partitions/crypto/libtfm_psa_rot_partition_crypto.a(crypto_library.o)
 *(TFM_*_PSA-ROT_ATTR_FN)
                0x000000000000c940                . = ALIGN (0x20)
 *fill*         0x000000000000c93b        0x5 
                0x000000000000c460                Image$$TFM_PSA_ROT_LINKER$$RO$$Base = ADDR (.TFM_PSA_ROT_LINKER)
                0x000000000000c940                Image$$TFM_PSA_ROT_LINKER$$RO$$Limit = (ADDR (.TFM_PSA_ROT_LINKER) + SIZEOF (.TFM_PSA_ROT_LINKER))
                0x000000000000c460                Image$$TFM_PSA_ROT_LINKER$$Base = ADDR (.TFM_PSA_ROT_LINKER)
                0x000000000000c940                Image$$TFM_PSA_ROT_LINKER$$Limit = (ADDR (.TFM_PSA_ROT_LINKER) + SIZEOF (.TFM_PSA_ROT_LINKER))
                0x000000000000c940                Image$$TFM_PSA_CODE_END$$Base = .
                0x000000000000c940                Image$$TFM_APP_CODE_START$$Base = .

.TFM_APP_ROT_LINKER
                0x000000000000c940        0x0
 *tfm_app_rot_partition*:*(.text*)
 *tfm_app_rot_partition*:*(.rodata*)
 *(TFM_*_APP-ROT_ATTR_FN)
                0x000000000000c940                . = ALIGN (0x20)
                0x000000000000c940                Image$$TFM_APP_ROT_LINKER$$RO$$Base = ADDR (.TFM_APP_ROT_LINKER)
                0x000000000000c940                Image$$TFM_APP_ROT_LINKER$$RO$$Limit = (ADDR (.TFM_APP_ROT_LINKER) + SIZEOF (.TFM_APP_ROT_LINKER))
                0x000000000000c940                Image$$TFM_APP_ROT_LINKER$$Base = ADDR (.TFM_APP_ROT_LINKER)
                0x000000000000c940                Image$$TFM_APP_ROT_LINKER$$Limit = (ADDR (.TFM_APP_ROT_LINKER) + SIZEOF (.TFM_APP_ROT_LINKER))
                0x000000000000c940                Image$$TFM_APP_CODE_END$$Base = .

.ARM.extab
 *(.ARM.extab* .gnu.linkonce.armextab.*)
                0x000000000000c940                __exidx_start = .

.ARM.exidx      0x000000000000c940        0x8
 *(.ARM.exidx* .gnu.linkonce.armexidx.*)
 .ARM.exidx     0x000000000000c940        0x8 c:/ncs/toolchains/c57af46cb7/opt/zephyr-sdk/arm-zephyr-eabi/bin/../lib/gcc/arm-zephyr-eabi/12.2.0/../../../../arm-zephyr-eabi/lib/thumb/v8-m.main+fp/hard/crt0.o
                                         0x10 (size before relaxing)
                0x000000000000c948                __exidx_end = .

.ER_TFM_CODE    0x000000000000c948     0x1f4c
 *startup*(.text*)
 .text.default_irq_handler
                0x000000000000c948        0x4 secure_fw/CMakeFiles/tfm_s.dir/__/platform/ext/target/nordic_nrf/common/core/startup.o
                0x000000000000c948                default_irq_handler
 *fill*         0x000000000000c94c        0x4 
 .text.Reset_Handler
                0x000000000000c950       0xd4 secure_fw/CMakeFiles/tfm_s.dir/__/platform/ext/target/nordic_nrf/common/core/startup.o
                0x000000000000c950                Reset_Handler
 .text.default_tfm_IRQHandler
                0x000000000000ca24        0x6 secure_fw/CMakeFiles/tfm_s.dir/__/platform/ext/target/nordic_nrf/common/core/startup_nrf91.o
                0x000000000000ca24                TIMER2_IRQHandler
                0x000000000000ca24                DebugMon_Handler
                0x000000000000ca24                RTC0_IRQHandler
                0x000000000000ca24                SysTick_Handler
                0x000000000000ca24                PWM1_IRQHandler
                0x000000000000ca24                NMI_Handler
                0x000000000000ca24                PDM_IRQHandler
                0x000000000000ca24                default_tfm_IRQHandler
                0x000000000000ca24                IPC_IRQHandler
                0x000000000000ca24                PWM3_IRQHandler
                0x000000000000ca24                FPU_IRQHandler
                0x000000000000ca24                EGU3_IRQHandler
                0x000000000000ca24                KMU_IRQHandler
                0x000000000000ca24                CRYPTOCELL_IRQHandler
                0x000000000000ca24                I2S_IRQHandler
                0x000000000000ca24                EGU2_IRQHandler
                0x000000000000ca24                TIMER0_IRQHandler
                0x000000000000ca24                EGU4_IRQHandler
                0x000000000000ca24                EGU0_IRQHandler
                0x000000000000ca24                GPIOTE1_IRQHandler
                0x000000000000ca24                TIMER1_IRQHandler
                0x000000000000ca24                PWM2_IRQHandler
                0x000000000000ca24                EGU1_IRQHandler
                0x000000000000ca24                EGU5_IRQHandler
                0x000000000000ca24                UARTE3_SPIM3_SPIS3_TWIM3_TWIS3_IRQHandler
                0x000000000000ca24                SAADC_IRQHandler
                0x000000000000ca24                GPIOTE0_IRQHandler
                0x000000000000ca24                WDT_IRQHandler
                0x000000000000ca24                SPIM0_SPIS0_TWIM0_TWIS0_UARTE0_IRQHandler
                0x000000000000ca24                SPIM2_SPIS2_TWIM2_TWIS2_UARTE2_IRQHandler
                0x000000000000ca24                PWM0_IRQHandler
                0x000000000000ca24                RTC1_IRQHandler
                0x000000000000ca24                SPIM1_SPIS1_TWIM1_TWIS1_UARTE1_IRQHandler
                0x000000000000ca24                CLOCK_POWER_IRQHandler
 *libplatform_s*:*(.text*)
 *fill*         0x000000000000ca2a        0x2 
 .text.hw_init_reset_on_boot
                0x000000000000ca2c       0xd0 platform/libplatform_s.a(hw_init.o)
                0x000000000000ca2c                hw_init_reset_on_boot
 .text.nrf91_errata_6
                0x000000000000cafc       0x1e platform/libplatform_s.a(system_nrf91.o)
 .text.nrf91_errata_14
                0x000000000000cb1a       0x24 platform/libplatform_s.a(system_nrf91.o)
 *fill*         0x000000000000cb3e        0x2 
 .text.uicr_HFXOCNT_erased
                0x000000000000cb40       0x40 platform/libplatform_s.a(system_nrf91.o)
 .text.uicr_HFXOSRC_erased
                0x000000000000cb80       0x3c platform/libplatform_s.a(system_nrf91.o)
 .text.SystemInit
                0x000000000000cbbc      0x190 platform/libplatform_s.a(system_nrf91.o)
                0x000000000000cbbc                SystemInit
 .text.mpu_armv8m_enable
                0x000000000000cd4c       0x34 platform/libplatform_s.a(mpu_armv8m_drv.o)
                0x000000000000cd4c                mpu_armv8m_enable
 .text.mpu_armv8m_region_enable
                0x000000000000cd80       0x6a platform/libplatform_s.a(mpu_armv8m_drv.o)
                0x000000000000cd80                mpu_armv8m_region_enable
 .text.mpu_armv8m_region_disable
                0x000000000000cdea       0x14 platform/libplatform_s.a(mpu_armv8m_drv.o)
                0x000000000000cdea                mpu_armv8m_region_disable
 .text.mpu_armv8m_clean
                0x000000000000cdfe       0x22 platform/libplatform_s.a(mpu_armv8m_drv.o)
                0x000000000000cdfe                mpu_armv8m_clean
 .text.spu_enable_interrupts
                0x000000000000ce20       0x10 platform/libplatform_s.a(spu.o)
                0x000000000000ce20                spu_enable_interrupts
 .text.spu_clear_events
                0x000000000000ce30       0x24 platform/libplatform_s.a(spu.o)
                0x000000000000ce30                spu_clear_events
 .text.spu_regions_reset_unlocked_secure
                0x000000000000ce54       0x3c platform/libplatform_s.a(spu.o)
                0x000000000000ce54                spu_regions_reset_unlocked_secure
 .text.spu_regions_flash_config
                0x000000000000ce90       0x2c platform/libplatform_s.a(spu.o)
                0x000000000000ce90                spu_regions_flash_config
 .text.spu_regions_sram_config
                0x000000000000cebc       0x34 platform/libplatform_s.a(spu.o)
                0x000000000000cebc                spu_regions_sram_config
 .text.spu_regions_flash_config_non_secure_callable
                0x000000000000cef0       0x30 platform/libplatform_s.a(spu.o)
                0x000000000000cef0                spu_regions_flash_config_non_secure_callable
 .text.spu_regions_flash_get_base_address_in_region
                0x000000000000cf20        0x4 platform/libplatform_s.a(spu.o)
                0x000000000000cf20                spu_regions_flash_get_base_address_in_region
 .text.spu_regions_flash_get_last_address_in_region
                0x000000000000cf24        0xa platform/libplatform_s.a(spu.o)
                0x000000000000cf24                spu_regions_flash_get_last_address_in_region
 .text.spu_regions_flash_get_start_id
                0x000000000000cf2e        0x4 platform/libplatform_s.a(spu.o)
                0x000000000000cf2e                spu_regions_flash_get_start_id
 .text.spu_regions_flash_get_last_id
                0x000000000000cf32        0x4 platform/libplatform_s.a(spu.o)
                0x000000000000cf32                spu_regions_flash_get_last_id
 .text.spu_regions_flash_get_region_size
                0x000000000000cf36        0x6 platform/libplatform_s.a(spu.o)
                0x000000000000cf36                spu_regions_flash_get_region_size
 .text.spu_regions_sram_get_base_address_in_region
                0x000000000000cf3c        0xa platform/libplatform_s.a(spu.o)
                0x000000000000cf3c                spu_regions_sram_get_base_address_in_region
 *fill*         0x000000000000cf46        0x2 
 .text.spu_regions_sram_get_last_address_in_region
                0x000000000000cf48        0xc platform/libplatform_s.a(spu.o)
                0x000000000000cf48                spu_regions_sram_get_last_address_in_region
 .text.spu_regions_sram_get_start_id
                0x000000000000cf54        0x4 platform/libplatform_s.a(spu.o)
                0x000000000000cf54                spu_regions_sram_get_start_id
 .text.spu_regions_sram_get_last_id
                0x000000000000cf58        0x4 platform/libplatform_s.a(spu.o)
                0x000000000000cf58                spu_regions_sram_get_last_id
 .text.spu_regions_sram_get_region_size
                0x000000000000cf5c        0x6 platform/libplatform_s.a(spu.o)
                0x000000000000cf5c                spu_regions_sram_get_region_size
 *fill*         0x000000000000cf62        0x2 
 .text.spu_peripheral_config_non_secure
                0x000000000000cf64       0x18 platform/libplatform_s.a(spu.o)
                0x000000000000cf64                spu_peripheral_config_non_secure
 .text.tfm_hal_platform_init
                0x000000000000cf7c       0x30 platform/libplatform_s.a(tfm_hal_platform.o)
                0x000000000000cf7c                tfm_hal_platform_init
 .text.tfm_plat_otp_init
                0x000000000000cfac        0x4 platform/libplatform_s.a(dummy_otp.o)
                0x000000000000cfac                tfm_plat_otp_init
 .text.tfm_plat_provisioning_is_required
                0x000000000000cfb0        0x4 platform/libplatform_s.a(dummy_provisioning.o)
                0x000000000000cfb0                tfm_plat_provisioning_is_required
 .text.tfm_plat_provisioning_perform
                0x000000000000cfb4        0x4 platform/libplatform_s.a(dummy_provisioning.o)
                0x000000000000cfb4                tfm_plat_provisioning_perform
 .text.tfm_plat_provisioning_check_for_dummy_keys
                0x000000000000cfb8        0x2 platform/libplatform_s.a(dummy_provisioning.o)
                0x000000000000cfb8                tfm_plat_provisioning_check_for_dummy_keys
 *fill*         0x000000000000cfba        0x2 
 .text.tfm_platform_hal_system_reset
                0x000000000000cfbc       0x24 platform/libplatform_s.a(tfm_platform_system.o)
                0x000000000000cfbc                tfm_platform_hal_system_reset
 .text.tfm_platform_hal_ioctl
                0x000000000000cfe0       0x10 platform/libplatform_s.a(tfm_platform_system.o)
                0x000000000000cfe0                tfm_platform_hal_ioctl
 .text.tfm_hal_system_reset
                0x000000000000cff0       0x24 platform/libplatform_s.a(tfm_hal_reset_halt.o)
                0x000000000000cff0                tfm_hal_system_reset
 .text.tfm_platform_hal_read_service
                0x000000000000d014       0x60 platform/libplatform_s.a(tfm_platform_hal_ioctl.o)
                0x000000000000d014                tfm_platform_hal_read_service
 *libtfm_spm*:*(.text*)
 .text.tfm_core_panic
                0x000000000000d074        0x4 secure_fw/spm/libtfm_spm.a(utilities.o)
                0x000000000000d074                tfm_core_panic
 .text.startup.main
                0x000000000000d078       0x50 secure_fw/spm/libtfm_spm.a(main.o)
                0x000000000000d078                main
 .text.tfm_core_svc_handler
                0x000000000000d0c8       0x70 secure_fw/spm/libtfm_spm.a(tfm_core_svcalls_ipc.o)
                0x000000000000d0c8                tfm_core_svc_handler
 .text.tfm_core_handler_mode
                0x000000000000d138        0x4 secure_fw/spm/libtfm_spm.a(tfm_core_svcalls_ipc.o)
                0x000000000000d138                tfm_core_handler_mode
 .text.arch_non_preempt_call
                0x000000000000d13c       0x64 secure_fw/spm/libtfm_spm.a(tfm_arch_v8m_main.o)
                0x000000000000d13c                arch_non_preempt_call
 .text.PendSV_Handler
                0x000000000000d1a0       0x52 secure_fw/spm/libtfm_spm.a(tfm_arch_v8m_main.o)
                0x000000000000d1a0                PendSV_Handler
 *fill*         0x000000000000d1f2        0x2 
 .text.SVC_Handler
                0x000000000000d1f4       0x68 secure_fw/spm/libtfm_spm.a(tfm_arch_v8m_main.o)
                0x000000000000d1f4                SVC_Handler
 .text.tfm_arch_set_secure_exception_priorities
                0x000000000000d25c       0x28 secure_fw/spm/libtfm_spm.a(tfm_arch_v8m_main.o)
                0x000000000000d25c                tfm_arch_set_secure_exception_priorities
 .text.tfm_arch_config_extensions
                0x000000000000d284       0x44 secure_fw/spm/libtfm_spm.a(tfm_arch_v8m_main.o)
                0x000000000000d284                tfm_arch_config_extensions
 .text.tfm_arch_clear_fp_data
                0x000000000000d2c8       0x8a secure_fw/spm/libtfm_spm.a(tfm_arch_v8m_main.o)
                0x000000000000d2c8                tfm_arch_clear_fp_data
 *fill*         0x000000000000d352        0x2 
 .text.ns_agent_tz_main
                0x000000000000d354       0x60 secure_fw/spm/libtfm_spm.a(ns_agent_tz_v80m.o)
                0x000000000000d354                ns_agent_tz_main
 .text.tfm_hal_bind_boundary
                0x000000000000d3b4       0x46 secure_fw/spm/libtfm_spm.a(tfm_hal_isolation.o)
                0x000000000000d3b4                tfm_hal_bind_boundary
 .text.tfm_hal_activate_boundary
                0x000000000000d3fa       0x1c secure_fw/spm/libtfm_spm.a(tfm_hal_isolation.o)
                0x000000000000d3fa                tfm_hal_activate_boundary
 .text.tfm_hal_memory_check
                0x000000000000d416      0x126 secure_fw/spm/libtfm_spm.a(tfm_hal_isolation.o)
                0x000000000000d416                tfm_hal_memory_check
 .text.mpu_init_cfg
                0x000000000000d53c      0x11c secure_fw/spm/libtfm_spm.a(tfm_hal_isolation.o)
                0x000000000000d53c                mpu_init_cfg
 .text.tfm_hal_set_up_static_boundaries
                0x000000000000d658       0x2a secure_fw/spm/libtfm_spm.a(tfm_hal_isolation.o)
                0x000000000000d658                tfm_hal_set_up_static_boundaries
 .text.tfm_hal_boundary_need_switch
                0x000000000000d682       0x1a secure_fw/spm/libtfm_spm.a(tfm_hal_isolation.o)
                0x000000000000d682                tfm_hal_boundary_need_switch
 .text.SPU_Handler
                0x000000000000d69c       0x2c secure_fw/spm/libtfm_spm.a(faults.o)
                0x000000000000d69c                SPU_Handler
 .text.SPU_IRQHandler
                0x000000000000d6c8        0x6 secure_fw/spm/libtfm_spm.a(faults.o)
                0x000000000000d6c8                SPU_IRQHandler
 *fill*         0x000000000000d6ce        0x2 
 .text.enable_fault_handlers
                0x000000000000d6d0       0x14 secure_fw/spm/libtfm_spm.a(target_cfg.o)
                0x000000000000d6d0                enable_fault_handlers
 .text.system_reset_cfg
                0x000000000000d6e4       0x18 secure_fw/spm/libtfm_spm.a(target_cfg.o)
                0x000000000000d6e4                system_reset_cfg
 .text.init_debug
                0x000000000000d6fc        0x4 secure_fw/spm/libtfm_spm.a(target_cfg.o)
                0x000000000000d6fc                init_debug
 .text.nvic_interrupt_target_state_cfg
                0x000000000000d700       0x30 secure_fw/spm/libtfm_spm.a(target_cfg.o)
                0x000000000000d700                nvic_interrupt_target_state_cfg
 .text.nvic_interrupt_enable
                0x000000000000d730       0x18 secure_fw/spm/libtfm_spm.a(target_cfg.o)
                0x000000000000d730                nvic_interrupt_enable
 .text.sau_and_idau_cfg
                0x000000000000d748       0x20 secure_fw/spm/libtfm_spm.a(target_cfg.o)
                0x000000000000d748                sau_and_idau_cfg
 .text.spu_init_cfg
                0x000000000000d768       0x6c secure_fw/spm/libtfm_spm.a(target_cfg.o)
                0x000000000000d768                spu_init_cfg
 .text.spu_periph_init_cfg
                0x000000000000d7d4      0x180 secure_fw/spm/libtfm_spm.a(target_cfg.o)
                0x000000000000d7d4                spu_periph_init_cfg
 .text.tfm_core_validate_boot_data
                0x000000000000d954        0xc secure_fw/spm/libtfm_spm.a(tfm_boot_data.o)
                0x000000000000d954                tfm_core_validate_boot_data
 .text.tfm_core_get_boot_data_handler
                0x000000000000d960       0x34 secure_fw/spm/libtfm_spm.a(tfm_boot_data.o)
                0x000000000000d960                tfm_core_get_boot_data_handler
 .text.tfm_arch_free_msp_and_exc_ret
                0x000000000000d994        0xc secure_fw/spm/libtfm_spm.a(tfm_arch.o)
                0x000000000000d994                tfm_arch_free_msp_and_exc_ret
 .text.tfm_arch_set_context_ret_code
                0x000000000000d9a0       0x14 secure_fw/spm/libtfm_spm.a(tfm_arch.o)
                0x000000000000d9a0                tfm_arch_set_context_ret_code
 .text.tfm_arch_trigger_pendsv
                0x000000000000d9b4       0x18 secure_fw/spm/libtfm_spm.a(tfm_arch.o)
                0x000000000000d9b4                tfm_arch_trigger_pendsv
 .text.tfm_arch_init_context
                0x000000000000d9cc       0x54 secure_fw/spm/libtfm_spm.a(tfm_arch.o)
                0x000000000000d9cc                tfm_arch_init_context
 .text.tfm_arch_refresh_hardware_context
                0x000000000000da20       0x12 secure_fw/spm/libtfm_spm.a(tfm_arch.o)
                0x000000000000da20                tfm_arch_refresh_hardware_context
 *fill*         0x000000000000da32        0x2 
 .text.connection_to_handle
                0x000000000000da34       0x20 secure_fw/spm/libtfm_spm.a(spm_ipc.o)
                0x000000000000da34                connection_to_handle
 .text.handle_to_connection
                0x000000000000da54       0x10 secure_fw/spm/libtfm_spm.a(spm_ipc.o)
                0x000000000000da54                handle_to_connection
 .text.spm_allocate_connection
                0x000000000000da64       0x20 secure_fw/spm/libtfm_spm.a(spm_ipc.o)
                0x000000000000da64                spm_allocate_connection
 .text.spm_validate_connection
                0x000000000000da84       0x1c secure_fw/spm/libtfm_spm.a(spm_ipc.o)
                0x000000000000da84                spm_validate_connection
 .text.spm_free_connection
                0x000000000000daa0       0x1c secure_fw/spm/libtfm_spm.a(spm_ipc.o)
                0x000000000000daa0                spm_free_connection
 .text.spm_get_handle_by_signal
                0x000000000000dabc       0x46 secure_fw/spm/libtfm_spm.a(spm_ipc.o)
                0x000000000000dabc                spm_get_handle_by_signal
 *fill*         0x000000000000db02        0x2 
 .text.tfm_spm_get_service_by_sid
                0x000000000000db04       0x2c secure_fw/spm/libtfm_spm.a(spm_ipc.o)
                0x000000000000db04                tfm_spm_get_service_by_sid
 .text.tfm_spm_check_client_version
                0x000000000000db30       0x24 secure_fw/spm/libtfm_spm.a(spm_ipc.o)
                0x000000000000db30                tfm_spm_check_client_version
 .text.tfm_spm_check_authorization
                0x000000000000db54       0x48 secure_fw/spm/libtfm_spm.a(spm_ipc.o)
                0x000000000000db54                tfm_spm_check_authorization
 .text.spm_fill_message
                0x000000000000db9c       0x30 secure_fw/spm/libtfm_spm.a(spm_ipc.o)
                0x000000000000db9c                spm_fill_message
 .text.tfm_spm_partition_get_running_partition_id
                0x000000000000dbcc       0x20 secure_fw/spm/libtfm_spm.a(spm_ipc.o)
                0x000000000000dbcc                tfm_spm_partition_get_running_partition_id
 .text.spm_msg_handle_to_connection
                0x000000000000dbec       0x28 secure_fw/spm/libtfm_spm.a(spm_ipc.o)
                0x000000000000dbec                spm_msg_handle_to_connection
 .text.tfm_spm_is_ns_caller
                0x000000000000dc14       0x20 secure_fw/spm/libtfm_spm.a(spm_ipc.o)
                0x000000000000dc14                tfm_spm_is_ns_caller
 .text.tfm_spm_get_client_id
                0x000000000000dc34       0x20 secure_fw/spm/libtfm_spm.a(spm_ipc.o)
                0x000000000000dc34                tfm_spm_get_client_id
 .text.tfm_spm_init
                0x000000000000dc54       0x74 secure_fw/spm/libtfm_spm.a(spm_ipc.o)
                0x000000000000dc54                tfm_spm_init
 .text.update_caller_outvec_len
                0x000000000000dcc8       0x24 secure_fw/spm/libtfm_spm.a(spm_ipc.o)
                0x000000000000dcc8                update_caller_outvec_len
 .text.cross_call_entering_c
                0x000000000000dcec       0x2c secure_fw/spm/libtfm_spm.a(spm_cross_call.o)
                0x000000000000dcec                cross_call_entering_c
 .text.cross_call_exiting_c
                0x000000000000dd18       0x30 secure_fw/spm/libtfm_spm.a(spm_cross_call.o)
                0x000000000000dd18                cross_call_exiting_c
 .text.spm_interface_cross_dispatcher
                0x000000000000dd48       0x3c secure_fw/spm/libtfm_spm.a(spm_cross_call.o)
                0x000000000000dd48                spm_interface_cross_dispatcher
 .text.load_a_partition_assuredly
                0x000000000000dd84       0xd0 secure_fw/spm/libtfm_spm.a(rom_loader.o)
                0x000000000000dd84                load_a_partition_assuredly
 .text.load_services_assuredly
                0x000000000000de54       0xc4 secure_fw/spm/libtfm_spm.a(rom_loader.o)
                0x000000000000de54                load_services_assuredly
 .text.load_irqs_assuredly
                0x000000000000df18        0x2 secure_fw/spm/libtfm_spm.a(rom_loader.o)
                0x000000000000df18                load_irqs_assuredly
 .text.spm_handle_programmer_errors
                0x000000000000df1a       0x18 secure_fw/spm/libtfm_spm.a(psa_api.o)
                0x000000000000df1a                spm_handle_programmer_errors
 .text.tfm_spm_get_lifecycle_state
                0x000000000000df32        0x4 secure_fw/spm/libtfm_spm.a(psa_api.o)
                0x000000000000df32                tfm_spm_get_lifecycle_state
 *fill*         0x000000000000df36        0x2 
 .text.tfm_spm_partition_psa_wait
                0x000000000000df38       0x38 secure_fw/spm/libtfm_spm.a(psa_api.o)
                0x000000000000df38                tfm_spm_partition_psa_wait
 .text.tfm_spm_partition_psa_get
                0x000000000000df70       0x64 secure_fw/spm/libtfm_spm.a(psa_api.o)
                0x000000000000df70                tfm_spm_partition_psa_get
 .text.tfm_spm_partition_psa_reply
                0x000000000000dfd4       0x9a secure_fw/spm/libtfm_spm.a(psa_api.o)
                0x000000000000dfd4                tfm_spm_partition_psa_reply
 .text.tfm_spm_partition_psa_panic
                0x000000000000e06e        0x4 secure_fw/spm/libtfm_spm.a(psa_api.o)
                0x000000000000e06e                tfm_spm_partition_psa_panic
 .text.query_state
                0x000000000000e072       0x40 secure_fw/spm/libtfm_spm.a(backend_ipc.o)
 *fill*         0x000000000000e0b2        0x2 
 .text.backend_init_comp_assuredly
                0x000000000000e0b4       0xe0 secure_fw/spm/libtfm_spm.a(backend_ipc.o)
                0x000000000000e0b4                backend_init_comp_assuredly
 .text.backend_system_run
                0x000000000000e194       0x44 secure_fw/spm/libtfm_spm.a(backend_ipc.o)
                0x000000000000e194                backend_system_run
 .text.backend_wait_signals
                0x000000000000e1d8       0x20 secure_fw/spm/libtfm_spm.a(backend_ipc.o)
                0x000000000000e1d8                backend_wait_signals
 .text.backend_assert_signal
                0x000000000000e1f8       0x20 secure_fw/spm/libtfm_spm.a(backend_ipc.o)
                0x000000000000e1f8                backend_assert_signal
 .text.backend_messaging
                0x000000000000e218       0x32 secure_fw/spm/libtfm_spm.a(backend_ipc.o)
                0x000000000000e218                backend_messaging
 .text.backend_replying
                0x000000000000e24a       0x10 secure_fw/spm/libtfm_spm.a(backend_ipc.o)
                0x000000000000e24a                backend_replying
 *fill*         0x000000000000e25a        0x2 
 .text.ipc_schedule
                0x000000000000e25c       0x84 secure_fw/spm/libtfm_spm.a(backend_ipc.o)
                0x000000000000e25c                ipc_schedule
 .text.tfm_pool_init
                0x000000000000e2e0       0x5c secure_fw/spm/libtfm_spm.a(tfm_pools.o)
                0x000000000000e2e0                tfm_pool_init
 .text.tfm_pool_alloc
                0x000000000000e33c       0x16 secure_fw/spm/libtfm_spm.a(tfm_pools.o)
                0x000000000000e33c                tfm_pool_alloc
 .text.tfm_pool_free
                0x000000000000e352        0xc secure_fw/spm/libtfm_spm.a(tfm_pools.o)
                0x000000000000e352                tfm_pool_free
 .text.is_valid_chunk_data_in_pool
                0x000000000000e35e       0x28 secure_fw/spm/libtfm_spm.a(tfm_pools.o)
                0x000000000000e35e                is_valid_chunk_data_in_pool
 *fill*         0x000000000000e386        0x2 
 .text.thrd_set_query_callback
                0x000000000000e388        0xc secure_fw/spm/libtfm_spm.a(thread.o)
                0x000000000000e388                thrd_set_query_callback
 .text.thrd_next
                0x000000000000e394       0x40 secure_fw/spm/libtfm_spm.a(thread.o)
                0x000000000000e394                thrd_next
 .text.thrd_set_state
                0x000000000000e3d4       0x28 secure_fw/spm/libtfm_spm.a(thread.o)
                0x000000000000e3d4                thrd_set_state
 .text.thrd_start
                0x000000000000e3fc       0x44 secure_fw/spm/libtfm_spm.a(thread.o)
                0x000000000000e3fc                thrd_start
 .text.thrd_start_scheduler
                0x000000000000e440       0x1c secure_fw/spm/libtfm_spm.a(thread.o)
                0x000000000000e440                thrd_start_scheduler
 .text.tfm_nspm_get_current_client_id
                0x000000000000e45c        0x6 secure_fw/spm/libtfm_spm.a(tfm_spm_ns_ctx.o)
                0x000000000000e45c                tfm_nspm_get_current_client_id
 *fill*         0x000000000000e462        0x2 
 .text.tfm_nspm_ctx_init
                0x000000000000e464       0x18 secure_fw/spm/libtfm_spm.a(tfm_spm_ns_ctx.o)
                0x000000000000e464                tfm_nspm_ctx_init
 .text.tfm_hal_platform_common_init
                0x000000000000e47c       0x32 secure_fw/spm/libtfm_spm.a(tfm_hal_platform_common.o)
                0x000000000000e47c                tfm_hal_platform_common_init
 *fill*         0x000000000000e4ae        0x2 
 .text.tfm_hal_get_ns_VTOR
                0x000000000000e4b0        0xc secure_fw/spm/libtfm_spm.a(tfm_hal_platform_common.o)
                0x000000000000e4b0                tfm_hal_get_ns_VTOR
 .text.tfm_hal_get_ns_MSP
                0x000000000000e4bc        0xc secure_fw/spm/libtfm_spm.a(tfm_hal_platform_common.o)
                0x000000000000e4bc                tfm_hal_get_ns_MSP
 .text.tfm_hal_get_ns_entry_point
                0x000000000000e4c8        0xc secure_fw/spm/libtfm_spm.a(tfm_hal_platform_common.o)
                0x000000000000e4c8                tfm_hal_get_ns_entry_point
 .text.tfm_spm_client_psa_call
                0x000000000000e4d4      0x200 secure_fw/spm/libtfm_spm.a(psa_call_api.o)
                0x000000000000e4d4                tfm_spm_client_psa_call
 .text.tfm_spm_client_psa_framework_version
                0x000000000000e6d4        0x6 secure_fw/spm/libtfm_spm.a(psa_version_api.o)
                0x000000000000e6d4                tfm_spm_client_psa_framework_version
 .text.tfm_spm_client_psa_version
                0x000000000000e6da       0x2c secure_fw/spm/libtfm_spm.a(psa_version_api.o)
                0x000000000000e6da                tfm_spm_client_psa_version
 *fill*         0x000000000000e706        0x2 
 .text.tfm_spm_partition_psa_read
                0x000000000000e708       0x7c secure_fw/spm/libtfm_spm.a(psa_read_write_skip_api.o)
                0x000000000000e708                tfm_spm_partition_psa_read
 .text.tfm_spm_partition_psa_skip
                0x000000000000e784       0x46 secure_fw/spm/libtfm_spm.a(psa_read_write_skip_api.o)
                0x000000000000e784                tfm_spm_partition_psa_skip
 *fill*         0x000000000000e7ca        0x2 
 .text.tfm_spm_partition_psa_write
                0x000000000000e7cc       0x78 secure_fw/spm/libtfm_spm.a(psa_read_write_skip_api.o)
                0x000000000000e7cc                tfm_spm_partition_psa_write
 *libplatform_s*:*(.rodata*)
 .rodata.ranges
                0x000000000000e844       0x20 platform/libplatform_s.a(tfm_platform_hal_ioctl.o)
 *libtfm_spm*:*(.rodata*)
 .rodata.memory_regions
                0x000000000000e864       0x24 secure_fw/spm/libtfm_spm.a(target_cfg.o)
                0x000000000000e864                memory_regions
 .rodata.serv_pool_ea
                0x000000000000e888        0x4 secure_fw/spm/libtfm_spm.a(rom_loader.o)
 .rodata.part_pool_ea
                0x000000000000e88c        0x4 secure_fw/spm/libtfm_spm.a(rom_loader.o)
 .rodata.ldinf_ea
                0x000000000000e890        0x4 secure_fw/spm/libtfm_spm.a(rom_loader.o)

.tfm_secure_data_start
                0x0000000020000000        0x0
                0x0000000020000000                . = ABSOLUTE (0x20000000)

.tfm_bl2_shared_data
                0x0000000020000000      0x400
                0x0000000020000400                . = (. + 0x400)
 *fill*         0x0000000020000000      0x400 

.msp_stack      0x0000000020000400      0x7f8
                0x0000000020000bf8                . = (. + (__msp_stack_size__ - 0x8))
 *fill*         0x0000000020000400      0x7f8 
                0x0000000020000400                Image$$ARM_LIB_STACK$$ZI$$Base = ADDR (.msp_stack)
                0x0000000020000bf8                Image$$ARM_LIB_STACK$$ZI$$Limit = (ADDR (.msp_stack) + SIZEOF (.msp_stack))

.msp_stack_seal_res
                0x0000000020000bf8        0x8
                0x0000000020000c00                . = (. + 0x8)
 *fill*         0x0000000020000bf8        0x8 
                0x0000000020000bf8                __StackSeal = ADDR (.msp_stack_seal_res)

.TFM_SP_META_PTR
                0x0000000020000c00       0x20
 *(.bss.SP_META_PTR_SPRTL_INST)
 .bss.SP_META_PTR_SPRTL_INST
                0x0000000020000c00        0x4 secure_fw/partitions/lib/runtime/libtfm_sprt.a(sprt_partition_metadata_indicator.o)
                0x0000000020000c00                p_partition_metadata
                0x0000000020000c20                . = ALIGN (0x20)
 *fill*         0x0000000020000c04       0x1c 
                0x0000000020000c00                Image$$TFM_SP_META_PTR$$ZI$$Base = ADDR (.TFM_SP_META_PTR)
                0x0000000020000c20                Image$$TFM_SP_META_PTR$$ZI$$Limit = (ADDR (.TFM_SP_META_PTR) + SIZEOF (.TFM_SP_META_PTR))
                0x0000000020000c20                . = ALIGN (0x20)
                0x0000000020000c20                Image$$TFM_APP_RW_STACK_START$$Base = .

.TFM_APP_ROT_LINKER_DATA
                0x0000000020000c20        0x0 load address 0x000000000000e8a0
 *tfm_app_rot_partition*:*(.data*)
 *(TFM_*_APP-ROT_ATTR_RW)
                0x0000000020000c20                . = ALIGN (0x4)
                0x0000000020000c20                Image$$TFM_APP_ROT_LINKER_DATA$$RW$$Base = ADDR (.TFM_APP_ROT_LINKER_DATA)
                0x0000000020000c20                Image$$TFM_APP_ROT_LINKER_DATA$$RW$$Limit = (ADDR (.TFM_APP_ROT_LINKER_DATA) + SIZEOF (.TFM_APP_ROT_LINKER_DATA))

.TFM_APP_ROT_LINKER_BSS
                0x0000000020000c20       0x20
                0x0000000020000c20                start_of_TFM_APP_ROT_LINKER = .
 *tfm_app_rot_partition*:*(.bss*)
 *tfm_app_rot_partition*:*(COMMON)
 *(TFM_*_APP-ROT_ATTR_ZI)
                0x0000000020000c24                . = (. + (. - start_of_TFM_APP_ROT_LINKER)?0x0:0x4)
 *fill*         0x0000000020000c20        0x4 
                0x0000000020000c40                . = ALIGN (0x20)
 *fill*         0x0000000020000c24       0x1c 
                0x0000000020000c20                Image$$TFM_APP_ROT_LINKER_DATA$$ZI$$Base = ADDR (.TFM_APP_ROT_LINKER_BSS)
                0x0000000020000c40                Image$$TFM_APP_ROT_LINKER_DATA$$ZI$$Limit = (ADDR (.TFM_APP_ROT_LINKER_BSS) + SIZEOF (.TFM_APP_ROT_LINKER_BSS))
                0x0000000020000c40                Image$$TFM_APP_RW_STACK_END$$Base = .
                0x0000000020000c40                Image$$TFM_PSA_RW_STACK_START$$Base = .

.TFM_PSA_ROT_LINKER_DATA
                0x0000000020000c40        0x0 load address 0x000000000000e8a0
 *tfm_psa_rot_partition*:*(.data*)
 *(TFM_*_PSA-ROT_ATTR_RW)
                0x0000000020000c40                . = ALIGN (0x4)
                0x0000000020000c40                Image$$TFM_PSA_ROT_LINKER_DATA$$RW$$Base = ADDR (.TFM_PSA_ROT_LINKER_DATA)
                0x0000000020000c40                Image$$TFM_PSA_ROT_LINKER_DATA$$RW$$Limit = (ADDR (.TFM_PSA_ROT_LINKER_DATA) + SIZEOF (.TFM_PSA_ROT_LINKER_DATA))

.TFM_PSA_ROT_LINKER_BSS
                0x0000000020000c40     0x11e0
                0x0000000020000c40                start_of_TFM_PSA_ROT_LINKER = .
 *tfm_psa_rot_partition*:*(.bss*)
 .bss.scratch   0x0000000020000c40      0x408 secure_fw/partitions/crypto/libtfm_psa_rot_partition_crypto.a(crypto_init.o)
 .bss.operations
                0x0000000020001048       0x28 secure_fw/partitions/crypto/libtfm_psa_rot_partition_crypto.a(crypto_alloc.o)
 .bss.mbedtls_mem_buf
                0x0000000020001070        0x1 secure_fw/partitions/crypto/libtfm_psa_rot_partition_crypto.a(crypto_library.o)
 .bss.mbedtls_version_full
                0x0000000020001071       0x12 secure_fw/partitions/crypto/libtfm_psa_rot_partition_crypto.a(crypto_library.o)
 *fill*         0x0000000020001083        0x5 
 .bss.tfm_sp_crypto_stack
                0x0000000020001088      0x800 secure_fw/partitions/crypto/libtfm_psa_rot_partition_crypto.a(intermedia_tfm_crypto.o)
                0x0000000020001088                tfm_sp_crypto_stack
 .bss.tfm_sp_platform_stack
                0x0000000020001888      0x500 secure_fw/partitions/platform/libtfm_psa_rot_partition_platform.a(intermedia_tfm_platform.o)
                0x0000000020001888                tfm_sp_platform_stack
 .bss.g_builtin_key_slots
                0x0000000020001d88       0x90 secure_fw/partitions/crypto/libtfm_psa_rot_partition_crypto.a(tfm_builtin_key_loader.o)
 *tfm_psa_rot_partition*:*(COMMON)
 *(TFM_*_PSA-ROT_ATTR_ZI)
                0x0000000020001e18                . = (. + (. - start_of_TFM_PSA_ROT_LINKER)?0x0:0x4)
                0x0000000020001e20                . = ALIGN (0x20)
 *fill*         0x0000000020001e18        0x8 
                0x0000000020000c40                Image$$TFM_PSA_ROT_LINKER_DATA$$ZI$$Base = ADDR (.TFM_PSA_ROT_LINKER_BSS)
                0x0000000020001e20                Image$$TFM_PSA_ROT_LINKER_DATA$$ZI$$Limit = (ADDR (.TFM_PSA_ROT_LINKER_BSS) + SIZEOF (.TFM_PSA_ROT_LINKER_BSS))
                0x0000000020001e20                Image$$TFM_PSA_RW_STACK_END$$Base = .

.TFM_UNPRIV_CODE
                0x000000000000e8a0     0x35a0
 *(SFN)
 SFN            0x000000000000e8a0       0x88 secure_fw/CMakeFiles/tfm_s.dir/partitions/ns_agent_tz/psa_api_veneers_v80m.o
                0x000000000000e8a0                __acle_se_tfm_psa_framework_version_veneer
                0x000000000000e8be                __acle_se_tfm_psa_version_veneer
                0x000000000000e8dc                __acle_se_tfm_psa_call_veneer
                0x000000000000e8fe                __acle_se_tfm_psa_connect_veneer
                0x000000000000e910                __acle_se_tfm_psa_close_veneer
 *(.text*)
 .text          0x000000000000e928       0x88 c:/ncs/toolchains/c57af46cb7/opt/zephyr-sdk/arm-zephyr-eabi/bin/../lib/gcc/arm-zephyr-eabi/12.2.0/thumb/v8-m.main+fp/hard/crtbegin.o
 .text          0x000000000000e9b0       0x7c c:/ncs/toolchains/c57af46cb7/opt/zephyr-sdk/arm-zephyr-eabi/bin/../lib/gcc/arm-zephyr-eabi/12.2.0/../../../../arm-zephyr-eabi/lib/thumb/v8-m.main+fp/hard/crt0.o
                0x000000000000e9b0                _stack_init
                0x000000000000e9b8                _start
                0x000000000000e9b8                _mainCRTStartup
 .text.clear_caller_context
                0x000000000000ea2c        0x8 secure_fw/CMakeFiles/tfm_s.dir/partitions/ns_agent_tz/psa_api_veneers_v80m.o
 .text.C_HardFault_Handler
                0x000000000000ea34        0x4 secure_fw/CMakeFiles/tfm_s.dir/__/platform/ext/common/faults.o
                0x000000000000ea34                C_HardFault_Handler
 .text.HardFault_Handler
                0x000000000000ea38        0x6 secure_fw/CMakeFiles/tfm_s.dir/__/platform/ext/common/faults.o
                0x000000000000ea38                HardFault_Handler
 .text.C_MemManage_Handler
                0x000000000000ea3e        0x4 secure_fw/CMakeFiles/tfm_s.dir/__/platform/ext/common/faults.o
                0x000000000000ea3e                C_MemManage_Handler
 .text.MemManage_Handler
                0x000000000000ea42        0x6 secure_fw/CMakeFiles/tfm_s.dir/__/platform/ext/common/faults.o
                0x000000000000ea42                MemManage_Handler
 .text.C_BusFault_Handler
                0x000000000000ea48        0x4 secure_fw/CMakeFiles/tfm_s.dir/__/platform/ext/common/faults.o
                0x000000000000ea48                C_BusFault_Handler
 .text.BusFault_Handler
                0x000000000000ea4c        0x6 secure_fw/CMakeFiles/tfm_s.dir/__/platform/ext/common/faults.o
                0x000000000000ea4c                BusFault_Handler
 .text.C_SecureFault_Handler
                0x000000000000ea52        0x4 secure_fw/CMakeFiles/tfm_s.dir/__/platform/ext/common/faults.o
                0x000000000000ea52                C_SecureFault_Handler
 .text.SecureFault_Handler
                0x000000000000ea56        0x6 secure_fw/CMakeFiles/tfm_s.dir/__/platform/ext/common/faults.o
                0x000000000000ea56                SecureFault_Handler
 .text.C_UsageFault_Handler
                0x000000000000ea5c        0x4 secure_fw/CMakeFiles/tfm_s.dir/__/platform/ext/common/faults.o
                0x000000000000ea5c                C_UsageFault_Handler
 .text.UsageFault_Handler
                0x000000000000ea60        0x6 secure_fw/CMakeFiles/tfm_s.dir/__/platform/ext/common/faults.o
                0x000000000000ea60                UsageFault_Handler
 .text.memset   0x000000000000ea66       0x3e secure_fw/partitions/lib/runtime/libtfm_sprt.a(crt_memset.o)
                0x000000000000ea66                memset
 .text.psa_framework_version
                0x000000000000eaa4       0x10 secure_fw/partitions/lib/runtime/libtfm_sprt.a(psa_api_ipc.o)
                0x000000000000eaa4                psa_framework_version
 .text.psa_version
                0x000000000000eab4       0x10 secure_fw/partitions/lib/runtime/libtfm_sprt.a(psa_api_ipc.o)
                0x000000000000eab4                psa_version
 .text.tfm_psa_call_pack
                0x000000000000eac4       0x18 secure_fw/partitions/lib/runtime/libtfm_sprt.a(psa_api_ipc.o)
                0x000000000000eac4                tfm_psa_call_pack
 .text.psa_wait
                0x000000000000eadc       0x10 secure_fw/partitions/lib/runtime/libtfm_sprt.a(psa_api_ipc.o)
                0x000000000000eadc                psa_wait
 .text.psa_get  0x000000000000eaec       0x10 secure_fw/partitions/lib/runtime/libtfm_sprt.a(psa_api_ipc.o)
                0x000000000000eaec                psa_get
 .text.psa_read
                0x000000000000eafc       0x18 secure_fw/partitions/lib/runtime/libtfm_sprt.a(psa_api_ipc.o)
                0x000000000000eafc                psa_read
 .text.psa_write
                0x000000000000eb14       0x18 secure_fw/partitions/lib/runtime/libtfm_sprt.a(psa_api_ipc.o)
                0x000000000000eb14                psa_write
 .text.psa_reply
                0x000000000000eb2c       0x10 secure_fw/partitions/lib/runtime/libtfm_sprt.a(psa_api_ipc.o)
                0x000000000000eb2c                psa_reply
 .text.psa_panic
                0x000000000000eb3c       0x10 secure_fw/partitions/lib/runtime/libtfm_sprt.a(psa_api_ipc.o)
                0x000000000000eb3c                psa_panic
 .text.tfm_plat_builtin_key_get_desc_table_ptr
                0x000000000000eb4c        0x4 platform/libplatform_crypto_keys.a(crypto_keys.o)
                0x000000000000eb4c                tfm_plat_builtin_key_get_desc_table_ptr
 .text.verify_header
                0x000000000000eb50       0x40 secure_fw/partitions/crypto/mbedcrypto/nrf_security_src/libcrypto_service_mbedcrypto.a(memory_buffer_alloc.o)
 .text.verify_chain
                0x000000000000eb90       0x3c secure_fw/partitions/crypto/mbedcrypto/nrf_security_src/libcrypto_service_mbedcrypto.a(memory_buffer_alloc.o)
 .text.buffer_alloc_calloc
                0x000000000000ebcc       0xf4 secure_fw/partitions/crypto/mbedcrypto/nrf_security_src/libcrypto_service_mbedcrypto.a(memory_buffer_alloc.o)
 .text.buffer_alloc_free
                0x000000000000ecc0       0xe8 secure_fw/partitions/crypto/mbedcrypto/nrf_security_src/libcrypto_service_mbedcrypto.a(memory_buffer_alloc.o)
 .text.mbedtls_memory_buffer_alloc_init
                0x000000000000eda8       0x64 secure_fw/partitions/crypto/mbedcrypto/nrf_security_src/libcrypto_service_mbedcrypto.a(memory_buffer_alloc.o)
                0x000000000000eda8                mbedtls_memory_buffer_alloc_init
 .text.platform_calloc_uninit
                0x000000000000ee0c        0x4 secure_fw/partitions/crypto/mbedcrypto/nrf_security_src/libcrypto_service_mbedcrypto.a(platform.o)
 .text.platform_free_uninit
                0x000000000000ee10        0x2 secure_fw/partitions/crypto/mbedcrypto/nrf_security_src/libcrypto_service_mbedcrypto.a(platform.o)
 *fill*         0x000000000000ee12        0x2 
 .text.mbedtls_free
                0x000000000000ee14        0xc secure_fw/partitions/crypto/mbedcrypto/nrf_security_src/libcrypto_service_mbedcrypto.a(platform.o)
                0x000000000000ee14                mbedtls_free
 .text.mbedtls_platform_set_calloc_free
                0x000000000000ee20       0x14 secure_fw/partitions/crypto/mbedcrypto/nrf_security_src/libcrypto_service_mbedcrypto.a(platform.o)
                0x000000000000ee20                mbedtls_platform_set_calloc_free
 .text.psa_remove_key_data_from_memory
                0x000000000000ee34       0x1c secure_fw/partitions/crypto/mbedcrypto/nrf_security_src/libcrypto_service_mbedcrypto.a(psa_crypto.o)
                0x000000000000ee34                psa_remove_key_data_from_memory
 .text.psa_wipe_key_slot
                0x000000000000ee50       0x22 secure_fw/partitions/crypto/mbedcrypto/nrf_security_src/libcrypto_service_mbedcrypto.a(psa_crypto.o)
                0x000000000000ee50                psa_wipe_key_slot
 *fill*         0x000000000000ee72        0x2 
 .text.mbedcrypto__psa_generate_random
                0x000000000000ee74       0x1c secure_fw/partitions/crypto/mbedcrypto/nrf_security_src/libcrypto_service_mbedcrypto.a(psa_crypto.o)
                0x000000000000ee74                mbedcrypto__psa_generate_random
 .text.mbedtls_psa_crypto_free
                0x000000000000ee90       0x24 secure_fw/partitions/crypto/mbedcrypto/nrf_security_src/libcrypto_service_mbedcrypto.a(psa_crypto.o)
                0x000000000000ee90                mbedtls_psa_crypto_free
 .text.mbedcrypto__psa_crypto_init
                0x000000000000eeb4       0x3c secure_fw/partitions/crypto/mbedcrypto/nrf_security_src/libcrypto_service_mbedcrypto.a(psa_crypto.o)
                0x000000000000eeb4                mbedcrypto__psa_crypto_init
 .text.psa_initialize_key_slots
                0x000000000000eef0       0x18 secure_fw/partitions/crypto/mbedcrypto/nrf_security_src/libcrypto_service_mbedcrypto.a(psa_crypto_slot_management.o)
                0x000000000000eef0                psa_initialize_key_slots
 .text.psa_wipe_all_key_slots
                0x000000000000ef08       0x2c secure_fw/partitions/crypto/mbedcrypto/nrf_security_src/libcrypto_service_mbedcrypto.a(psa_crypto_slot_management.o)
                0x000000000000ef08                psa_wipe_all_key_slots
 .text.psa_driver_wrapper_init
                0x000000000000ef34        0x4 secure_fw/partitions/crypto/mbedcrypto/nrf_security_src/libcrypto_service_mbedcrypto.a(psa_crypto_driver_wrappers.o)
                0x000000000000ef34                psa_driver_wrapper_init
 .text.psa_driver_wrapper_free
                0x000000000000ef38        0x2 secure_fw/partitions/crypto/mbedcrypto/nrf_security_src/libcrypto_service_mbedcrypto.a(psa_crypto_driver_wrappers.o)
                0x000000000000ef38                psa_driver_wrapper_free
 .text.psa_driver_wrapper_init_random
                0x000000000000ef3a        0x4 secure_fw/partitions/crypto/mbedcrypto/nrf_security_src/libcrypto_service_mbedcrypto.a(psa_crypto_driver_wrappers.o)
                0x000000000000ef3a                psa_driver_wrapper_init_random
 .text.psa_driver_wrapper_get_random
                0x000000000000ef3e       0x22 secure_fw/partitions/crypto/mbedcrypto/nrf_security_src/libcrypto_service_mbedcrypto.a(psa_crypto_driver_wrappers.o)
                0x000000000000ef3e                psa_driver_wrapper_get_random
 .text.psa_driver_wrapper_free_random
                0x000000000000ef60        0x4 secure_fw/partitions/crypto/mbedcrypto/nrf_security_src/libcrypto_service_mbedcrypto.a(psa_crypto_driver_wrappers.o)
                0x000000000000ef60                psa_driver_wrapper_free_random
 .text.memcpy   0x000000000000ef64       0x4a secure_fw/partitions/lib/runtime/libtfm_sprt.a(crt_memcpy.o)
                0x000000000000ef64                memcpy
 *fill*         0x000000000000efae        0x2 
 .text.common_sfn_thread
                0x000000000000efb0       0x88 secure_fw/partitions/lib/runtime/libtfm_sprt.a(sfn_common_thread.o)
                0x000000000000efb0                common_sfn_thread
 .text.nrf_cc3xx_platform_init
                0x000000000000f038       0x44 C:/Users/petrikas.lu/Desktop/WORK/NRF/Thingy_91/external/nrfxlib/crypto/nrf_cc310_platform/lib/cortex-m33/hard-float/no-interrupts/libnrf_cc310_platform_0.9.18.a(nrf_cc3xx_platform.c.obj)
                0x000000000000f038                nrf_cc3xx_platform_init
 .text.nrf_cc3xx_platform_ctr_drbg_init
                0x000000000000f07c       0x60 C:/Users/petrikas.lu/Desktop/WORK/NRF/Thingy_91/external/nrfxlib/crypto/nrf_cc310_platform/lib/cortex-m33/hard-float/no-interrupts/libnrf_cc310_platform_0.9.18.a(nrf_cc3xx_platform_ctr_drbg.c.obj)
                0x000000000000f07c                nrf_cc3xx_platform_ctr_drbg_init
 .text.nrf_cc3xx_platform_ctr_drbg_get
                0x000000000000f0dc       0x44 C:/Users/petrikas.lu/Desktop/WORK/NRF/Thingy_91/external/nrfxlib/crypto/nrf_cc310_platform/lib/cortex-m33/hard-float/no-interrupts/libnrf_cc310_platform_0.9.18.a(nrf_cc3xx_platform_ctr_drbg.c.obj)
                0x000000000000f0dc                nrf_cc3xx_platform_ctr_drbg_get
 .text.mbedtls_zeroize_internal
                0x000000000000f120       0x14 C:/Users/petrikas.lu/Desktop/WORK/NRF/Thingy_91/external/nrfxlib/crypto/nrf_cc310_platform/lib/cortex-m33/hard-float/no-interrupts/libnrf_cc310_platform_0.9.18.a(mbedtls_common.c.obj)
                0x000000000000f120                mbedtls_zeroize_internal
 .text.mbedtls_platform_zeroize
                0x000000000000f134       0x14 C:/Users/petrikas.lu/Desktop/WORK/NRF/Thingy_91/external/nrfxlib/crypto/nrf_cc310_platform/lib/cortex-m33/hard-float/no-interrupts/libnrf_cc310_platform_0.9.18.a(mbedtls_common.c.obj)
                0x000000000000f134                mbedtls_platform_zeroize
 .text.block_cipher_df
                0x000000000000f148      0x1cc C:/Users/petrikas.lu/Desktop/WORK/NRF/Thingy_91/external/nrfxlib/crypto/nrf_cc310_platform/lib/cortex-m33/hard-float/no-interrupts/libnrf_cc310_platform_0.9.18.a(ctr_drbg.c.obj)
 .text.ctr_drbg_update_internal
                0x000000000000f314      0x148 C:/Users/petrikas.lu/Desktop/WORK/NRF/Thingy_91/external/nrfxlib/crypto/nrf_cc310_platform/lib/cortex-m33/hard-float/no-interrupts/libnrf_cc310_platform_0.9.18.a(ctr_drbg.c.obj)
 .text.mbedtls_ctr_drbg_reseed_internal
                0x000000000000f45c       0xc4 C:/Users/petrikas.lu/Desktop/WORK/NRF/Thingy_91/external/nrfxlib/crypto/nrf_cc310_platform/lib/cortex-m33/hard-float/no-interrupts/libnrf_cc310_platform_0.9.18.a(ctr_drbg.c.obj)
 .text.cc_mbedtls_ctr_drbg_init
                0x000000000000f520       0x2c C:/Users/petrikas.lu/Desktop/WORK/NRF/Thingy_91/external/nrfxlib/crypto/nrf_cc310_platform/lib/cortex-m33/hard-float/no-interrupts/libnrf_cc310_platform_0.9.18.a(ctr_drbg.c.obj)
                0x000000000000f520                cc_mbedtls_ctr_drbg_init
 .text.cc_mbedtls_ctr_drbg_seed
                0x000000000000f54c       0x9c C:/Users/petrikas.lu/Desktop/WORK/NRF/Thingy_91/external/nrfxlib/crypto/nrf_cc310_platform/lib/cortex-m33/hard-float/no-interrupts/libnrf_cc310_platform_0.9.18.a(ctr_drbg.c.obj)
                0x000000000000f54c                cc_mbedtls_ctr_drbg_seed
 .text.cc_mbedtls_ctr_drbg_random_with_add
                0x000000000000f5e8      0x1e4 C:/Users/petrikas.lu/Desktop/WORK/NRF/Thingy_91/external/nrfxlib/crypto/nrf_cc310_platform/lib/cortex-m33/hard-float/no-interrupts/libnrf_cc310_platform_0.9.18.a(ctr_drbg.c.obj)
                0x000000000000f5e8                cc_mbedtls_ctr_drbg_random_with_add
 .text.entropy_update
                0x000000000000f7cc       0x7c C:/Users/petrikas.lu/Desktop/WORK/NRF/Thingy_91/external/nrfxlib/crypto/nrf_cc310_platform/lib/cortex-m33/hard-float/no-interrupts/libnrf_cc310_platform_0.9.18.a(entropy.c.obj)
 .text.entropy_gather_internal.part.0
                0x000000000000f848       0x88 C:/Users/petrikas.lu/Desktop/WORK/NRF/Thingy_91/external/nrfxlib/crypto/nrf_cc310_platform/lib/cortex-m33/hard-float/no-interrupts/libnrf_cc310_platform_0.9.18.a(entropy.c.obj)
 .text.cc_mbedtls_entropy_init
                0x000000000000f8d0       0x84 C:/Users/petrikas.lu/Desktop/WORK/NRF/Thingy_91/external/nrfxlib/crypto/nrf_cc310_platform/lib/cortex-m33/hard-float/no-interrupts/libnrf_cc310_platform_0.9.18.a(entropy.c.obj)
                0x000000000000f8d0                cc_mbedtls_entropy_init
 .text.cc_mbedtls_entropy_func
                0x000000000000f954      0x110 C:/Users/petrikas.lu/Desktop/WORK/NRF/Thingy_91/external/nrfxlib/crypto/nrf_cc310_platform/lib/cortex-m33/hard-float/no-interrupts/libnrf_cc310_platform_0.9.18.a(entropy.c.obj)
                0x000000000000f954                cc_mbedtls_entropy_func
 .text.RndStartupTest.constprop.0
                0x000000000000fa64       0x98 C:/Users/petrikas.lu/Desktop/WORK/NRF/Thingy_91/external/nrfxlib/crypto/nrf_cc310_platform/lib/cortex-m33/hard-float/no-interrupts/libnrf_cc310_platform_0.9.18.a(cc_lib.c.obj)
 .text.CC_LibInit
                0x000000000000fafc       0xc0 C:/Users/petrikas.lu/Desktop/WORK/NRF/Thingy_91/external/nrfxlib/crypto/nrf_cc310_platform/lib/cortex-m33/hard-float/no-interrupts/libnrf_cc310_platform_0.9.18.a(cc_lib.c.obj)
                0x000000000000fafc                CC_LibInit
 .text.CC_HalInit
                0x000000000000fbbc        0x4 C:/Users/petrikas.lu/Desktop/WORK/NRF/Thingy_91/external/nrfxlib/crypto/nrf_cc310_platform/lib/cortex-m33/hard-float/no-interrupts/libnrf_cc310_platform_0.9.18.a(cc_hal.c.obj)
                0x000000000000fbbc                CC_HalInit
 .text.CC_HalTerminate
                0x000000000000fbc0        0x4 C:/Users/petrikas.lu/Desktop/WORK/NRF/Thingy_91/external/nrfxlib/crypto/nrf_cc310_platform/lib/cortex-m33/hard-float/no-interrupts/libnrf_cc310_platform_0.9.18.a(cc_hal.c.obj)
                0x000000000000fbc0                CC_HalTerminate
 .text.CC_HalClearInterruptBit
                0x000000000000fbc4       0x1c C:/Users/petrikas.lu/Desktop/WORK/NRF/Thingy_91/external/nrfxlib/crypto/nrf_cc310_platform/lib/cortex-m33/hard-float/no-interrupts/libnrf_cc310_platform_0.9.18.a(cc_hal.c.obj)
                0x000000000000fbc4                CC_HalClearInterruptBit
 .text.CC_HalMaskInterrupt
                0x000000000000fbe0        0xc C:/Users/petrikas.lu/Desktop/WORK/NRF/Thingy_91/external/nrfxlib/crypto/nrf_cc310_platform/lib/cortex-m33/hard-float/no-interrupts/libnrf_cc310_platform_0.9.18.a(cc_hal.c.obj)
                0x000000000000fbe0                CC_HalMaskInterrupt
 .text.CC_HalWaitInterrupt
                0x000000000000fbec        0xc C:/Users/petrikas.lu/Desktop/WORK/NRF/Thingy_91/external/nrfxlib/crypto/nrf_cc310_platform/lib/cortex-m33/hard-float/no-interrupts/libnrf_cc310_platform_0.9.18.a(cc_hal.c.obj)
                0x000000000000fbec                CC_HalWaitInterrupt
 .text.CC_HalWaitInterruptRND
                0x000000000000fbf8        0xc C:/Users/petrikas.lu/Desktop/WORK/NRF/Thingy_91/external/nrfxlib/crypto/nrf_cc310_platform/lib/cortex-m33/hard-float/no-interrupts/libnrf_cc310_platform_0.9.18.a(cc_hal.c.obj)
                0x000000000000fbf8                CC_HalWaitInterruptRND
 .text.CC_PalInit
                0x000000000000fc04       0x5c C:/Users/petrikas.lu/Desktop/WORK/NRF/Thingy_91/external/nrfxlib/crypto/nrf_cc310_platform/lib/cortex-m33/hard-float/no-interrupts/libnrf_cc310_platform_0.9.18.a(cc_pal.c.obj)
                0x000000000000fc04                CC_PalInit
 .text.CC_PalTerminate
                0x000000000000fc60       0x34 C:/Users/petrikas.lu/Desktop/WORK/NRF/Thingy_91/external/nrfxlib/crypto/nrf_cc310_platform/lib/cortex-m33/hard-float/no-interrupts/libnrf_cc310_platform_0.9.18.a(cc_pal.c.obj)
                0x000000000000fc60                CC_PalTerminate
 .text.CC_PalDmaInit
                0x000000000000fc94        0x4 C:/Users/petrikas.lu/Desktop/WORK/NRF/Thingy_91/external/nrfxlib/crypto/nrf_cc310_platform/lib/cortex-m33/hard-float/no-interrupts/libnrf_cc310_platform_0.9.18.a(cc_pal_dma.c.obj)
                0x000000000000fc94                CC_PalDmaInit
 .text.CC_PalDmaTerminate
                0x000000000000fc98        0x4 C:/Users/petrikas.lu/Desktop/WORK/NRF/Thingy_91/external/nrfxlib/crypto/nrf_cc310_platform/lib/cortex-m33/hard-float/no-interrupts/libnrf_cc310_platform_0.9.18.a(cc_pal_dma.c.obj)
                0x000000000000fc98                CC_PalDmaTerminate
 .text.CC_PalWaitInterruptRND
                0x000000000000fc9c       0x2c C:/Users/petrikas.lu/Desktop/WORK/NRF/Thingy_91/external/nrfxlib/crypto/nrf_cc310_platform/lib/cortex-m33/hard-float/no-interrupts/libnrf_cc310_platform_0.9.18.a(cc_pal_interrupt_ctrl.c.obj)
                0x000000000000fc9c                CC_PalWaitInterruptRND
 .text.CC_PalWaitInterrupt
                0x000000000000fcc8       0x18 C:/Users/petrikas.lu/Desktop/WORK/NRF/Thingy_91/external/nrfxlib/crypto/nrf_cc310_platform/lib/cortex-m33/hard-float/no-interrupts/libnrf_cc310_platform_0.9.18.a(cc_pal_interrupt_ctrl.c.obj)
                0x000000000000fcc8                CC_PalWaitInterrupt
 .text.CC_PalMemCopyPlat
                0x000000000000fce0        0x4 C:/Users/petrikas.lu/Desktop/WORK/NRF/Thingy_91/external/nrfxlib/crypto/nrf_cc310_platform/lib/cortex-m33/hard-float/no-interrupts/libnrf_cc310_platform_0.9.18.a(cc_pal_mem.c.obj)
                0x000000000000fce0                CC_PalMemCopyPlat
 .text.CC_PalMemSetPlat
                0x000000000000fce4        0x4 C:/Users/petrikas.lu/Desktop/WORK/NRF/Thingy_91/external/nrfxlib/crypto/nrf_cc310_platform/lib/cortex-m33/hard-float/no-interrupts/libnrf_cc310_platform_0.9.18.a(cc_pal_mem.c.obj)
                0x000000000000fce4                CC_PalMemSetPlat
 .text.CC_PalMemSetZeroPlat
                0x000000000000fce8        0x8 C:/Users/petrikas.lu/Desktop/WORK/NRF/Thingy_91/external/nrfxlib/crypto/nrf_cc310_platform/lib/cortex-m33/hard-float/no-interrupts/libnrf_cc310_platform_0.9.18.a(cc_pal_mem.c.obj)
                0x000000000000fce8                CC_PalMemSetZeroPlat
 .text.CC_PalMutexCreate
                0x000000000000fcf0       0x14 C:/Users/petrikas.lu/Desktop/WORK/NRF/Thingy_91/external/nrfxlib/crypto/nrf_cc310_platform/lib/cortex-m33/hard-float/no-interrupts/libnrf_cc310_platform_0.9.18.a(cc_pal_mutex.c.obj)
                0x000000000000fcf0                CC_PalMutexCreate
 .text.CC_PalMutexDestroy
                0x000000000000fd04       0x14 C:/Users/petrikas.lu/Desktop/WORK/NRF/Thingy_91/external/nrfxlib/crypto/nrf_cc310_platform/lib/cortex-m33/hard-float/no-interrupts/libnrf_cc310_platform_0.9.18.a(cc_pal_mutex.c.obj)
                0x000000000000fd04                CC_PalMutexDestroy
 .text.CC_PalMutexLock
                0x000000000000fd18       0x10 C:/Users/petrikas.lu/Desktop/WORK/NRF/Thingy_91/external/nrfxlib/crypto/nrf_cc310_platform/lib/cortex-m33/hard-float/no-interrupts/libnrf_cc310_platform_0.9.18.a(cc_pal_mutex.c.obj)
                0x000000000000fd18                CC_PalMutexLock
 .text.CC_PalMutexUnlock
                0x000000000000fd28       0x14 C:/Users/petrikas.lu/Desktop/WORK/NRF/Thingy_91/external/nrfxlib/crypto/nrf_cc310_platform/lib/cortex-m33/hard-float/no-interrupts/libnrf_cc310_platform_0.9.18.a(cc_pal_mutex.c.obj)
                0x000000000000fd28                CC_PalMutexUnlock
 .text.CC_PalPowerSaveModeInit
                0x000000000000fd3c       0x3c C:/Users/petrikas.lu/Desktop/WORK/NRF/Thingy_91/external/nrfxlib/crypto/nrf_cc310_platform/lib/cortex-m33/hard-float/no-interrupts/libnrf_cc310_platform_0.9.18.a(cc_pal_pm.c.obj)
                0x000000000000fd3c                CC_PalPowerSaveModeInit
 .text.CC_PalPowerSaveModeSelect
                0x000000000000fd78       0x84 C:/Users/petrikas.lu/Desktop/WORK/NRF/Thingy_91/external/nrfxlib/crypto/nrf_cc310_platform/lib/cortex-m33/hard-float/no-interrupts/libnrf_cc310_platform_0.9.18.a(cc_pal_pm.c.obj)
                0x000000000000fd78                CC_PalPowerSaveModeSelect
 .text.mutex_init
                0x000000000000fdfc        0xc C:/Users/petrikas.lu/Desktop/WORK/NRF/Thingy_91/external/nrfxlib/crypto/nrf_cc310_platform/lib/cortex-m33/hard-float/no-interrupts/libnrf_cc310_platform_0.9.18.a(threading_alt.c.obj)
                0x000000000000fdfc                mutex_init
 .text.mutex_lock
                0x000000000000fe08        0xc C:/Users/petrikas.lu/Desktop/WORK/NRF/Thingy_91/external/nrfxlib/crypto/nrf_cc310_platform/lib/cortex-m33/hard-float/no-interrupts/libnrf_cc310_platform_0.9.18.a(threading_alt.c.obj)
                0x000000000000fe08                mutex_lock
 .text.mutex_unlock
                0x000000000000fe14        0xc C:/Users/petrikas.lu/Desktop/WORK/NRF/Thingy_91/external/nrfxlib/crypto/nrf_cc310_platform/lib/cortex-m33/hard-float/no-interrupts/libnrf_cc310_platform_0.9.18.a(threading_alt.c.obj)
                0x000000000000fe14                mutex_unlock
 .text.nrf_cc3xx_platform_abort
                0x000000000000fe20       0x24 C:/Users/petrikas.lu/Desktop/WORK/NRF/Thingy_91/external/nrfxlib/crypto/nrf_cc310_platform/lib/cortex-m33/hard-float/no-interrupts/libnrf_cc310_platform_0.9.18.a(nrf_cc3xx_platform_abort.c.obj)
 .text.CC_PalAbort
                0x000000000000fe44       0x34 C:/Users/petrikas.lu/Desktop/WORK/NRF/Thingy_91/external/nrfxlib/crypto/nrf_cc310_platform/lib/cortex-m33/hard-float/no-interrupts/libnrf_cc310_platform_0.9.18.a(nrf_cc3xx_platform_abort.c.obj)
                0x000000000000fe44                CC_PalAbort
 .text.mutex_free
                0x000000000000fe78       0x34 C:/Users/petrikas.lu/Desktop/WORK/NRF/Thingy_91/external/nrfxlib/crypto/nrf_cc310_platform/lib/cortex-m33/hard-float/no-interrupts/libnrf_cc310_platform_0.9.18.a(nrf_cc3xx_platform_mutex.c.obj)
 .text.mutex_lock
                0x000000000000feac       0x48 C:/Users/petrikas.lu/Desktop/WORK/NRF/Thingy_91/external/nrfxlib/crypto/nrf_cc310_platform/lib/cortex-m33/hard-float/no-interrupts/libnrf_cc310_platform_0.9.18.a(nrf_cc3xx_platform_mutex.c.obj)
 .text.mutex_unlock
                0x000000000000fef4       0x38 C:/Users/petrikas.lu/Desktop/WORK/NRF/Thingy_91/external/nrfxlib/crypto/nrf_cc310_platform/lib/cortex-m33/hard-float/no-interrupts/libnrf_cc310_platform_0.9.18.a(nrf_cc3xx_platform_mutex.c.obj)
 .text.mutex_init
                0x000000000000ff2c       0x20 C:/Users/petrikas.lu/Desktop/WORK/NRF/Thingy_91/external/nrfxlib/crypto/nrf_cc310_platform/lib/cortex-m33/hard-float/no-interrupts/libnrf_cc310_platform_0.9.18.a(nrf_cc3xx_platform_mutex.c.obj)
 .text.startTrngHW
                0x000000000000ff4c      0x140 C:/Users/petrikas.lu/Desktop/WORK/NRF/Thingy_91/external/nrfxlib/crypto/nrf_cc310_platform/lib/cortex-m33/hard-float/no-interrupts/libnrf_cc310_platform_0.9.18.a(llf_rnd_trng90b.c.obj)
 .text.LLF_RND_RepetitionCounterTest
                0x000000000001008c       0x64 C:/Users/petrikas.lu/Desktop/WORK/NRF/Thingy_91/external/nrfxlib/crypto/nrf_cc310_platform/lib/cortex-m33/hard-float/no-interrupts/libnrf_cc310_platform_0.9.18.a(llf_rnd_trng90b.c.obj)
                0x000000000001008c                LLF_RND_RepetitionCounterTest
 .text.LLF_RND_AdaptiveProportionTest
                0x00000000000100f0       0x80 C:/Users/petrikas.lu/Desktop/WORK/NRF/Thingy_91/external/nrfxlib/crypto/nrf_cc310_platform/lib/cortex-m33/hard-float/no-interrupts/libnrf_cc310_platform_0.9.18.a(llf_rnd_trng90b.c.obj)
                0x00000000000100f0                LLF_RND_AdaptiveProportionTest
 .text.getTrngSource
                0x0000000000010170      0x2b4 C:/Users/petrikas.lu/Desktop/WORK/NRF/Thingy_91/external/nrfxlib/crypto/nrf_cc310_platform/lib/cortex-m33/hard-float/no-interrupts/libnrf_cc310_platform_0.9.18.a(llf_rnd_trng90b.c.obj)
 .text.LLF_RND_GetTrngSource
                0x0000000000010424       0x18 C:/Users/petrikas.lu/Desktop/WORK/NRF/Thingy_91/external/nrfxlib/crypto/nrf_cc310_platform/lib/cortex-m33/hard-float/no-interrupts/libnrf_cc310_platform_0.9.18.a(llf_rnd_trng90b.c.obj)
                0x0000000000010424                LLF_RND_GetTrngSource
 .text.LLF_RND_RunTrngStartupTest
                0x000000000001043c       0x1c C:/Users/petrikas.lu/Desktop/WORK/NRF/Thingy_91/external/nrfxlib/crypto/nrf_cc310_platform/lib/cortex-m33/hard-float/no-interrupts/libnrf_cc310_platform_0.9.18.a(llf_rnd_trng90b.c.obj)
                0x000000000001043c                LLF_RND_RunTrngStartupTest
 .text.mbedtls_hardware_poll
                0x0000000000010458       0xfc C:/Users/petrikas.lu/Desktop/WORK/NRF/Thingy_91/external/nrfxlib/crypto/nrf_cc310_platform/lib/cortex-m33/hard-float/no-interrupts/libnrf_cc310_platform_0.9.18.a(trng_api.c.obj)
                0x0000000000010458                mbedtls_hardware_poll
 .text.cc_mbedtls_aes_init
                0x0000000000010554       0x20 C:/Users/petrikas.lu/Desktop/WORK/NRF/Thingy_91/external/nrfxlib/crypto/nrf_cc310_platform/lib/cortex-m33/hard-float/no-interrupts/libnrf_cc310_platform_0.9.18.a(aes_alt.c.obj)
                0x0000000000010554                cc_mbedtls_aes_init
 .text.cc_mbedtls_aes_free
                0x0000000000010574        0xc C:/Users/petrikas.lu/Desktop/WORK/NRF/Thingy_91/external/nrfxlib/crypto/nrf_cc310_platform/lib/cortex-m33/hard-float/no-interrupts/libnrf_cc310_platform_0.9.18.a(aes_alt.c.obj)
                0x0000000000010574                cc_mbedtls_aes_free
 .text.cc_mbedtls_aes_setkey_enc
                0x0000000000010580       0x34 C:/Users/petrikas.lu/Desktop/WORK/NRF/Thingy_91/external/nrfxlib/crypto/nrf_cc310_platform/lib/cortex-m33/hard-float/no-interrupts/libnrf_cc310_platform_0.9.18.a(aes_alt.c.obj)
                0x0000000000010580                cc_mbedtls_aes_setkey_enc
 .text.cc_mbedtls_aes_crypt_ecb
                0x00000000000105b4       0x50 C:/Users/petrikas.lu/Desktop/WORK/NRF/Thingy_91/external/nrfxlib/crypto/nrf_cc310_platform/lib/cortex-m33/hard-float/no-interrupts/libnrf_cc310_platform_0.9.18.a(aes_alt.c.obj)
                0x00000000000105b4                cc_mbedtls_aes_crypt_ecb
 .text.cc_mbedtls_sha256_init
                0x0000000000010604       0x28 C:/Users/petrikas.lu/Desktop/WORK/NRF/Thingy_91/external/nrfxlib/crypto/nrf_cc310_platform/lib/cortex-m33/hard-float/no-interrupts/libnrf_cc310_platform_0.9.18.a(sha256_alt.c.obj)
                0x0000000000010604                cc_mbedtls_sha256_init
 .text.cc_mbedtls_sha256_free
                0x000000000001062c        0xc C:/Users/petrikas.lu/Desktop/WORK/NRF/Thingy_91/external/nrfxlib/crypto/nrf_cc310_platform/lib/cortex-m33/hard-float/no-interrupts/libnrf_cc310_platform_0.9.18.a(sha256_alt.c.obj)
                0x000000000001062c                cc_mbedtls_sha256_free
 .text.cc_mbedtls_sha256_starts
                0x0000000000010638       0x28 C:/Users/petrikas.lu/Desktop/WORK/NRF/Thingy_91/external/nrfxlib/crypto/nrf_cc310_platform/lib/cortex-m33/hard-float/no-interrupts/libnrf_cc310_platform_0.9.18.a(sha256_alt.c.obj)
                0x0000000000010638                cc_mbedtls_sha256_starts
 .text.cc_mbedtls_sha256_update
                0x0000000000010660       0x54 C:/Users/petrikas.lu/Desktop/WORK/NRF/Thingy_91/external/nrfxlib/crypto/nrf_cc310_platform/lib/cortex-m33/hard-float/no-interrupts/libnrf_cc310_platform_0.9.18.a(sha256_alt.c.obj)
                0x0000000000010660                cc_mbedtls_sha256_update
 .text.cc_mbedtls_sha256_finish
                0x00000000000106b4       0x48 C:/Users/petrikas.lu/Desktop/WORK/NRF/Thingy_91/external/nrfxlib/crypto/nrf_cc310_platform/lib/cortex-m33/hard-float/no-interrupts/libnrf_cc310_platform_0.9.18.a(sha256_alt.c.obj)
                0x00000000000106b4                cc_mbedtls_sha256_finish
 .text.mbedtls_sha_starts_internal
                0x00000000000106fc       0x28 C:/Users/petrikas.lu/Desktop/WORK/NRF/Thingy_91/external/nrfxlib/crypto/nrf_cc310_platform/lib/cortex-m33/hard-float/no-interrupts/libnrf_cc310_platform_0.9.18.a(mbedtls_hash_common.c.obj)
                0x00000000000106fc                mbedtls_sha_starts_internal
 .text.mbedtls_sha_finish_internal
                0x0000000000010724       0x5c C:/Users/petrikas.lu/Desktop/WORK/NRF/Thingy_91/external/nrfxlib/crypto/nrf_cc310_platform/lib/cortex-m33/hard-float/no-interrupts/libnrf_cc310_platform_0.9.18.a(mbedtls_hash_common.c.obj)
                0x0000000000010724                mbedtls_sha_finish_internal
 .text.mbedtls_sha_update_internal
                0x0000000000010780      0x1ec C:/Users/petrikas.lu/Desktop/WORK/NRF/Thingy_91/external/nrfxlib/crypto/nrf_cc310_platform/lib/cortex-m33/hard-float/no-interrupts/libnrf_cc310_platform_0.9.18.a(mbedtls_hash_common.c.obj)
                0x0000000000010780                mbedtls_sha_update_internal
 .text.cc_mbedtls_sha256
                0x000000000001096c       0x50 C:/Users/petrikas.lu/Desktop/WORK/NRF/Thingy_91/external/nrfxlib/crypto/nrf_cc310_platform/lib/cortex-m33/hard-float/no-interrupts/libnrf_cc310_platform_0.9.18.a(sha256.c.obj)
                0x000000000001096c                cc_mbedtls_sha256
 .text.RNG_PLAT_SetUserRngParameters
                0x00000000000109bc       0x74 C:/Users/petrikas.lu/Desktop/WORK/NRF/Thingy_91/external/nrfxlib/crypto/nrf_cc310_platform/lib/cortex-m33/hard-float/no-interrupts/libnrf_cc310_platform_0.9.18.a(cc_rng_plat.c.obj)
                0x00000000000109bc                RNG_PLAT_SetUserRngParameters
 .text.CC_PalTrngParamGet
                0x0000000000010a30      0x114 C:/Users/petrikas.lu/Desktop/WORK/NRF/Thingy_91/external/nrfxlib/crypto/nrf_cc310_platform/lib/cortex-m33/hard-float/no-interrupts/libnrf_cc310_platform_0.9.18.a(cc_pal_trng.c.obj)
                0x0000000000010a30                CC_PalTrngParamGet
 .text.LLF_RND_WaitRngInterrupt
                0x0000000000010b44       0x20 C:/Users/petrikas.lu/Desktop/WORK/NRF/Thingy_91/external/nrfxlib/crypto/nrf_cc310_platform/lib/cortex-m33/hard-float/no-interrupts/libnrf_cc310_platform_0.9.18.a(llf_rnd.c.obj)
                0x0000000000010b44                LLF_RND_WaitRngInterrupt
 .text.LLF_RND_GetRoscSampleCnt
                0x0000000000010b64       0x34 C:/Users/petrikas.lu/Desktop/WORK/NRF/Thingy_91/external/nrfxlib/crypto/nrf_cc310_platform/lib/cortex-m33/hard-float/no-interrupts/libnrf_cc310_platform_0.9.18.a(llf_rnd.c.obj)
                0x0000000000010b64                LLF_RND_GetRoscSampleCnt
 .text.LLF_RND_GetFastestRosc
                0x0000000000010b98       0x20 C:/Users/petrikas.lu/Desktop/WORK/NRF/Thingy_91/external/nrfxlib/crypto/nrf_cc310_platform/lib/cortex-m33/hard-float/no-interrupts/libnrf_cc310_platform_0.9.18.a(llf_rnd.c.obj)
                0x0000000000010b98                LLF_RND_GetFastestRosc
 .text.LLF_RND_TurnOffTrng
                0x0000000000010bb8       0x18 C:/Users/petrikas.lu/Desktop/WORK/NRF/Thingy_91/external/nrfxlib/crypto/nrf_cc310_platform/lib/cortex-m33/hard-float/no-interrupts/libnrf_cc310_platform_0.9.18.a(llf_rnd.c.obj)
                0x0000000000010bb8                LLF_RND_TurnOffTrng
 .text.SetDataBuffersInfo
                0x0000000000010bd0       0x68 C:/Users/petrikas.lu/Desktop/WORK/NRF/Thingy_91/external/nrfxlib/crypto/nrf_cc310_platform/lib/cortex-m33/hard-float/no-interrupts/libnrf_cc310_platform_0.9.18.a(driver_common.c.obj)
                0x0000000000010bd0                SetDataBuffersInfo
 .text.InitHashDrv
                0x0000000000010c38       0x50 C:/Users/petrikas.lu/Desktop/WORK/NRF/Thingy_91/external/nrfxlib/crypto/nrf_cc310_platform/lib/cortex-m33/hard-float/no-interrupts/libnrf_cc310_platform_0.9.18.a(hash_driver.c.obj)
                0x0000000000010c38                InitHashDrv
 .text.ProcessHashDrv
                0x0000000000010c88      0x22c C:/Users/petrikas.lu/Desktop/WORK/NRF/Thingy_91/external/nrfxlib/crypto/nrf_cc310_platform/lib/cortex-m33/hard-float/no-interrupts/libnrf_cc310_platform_0.9.18.a(hash_driver.c.obj)
                0x0000000000010c88                ProcessHashDrv
 .text.FinishHashDrv
                0x0000000000010eb4       0x74 C:/Users/petrikas.lu/Desktop/WORK/NRF/Thingy_91/external/nrfxlib/crypto/nrf_cc310_platform/lib/cortex-m33/hard-float/no-interrupts/libnrf_cc310_platform_0.9.18.a(hash_driver.c.obj)
                0x0000000000010eb4                FinishHashDrv
 .text.LoadAesKey
                0x0000000000010f28       0xe8 C:/Users/petrikas.lu/Desktop/WORK/NRF/Thingy_91/external/nrfxlib/crypto/nrf_cc310_platform/lib/cortex-m33/hard-float/no-interrupts/libnrf_cc310_platform_0.9.18.a(aes_driver.c.obj)
 .text.InitAes.part.0
                0x0000000000011010       0xe4 C:/Users/petrikas.lu/Desktop/WORK/NRF/Thingy_91/external/nrfxlib/crypto/nrf_cc310_platform/lib/cortex-m33/hard-float/no-interrupts/libnrf_cc310_platform_0.9.18.a(aes_driver.c.obj)
 .text.write_invalid_key
                0x00000000000110f4       0x30 C:/Users/petrikas.lu/Desktop/WORK/NRF/Thingy_91/external/nrfxlib/crypto/nrf_cc310_platform/lib/cortex-m33/hard-float/no-interrupts/libnrf_cc310_platform_0.9.18.a(aes_driver.c.obj)
                0x00000000000110f4                write_invalid_key
 .text.ProcessAesDrv
                0x0000000000011124      0x368 C:/Users/petrikas.lu/Desktop/WORK/NRF/Thingy_91/external/nrfxlib/crypto/nrf_cc310_platform/lib/cortex-m33/hard-float/no-interrupts/libnrf_cc310_platform_0.9.18.a(aes_driver.c.obj)
                0x0000000000011124                ProcessAesDrv
 .text.FinishAesDrv
                0x000000000001148c      0x254 C:/Users/petrikas.lu/Desktop/WORK/NRF/Thingy_91/external/nrfxlib/crypto/nrf_cc310_platform/lib/cortex-m33/hard-float/no-interrupts/libnrf_cc310_platform_0.9.18.a(aes_driver.c.obj)
                0x000000000001148c                FinishAesDrv
 .text.kmu_validate_slot_and_size
                0x00000000000116e0       0x2c C:/Users/petrikas.lu/Desktop/WORK/NRF/Thingy_91/external/nrfxlib/crypto/nrf_cc310_platform/lib/cortex-m33/hard-float/no-interrupts/libnrf_cc310_platform_0.9.18.a(kmu_shared.c.obj)
                0x00000000000116e0                kmu_validate_slot_and_size
 .text.kmu_validate_slot_and_size_no_kdr
                0x000000000001170c       0x80 C:/Users/petrikas.lu/Desktop/WORK/NRF/Thingy_91/external/nrfxlib/crypto/nrf_cc310_platform/lib/cortex-m33/hard-float/no-interrupts/libnrf_cc310_platform_0.9.18.a(kmu_shared.c.obj)
                0x000000000001170c                kmu_validate_slot_and_size_no_kdr
 .text.kmu_validate_kdr_slot_and_size
                0x000000000001178c       0x48 C:/Users/petrikas.lu/Desktop/WORK/NRF/Thingy_91/external/nrfxlib/crypto/nrf_cc310_platform/lib/cortex-m33/hard-float/no-interrupts/libnrf_cc310_platform_0.9.18.a(kmu_shared.c.obj)
                0x000000000001178c                kmu_validate_kdr_slot_and_size
 .text.kmu_use_kdr_key
                0x00000000000117d4       0x14 C:/Users/petrikas.lu/Desktop/WORK/NRF/Thingy_91/external/nrfxlib/crypto/nrf_cc310_platform/lib/cortex-m33/hard-float/no-interrupts/libnrf_cc310_platform_0.9.18.a(kmu_shared.c.obj)
                0x00000000000117d4                kmu_use_kdr_key
 .text.kmu_load_key_aes
                0x00000000000117e8       0x94 C:/Users/petrikas.lu/Desktop/WORK/NRF/Thingy_91/external/nrfxlib/crypto/nrf_cc310_platform/lib/cortex-m33/hard-float/no-interrupts/libnrf_cc310_platform_0.9.18.a(kmu_shared.c.obj)
                0x00000000000117e8                kmu_load_key_aes
 *fill*         0x000000000001187c        0x4 
 .text.kmu_derive_cmac
                0x0000000000011880      0x178 C:/Users/petrikas.lu/Desktop/WORK/NRF/Thingy_91/external/nrfxlib/crypto/nrf_cc310_platform/lib/cortex-m33/hard-float/no-interrupts/libnrf_cc310_platform_0.9.18.a(kmu_shared.c.obj)
                0x0000000000011880                kmu_derive_cmac
 .text.UtilCmacBuildDataForDerivation
                0x00000000000119f8       0xc0 C:/Users/petrikas.lu/Desktop/WORK/NRF/Thingy_91/external/nrfxlib/crypto/nrf_cc310_platform/lib/cortex-m33/hard-float/no-interrupts/libnrf_cc310_platform_0.9.18.a(cc_util_cmac.c.obj)
                0x00000000000119f8                UtilCmacBuildDataForDerivation
 .text.CC_PalDataBufferAttrGet
                0x0000000000011ab8        0x8 C:/Users/petrikas.lu/Desktop/WORK/NRF/Thingy_91/external/nrfxlib/crypto/nrf_cc310_platform/lib/cortex-m33/hard-float/no-interrupts/libnrf_cc310_platform_0.9.18.a(cc_pal_buff_attr.c.obj)
                0x0000000000011ab8                CC_PalDataBufferAttrGet
 .text          0x0000000000011ac0       0xc8 c:/ncs/toolchains/c57af46cb7/opt/zephyr-sdk/arm-zephyr-eabi/bin/../lib/gcc/arm-zephyr-eabi/12.2.0/thumb/v8-m.main+fp/hard\libgcc.a(cmse.o)
                0x0000000000011ac0                cmse_check_address_range
 .text.exit     0x0000000000011b88       0x28 c:/ncs/toolchains/c57af46cb7/opt/zephyr-sdk/arm-zephyr-eabi/bin/../lib/gcc/arm-zephyr-eabi/12.2.0/../../../../arm-zephyr-eabi/lib/thumb/v8-m.main+fp/hard\libc_nano.a(lib_a-exit.o)
                0x0000000000011b88                exit
 .text.__libc_init_array
                0x0000000000011bb0       0x48 c:/ncs/toolchains/c57af46cb7/opt/zephyr-sdk/arm-zephyr-eabi/bin/../lib/gcc/arm-zephyr-eabi/12.2.0/../../../../arm-zephyr-eabi/lib/thumb/v8-m.main+fp/hard\libc_nano.a(lib_a-init.o)
                0x0000000000011bb0                __libc_init_array
 .text.memmove  0x0000000000011bf8       0x34 c:/ncs/toolchains/c57af46cb7/opt/zephyr-sdk/arm-zephyr-eabi/bin/../lib/gcc/arm-zephyr-eabi/12.2.0/../../../../arm-zephyr-eabi/lib/thumb/v8-m.main+fp/hard\libc_nano.a(lib_a-memmove.o)
                0x0000000000011bf8                memmove
 .text._exit    0x0000000000011c2c        0x4 c:/ncs/toolchains/c57af46cb7/opt/zephyr-sdk/arm-zephyr-eabi/bin/../lib/gcc/arm-zephyr-eabi/12.2.0/../../../../arm-zephyr-eabi/lib/thumb/v8-m.main+fp/hard\libnosys.a(_exit.o)
                0x0000000000011c2c                _exit
 *(.init)
 .init          0x0000000000011c30        0x4 c:/ncs/toolchains/c57af46cb7/opt/zephyr-sdk/arm-zephyr-eabi/bin/../lib/gcc/arm-zephyr-eabi/12.2.0/thumb/v8-m.main+fp/hard/crti.o
                0x0000000000011c30                _init
 .init          0x0000000000011c34        0x8 c:/ncs/toolchains/c57af46cb7/opt/zephyr-sdk/arm-zephyr-eabi/bin/../lib/gcc/arm-zephyr-eabi/12.2.0/thumb/v8-m.main+fp/hard/crtn.o
 *(.fini)
 .fini          0x0000000000011c3c        0x4 c:/ncs/toolchains/c57af46cb7/opt/zephyr-sdk/arm-zephyr-eabi/bin/../lib/gcc/arm-zephyr-eabi/12.2.0/thumb/v8-m.main+fp/hard/crti.o
                0x0000000000011c3c                _fini
 .fini          0x0000000000011c40        0x8 c:/ncs/toolchains/c57af46cb7/opt/zephyr-sdk/arm-zephyr-eabi/bin/../lib/gcc/arm-zephyr-eabi/12.2.0/thumb/v8-m.main+fp/hard/crtn.o
 *crtbegin.o(.ctors)
 *crtbegin?.o(.ctors)
 *(EXCLUDE_FILE(*crtend.o *crtend?.o) .ctors)
 *(SORT_BY_NAME(.ctors.*))
 *(.ctors)
 *crtbegin.o(.dtors)
 *crtbegin?.o(.dtors)
 *(EXCLUDE_FILE(*crtend.o *crtend?.o) .dtors)
 *(SORT_BY_NAME(.dtors.*))
 *(.dtors)
 *(.rodata*)
 .rodata.str1.1
                0x0000000000011c48        0xb secure_fw/CMakeFiles/tfm_s.dir/__/generated/secure_fw/partitions/crypto/auto_generated/load_info_tfm_crypto.o
 .rodata.str1.1
                0x0000000000011c53       0x15 secure_fw/CMakeFiles/tfm_s.dir/__/generated/secure_fw/partitions/platform/auto_generated/load_info_tfm_platform.o
 .rodata.psa_api_cross
                0x0000000000011c68       0x2c secure_fw/partitions/lib/runtime/libtfm_sprt.a(psa_interface_cross.o)
                0x0000000000011c68                psa_api_cross
 .rodata.CSWTCH.10
                0x0000000000011c94       0x1c C:/Users/petrikas.lu/Desktop/WORK/NRF/Thingy_91/external/nrfxlib/crypto/nrf_cc310_platform/lib/cortex-m33/hard-float/no-interrupts/libnrf_cc310_platform_0.9.18.a(nrf_cc3xx_platform.c.obj)
 .rodata.RndStartupTest.constprop.0.str1.4
                0x0000000000011cb0       0x6f C:/Users/petrikas.lu/Desktop/WORK/NRF/Thingy_91/external/nrfxlib/crypto/nrf_cc310_platform/lib/cortex-m33/hard-float/no-interrupts/libnrf_cc310_platform_0.9.18.a(cc_lib.c.obj)
 *fill*         0x0000000000011d1f        0x1 
 .rodata.CC_PalPowerSaveModeInit.str1.4
                0x0000000000011d20       0x20 C:/Users/petrikas.lu/Desktop/WORK/NRF/Thingy_91/external/nrfxlib/crypto/nrf_cc310_platform/lib/cortex-m33/hard-float/no-interrupts/libnrf_cc310_platform_0.9.18.a(cc_pal_pm.c.obj)
 .rodata.mutex_free.str1.4
                0x0000000000011d40       0x26 C:/Users/petrikas.lu/Desktop/WORK/NRF/Thingy_91/external/nrfxlib/crypto/nrf_cc310_platform/lib/cortex-m33/hard-float/no-interrupts/libnrf_cc310_platform_0.9.18.a(nrf_cc3xx_platform_mutex.c.obj)
 *fill*         0x0000000000011d66        0x2 
 .rodata.mutex_init.str1.4
                0x0000000000011d68       0x23 C:/Users/petrikas.lu/Desktop/WORK/NRF/Thingy_91/external/nrfxlib/crypto/nrf_cc310_platform/lib/cortex-m33/hard-float/no-interrupts/libnrf_cc310_platform_0.9.18.a(nrf_cc3xx_platform_mutex.c.obj)
 *fill*         0x0000000000011d8b        0x1 
 .rodata.mbedtls_hardware_poll.str1.4